Archive member included to satisfy reference by file (symbol)

../../../../libtock/build/cortex-m3/libtock.a(crt0.o)
                              (_start)
../../../../libtock/build/cortex-m3/libtock.a(ipc.o)
                              build/cortex-m3/main.o (ipc_discover)
../../../../libtock/build/cortex-m3/libtock.a(tock.o)
                              ../../../../libtock/build/cortex-m3/libtock.a(ipc.o) (tock_status_to_returncode)
../../../../libtock-sync/build/cortex-m3/libtocksync.a(alarm.o)
                              build/cortex-m3/main.o (libtocksync_alarm_delay_ms)
../../../../lib/libtock-newlib-4.3.0.20230120/arm/arm-none-eabi/lib/thumb/v7-m/nofp/libc.a(libc_a-puts.o)
                              build/cortex-m3/main.o (puts)
../../../../lib/libtock-newlib-4.3.0.20230120/arm/arm-none-eabi/lib/thumb/v7-m/nofp/libc.a(libc_a-findfp.o)
                              ../../../../lib/libtock-newlib-4.3.0.20230120/arm/arm-none-eabi/lib/thumb/v7-m/nofp/libc.a(libc_a-puts.o) (__sinit)
../../../../lib/libtock-newlib-4.3.0.20230120/arm/arm-none-eabi/lib/thumb/v7-m/nofp/libc.a(libc_a-fflush.o)
                              ../../../../lib/libtock-newlib-4.3.0.20230120/arm/arm-none-eabi/lib/thumb/v7-m/nofp/libc.a(libc_a-findfp.o) (_fflush_r)
../../../../lib/libtock-newlib-4.3.0.20230120/arm/arm-none-eabi/lib/thumb/v7-m/nofp/libc.a(libc_a-mallocr.o)
                              ../../../../lib/libtock-newlib-4.3.0.20230120/arm/arm-none-eabi/lib/thumb/v7-m/nofp/libc.a(libc_a-findfp.o) (_malloc_r)
../../../../lib/libtock-newlib-4.3.0.20230120/arm/arm-none-eabi/lib/thumb/v7-m/nofp/libc.a(libc_a-freer.o)
                              ../../../../lib/libtock-newlib-4.3.0.20230120/arm/arm-none-eabi/lib/thumb/v7-m/nofp/libc.a(libc_a-fflush.o) (_free_r)
../../../../lib/libtock-newlib-4.3.0.20230120/arm/arm-none-eabi/lib/thumb/v7-m/nofp/libc.a(libc_a-memset.o)
                              ../../../../libtock/build/cortex-m3/libtock.a(crt0.o) (memset)
../../../../lib/libtock-newlib-4.3.0.20230120/arm/arm-none-eabi/lib/thumb/v7-m/nofp/libc.a(libc_a-fwalk.o)
                              ../../../../lib/libtock-newlib-4.3.0.20230120/arm/arm-none-eabi/lib/thumb/v7-m/nofp/libc.a(libc_a-findfp.o) (_fwalk_sglue)
../../../../lib/libtock-newlib-4.3.0.20230120/arm/arm-none-eabi/lib/thumb/v7-m/nofp/libc.a(libc_a-strlen.o)
                              ../../../../libtock/build/cortex-m3/libtock.a(ipc.o) (strlen)
../../../../lib/libtock-newlib-4.3.0.20230120/arm/arm-none-eabi/lib/thumb/v7-m/nofp/libc.a(libc_a-impure.o)
                              ../../../../lib/libtock-newlib-4.3.0.20230120/arm/arm-none-eabi/lib/thumb/v7-m/nofp/libc.a(libc_a-puts.o) (_impure_ptr)
../../../../lib/libtock-newlib-4.3.0.20230120/arm/arm-none-eabi/lib/thumb/v7-m/nofp/libc.a(libc_a-mlock.o)
                              ../../../../lib/libtock-newlib-4.3.0.20230120/arm/arm-none-eabi/lib/thumb/v7-m/nofp/libc.a(libc_a-mallocr.o) (__malloc_lock)
../../../../lib/libtock-newlib-4.3.0.20230120/arm/arm-none-eabi/lib/thumb/v7-m/nofp/libc.a(libc_a-exit.o)
                              ../../../../libtock/build/cortex-m3/libtock.a(crt0.o) (exit)
../../../../lib/libtock-newlib-4.3.0.20230120/arm/arm-none-eabi/lib/thumb/v7-m/nofp/libc.a(libc_a-memcpy-stub.o)
                              ../../../../libtock/build/cortex-m3/libtock.a(crt0.o) (memcpy)
../../../../lib/libtock-newlib-4.3.0.20230120/arm/arm-none-eabi/lib/thumb/v7-m/nofp/libc.a(libc_a-printf.o)
                              build/cortex-m3/main.o (printf)
../../../../lib/libtock-newlib-4.3.0.20230120/arm/arm-none-eabi/lib/thumb/v7-m/nofp/libc.a(libc_a-nano-vfprintf.o)
                              ../../../../lib/libtock-newlib-4.3.0.20230120/arm/arm-none-eabi/lib/thumb/v7-m/nofp/libc.a(libc_a-printf.o) (_vfprintf_r)
../../../../lib/libtock-newlib-4.3.0.20230120/arm/arm-none-eabi/lib/thumb/v7-m/nofp/libc.a(libc_a-wbuf.o)
                              ../../../../lib/libtock-newlib-4.3.0.20230120/arm/arm-none-eabi/lib/thumb/v7-m/nofp/libc.a(libc_a-puts.o) (__swbuf_r)
../../../../lib/libtock-newlib-4.3.0.20230120/arm/arm-none-eabi/lib/thumb/v7-m/nofp/libc.a(libc_a-stdio.o)
                              ../../../../lib/libtock-newlib-4.3.0.20230120/arm/arm-none-eabi/lib/thumb/v7-m/nofp/libc.a(libc_a-findfp.o) (__sread)
../../../../lib/libtock-newlib-4.3.0.20230120/arm/arm-none-eabi/lib/thumb/v7-m/nofp/libc.a(libc_a-sbrkr.o)
                              ../../../../lib/libtock-newlib-4.3.0.20230120/arm/arm-none-eabi/lib/thumb/v7-m/nofp/libc.a(libc_a-mallocr.o) (_sbrk_r)
../../../../lib/libtock-newlib-4.3.0.20230120/arm/arm-none-eabi/lib/thumb/v7-m/nofp/libc.a(libc_a-fvwrite.o)
                              ../../../../lib/libtock-newlib-4.3.0.20230120/arm/arm-none-eabi/lib/thumb/v7-m/nofp/libc.a(libc_a-nano-vfprintf.o) (__sfvwrite_r)
../../../../lib/libtock-newlib-4.3.0.20230120/arm/arm-none-eabi/lib/thumb/v7-m/nofp/libc.a(libc_a-wsetup.o)
[...]
Memory Configuration

Name             Origin             Length             Attributes
FLASH            0x80000000         0x00070000         xr
SRAM             0x00000000         0x00010000         xrw
*default*        0x00000000         0xffffffff

Linker script and memory map

                0x00000800                        STACK_SIZE = 0x800
                0x00000400                        APP_HEAP_SIZE = 0x400
                0x00000400                        KERNEL_HEAP_SIZE = 0x400
START GROUP
LOAD build/cortex-m3/main.o
LOAD ../../../../libtock/build/cortex-m3/libtock.a
LOAD ../../../../libtock-sync/build/cortex-m3/libtocksync.a
LOAD ../../../../lib/libtock-newlib-4.3.0.20230120/arm/arm-none-eabi/lib/thumb/v7-m/nofp/libc.a
LOAD ../../../../lib/libtock-newlib-4.3.0.20230120/arm/arm-none-eabi/lib/thumb/v7-m/nofp/libm.a
LOAD ../../../../lib/libtock-libc++-13.2.0/arm/arm-none-eabi/lib/thumb/v7-m/nofp/libstdc++.a
LOAD ../../../../lib/libtock-libc++-13.2.0/arm/arm-none-eabi/lib/thumb/v7-m/nofp/libsupc++.a
LOAD ../../../../lib/libtock-libc++-13.2.0/arm/lib/gcc/arm-none-eabi/13.2.0/thumb/v7-m/nofp/libgcc.a
END GROUP
                0x00070000                        PROG_LENGTH = 0x70000
                0x00010000                        RAM_LENGTH = 0x10000

.crt0_header    0x80000000       0x28
                0x80000000        0x4 LONG 0x1ce4 (LOADADDR (.got) - ORIGIN (FLASH))
                0x80000004        0x4 LONG 0x800 (_got - ORIGIN (SRAM))
                0x80000008        0x4 LONG 0xd0 SIZEOF (.got)
                0x8000000c        0x4 LONG 0x1db4 (LOADADDR (.data) - ORIGIN (FLASH))
                0x80000010        0x4 LONG 0x8d0 (_data - ORIGIN (SRAM))
                0x80000014        0x4 LONG 0x60 SIZEOF (.data)
                0x80000018        0x4 LONG 0x940 (_bss - ORIGIN (SRAM))
                0x8000001c        0x4 LONG 0x328 SIZEOF (.bss)
                0x80000020        0x4 LONG 0x1e14 (LOADADDR (.endflash) - ORIGIN (FLASH))
                0x80000024        0x4 LONG 0x800 STACK_SIZE

.wfr.app_state  0x80000028        0x0
 *(.app_state)
                0x80000028                        . = ALIGN (0x4)

.text           0x80000028     0x1cbc
                0x80000028                        . = ALIGN (0x4)
                0x80000028                        _text = .
 *(.start)
 .start         0x80000028       0x42 ../../../../libtock/build/cortex-m3/libtock.a(crt0.o)
                0x80000028                _start
 *(.text*)
 *fill*         0x8000006a        0x2 ff
 .text.ipc_callback
                0x8000006c       0x10 build/cortex-m3/main.o
 .text.startup.main
                0x8000007c       0x74 build/cortex-m3/main.o
                0x8000007c                main
 .text._c_start_pic
                0x800000f0       0x7e ../../../../libtock/build/cortex-m3/libtock.a(crt0.o)
                0x800000f0                _c_start_pic
 .text.ipc_discover
                0x8000016e       0x78 ../../../../libtock/build/cortex-m3/libtock.a(ipc.o)
                0x8000016e                ipc_discover
 .text.ipc_register_client_callback
                0x800001e6       0x24 ../../../../libtock/build/cortex-m3/libtock.a(ipc.o)
                0x800001e6                ipc_register_client_callback
 .text.ipc_share
                0x8000020a       0x24 ../../../../libtock/build/cortex-m3/libtock.a(ipc.o)
                0x8000020a                ipc_share
 .text.tock_status_to_returncode
                0x8000022e        0x4 ../../../../libtock/build/cortex-m3/libtock.a(tock.o)
                0x8000022e                tock_status_to_returncode
 *fill*         0x80000232        0x2 ff
 .text.tock_command_return_novalue_to_returncode
                0x80000234       0x2c ../../../../libtock/build/cortex-m3/libtock.a(tock.o)
                0x80000234                tock_command_return_novalue_to_returncode
 .text.tock_command_return_u32_to_returncode
                0x80000260       0x30 ../../../../libtock/build/cortex-m3/libtock.a(tock.o)
                0x80000260                tock_command_return_u32_to_returncode
 .text.tock_subscribe_return_to_returncode
                0x80000290       0x20 ../../../../libtock/build/cortex-m3/libtock.a(tock.o)
                0x80000290                tock_subscribe_return_to_returncode
 .text.tock_allow_rw_return_to_returncode
                0x800002b0       0x20 ../../../../libtock/build/cortex-m3/libtock.a(tock.o)
                0x800002b0                tock_allow_rw_return_to_returncode
 .text.tock_allow_ro_return_to_returncode
                0x800002d0       0x20 ../../../../libtock/build/cortex-m3/libtock.a(tock.o)
                0x800002d0                tock_allow_ro_return_to_returncode
 .text.yield_check_tasks
                0x800002f0       0x54 ../../../../libtock/build/cortex-m3/libtock.a(tock.o)
                0x800002f0                yield_check_tasks
 .text.yield    0x80000344       0x10 ../../../../libtock/build/cortex-m3/libtock.a(tock.o)
                0x80000344                yield
 .text.yield_for
                0x80000354       0x10 ../../../../libtock/build/cortex-m3/libtock.a(tock.o)
                0x80000354                yield_for
 .text.tock_exit
                0x80000364        0x6 ../../../../libtock/build/cortex-m3/libtock.a(tock.o)
                0x80000364                tock_exit
 .text.subscribe
                0x8000036a       0x38 ../../../../libtock/build/cortex-m3/libtock.a(tock.o)
                0x8000036a                subscribe
 .text.command  0x800003a2       0x1a ../../../../libtock/build/cortex-m3/libtock.a(tock.o)
                0x800003a2                command
 .text.allow_readonly
                0x800003bc       0x38 ../../../../libtock/build/cortex-m3/libtock.a(tock.o)
                0x800003bc                allow_readonly
 .text.allow_readwrite
                0x800003f4       0x38 ../../../../libtock/build/cortex-m3/libtock.a(tock.o)
                0x800003f4                allow_readwrite
 .text.memop    0x8000042c       0x30 ../../../../libtock/build/cortex-m3/libtock.a(tock.o)
                0x8000042c                memop
 .text.delay_cb
                0x8000045c       0x10 ../../../../libtock-sync/build/cortex-m3/libtocksync.a(alarm.o)
 .text.libtocksync_alarm_delay_ms
                0x8000046c       0x34 ../../../../libtock-sync/build/cortex-m3/libtocksync.a(alarm.o)
                0x8000046c                libtocksync_alarm_delay_ms
 .text._puts_r  0x800004a0       0x82 ../../../../lib/libtock-newlib-4.3.0.20230120/arm/arm-none-eabi/lib/thumb/v7-m/nofp/libc.a(libc_a-puts.o)
                0x800004a0                _puts_r
 *fill*         0x80000522        0x2 ff
 .text.puts     0x80000524       0x14 ../../../../lib/libtock-newlib-4.3.0.20230120/arm/arm-none-eabi/lib/thumb/v7-m/nofp/libc.a(libc_a-puts.o)
                0x80000524                puts
 .text.std      0x80000538       0x58 ../../../../lib/libtock-newlib-4.3.0.20230120/arm/arm-none-eabi/lib/thumb/v7-m/nofp/libc.a(libc_a-findfp.o)
 .text.stdio_exit_handler
                0x80000590       0x24 ../../../../lib/libtock-newlib-4.3.0.20230120/arm/arm-none-eabi/lib/thumb/v7-m/nofp/libc.a(libc_a-findfp.o)
 .text.cleanup_stdio
                0x800005b4       0x3c ../../../../lib/libtock-newlib-4.3.0.20230120/arm/arm-none-eabi/lib/thumb/v7-m/nofp/libc.a(libc_a-findfp.o)
 .text.global_stdio_init.part.0
                0x800005f0       0x48 ../../../../lib/libtock-newlib-4.3.0.20230120/arm/arm-none-eabi/lib/thumb/v7-m/nofp/libc.a(libc_a-findfp.o)
 .text.__sfp_lock_acquire
                0x80000638        0x2 ../../../../lib/libtock-newlib-4.3.0.20230120/arm/arm-none-eabi/lib/thumb/v7-m/nofp/libc.a(libc_a-findfp.o)
                0x80000638                __sfp_lock_acquire
 .text.__sfp_lock_release
                0x8000063a        0x2 ../../../../lib/libtock-newlib-4.3.0.20230120/arm/arm-none-eabi/lib/thumb/v7-m/nofp/libc.a(libc_a-findfp.o)
                0x8000063a                __sfp_lock_release
 .text.__sinit  0x8000063c       0x38 ../../../../lib/libtock-newlib-4.3.0.20230120/arm/arm-none-eabi/lib/thumb/v7-m/nofp/libc.a(libc_a-findfp.o)
                0x8000063c                __sinit
 .text.__sflush_r
                0x80000674      0x100 ../../../../lib/libtock-newlib-4.3.0.20230120/arm/arm-none-eabi/lib/thumb/v7-m/nofp/libc.a(libc_a-fflush.o)
                0x80000674                __sflush_r
 .text._fflush_r
                0x80000774       0x2a ../../../../lib/libtock-newlib-4.3.0.20230120/arm/arm-none-eabi/lib/thumb/v7-m/nofp/libc.a(libc_a-fflush.o)
                0x80000774                _fflush_r
 *fill*         0x8000079e        0x2 ff
 .text.sbrk_aligned
                0x800007a0       0x48 ../../../../lib/libtock-newlib-4.3.0.20230120/arm/arm-none-eabi/lib/thumb/v7-m/nofp/libc.a(libc_a-mallocr.o)
 .text._malloc_r
                0x800007e8       0xf4 ../../../../lib/libtock-newlib-4.3.0.20230120/arm/arm-none-eabi/lib/thumb/v7-m/nofp/libc.a(libc_a-mallocr.o)
                0x800007e8                _malloc_r
 .text._free_r  0x800008dc       0x94 ../../../../lib/libtock-newlib-4.3.0.20230120/arm/arm-none-eabi/lib/thumb/v7-m/nofp/libc.a(libc_a-freer.o)
                0x800008dc                _free_r
 .text.memset   0x80000970       0x10 ../../../../lib/libtock-newlib-4.3.0.20230120/arm/arm-none-eabi/lib/thumb/v7-m/nofp/libc.a(libc_a-memset.o)
                0x80000970                memset
 .text._fwalk_sglue
                0x80000980       0x3c ../../../../lib/libtock-newlib-4.3.0.20230120/arm/arm-none-eabi/lib/thumb/v7-m/nofp/libc.a(libc_a-fwalk.o)
                0x80000980                _fwalk_sglue
 .text          0x800009bc       0x10 ../../../../lib/libtock-newlib-4.3.0.20230120/arm/arm-none-eabi/lib/thumb/v7-m/nofp/libc.a(libc_a-strlen.o)
                0x800009bc                strlen
 .text.__malloc_lock
                0x800009cc        0x2 ../../../../lib/libtock-newlib-4.3.0.20230120/arm/arm-none-eabi/lib/thumb/v7-m/nofp/libc.a(libc_a-mlock.o)
                0x800009cc                __malloc_lock
 .text.__malloc_unlock
                0x800009ce        0x2 ../../../../lib/libtock-newlib-4.3.0.20230120/arm/arm-none-eabi/lib/thumb/v7-m/nofp/libc.a(libc_a-mlock.o)
                0x800009ce                __malloc_unlock
 .text.exit     0x800009d0       0x2c ../../../../lib/libtock-newlib-4.3.0.20230120/arm/arm-none-eabi/lib/thumb/v7-m/nofp/libc.a(libc_a-exit.o)
                0x800009d0                exit
 .text.memcpy   0x800009fc       0x1c ../../../../lib/libtock-newlib-4.3.0.20230120/arm/arm-none-eabi/lib/thumb/v7-m/nofp/libc.a(libc_a-memcpy-stub.o)
                0x800009fc                memcpy
 .text.printf   0x80000a18       0x28 ../../../../lib/libtock-newlib-4.3.0.20230120/arm/arm-none-eabi/lib/thumb/v7-m/nofp/libc.a(libc_a-printf.o)
                0x80000a18                printf
                0x80000a18                iprintf
 .text.__sfputc_r
                0x80000a40       0x2a ../../../../lib/libtock-newlib-4.3.0.20230120/arm/arm-none-eabi/lib/thumb/v7-m/nofp/libc.a(libc_a-nano-vfprintf.o)
 .text.__sfputs_r
                0x80000a6a       0x24 ../../../../lib/libtock-newlib-4.3.0.20230120/arm/arm-none-eabi/lib/thumb/v7-m/nofp/libc.a(libc_a-nano-vfprintf.o)
                0x80000a6a                __sfputs_r
 *fill*         0x80000a8e        0x2 ff
 .text._vfprintf_r
                0x80000a90      0x1fc ../../../../lib/libtock-newlib-4.3.0.20230120/arm/arm-none-eabi/lib/thumb/v7-m/nofp/libc.a(libc_a-nano-vfprintf.o)
                0x80000a90                _vfiprintf_r
                0x80000a90                _vfprintf_r
 .text.__swbuf_r
                0x80000c8c       0x7c ../../../../lib/libtock-newlib-4.3.0.20230120/arm/arm-none-eabi/lib/thumb/v7-m/nofp/libc.a(libc_a-wbuf.o)
                0x80000c8c                __swbuf_r
 .text.__sread  0x80000d08       0x22 ../../../../lib/libtock-newlib-4.3.0.20230120/arm/arm-none-eabi/lib/thumb/v7-m/nofp/libc.a(libc_a-stdio.o)
                0x80000d08                __sread
 .text.__swrite
                0x80000d2a       0x38 ../../../../lib/libtock-newlib-4.3.0.20230120/arm/arm-none-eabi/lib/thumb/v7-m/nofp/libc.a(libc_a-stdio.o)
                0x80000d2a                __swrite
 .text.__sseek  0x80000d62       0x24 ../../../../lib/libtock-newlib-4.3.0.20230120/arm/arm-none-eabi/lib/thumb/v7-m/nofp/libc.a(libc_a-stdio.o)
                0x80000d62                __sseek
 .text.__sclose
                0x80000d86        0x8 ../../../../lib/libtock-newlib-4.3.0.20230120/arm/arm-none-eabi/lib/thumb/v7-m/nofp/libc.a(libc_a-stdio.o)
                0x80000d86                __sclose
 *fill*         0x80000d8e        0x2 ff
 .text._sbrk_r  0x80000d90       0x24 ../../../../lib/libtock-newlib-4.3.0.20230120/arm/arm-none-eabi/lib/thumb/v7-m/nofp/libc.a(libc_a-sbrkr.o)
                0x80000d90                _sbrk_r
 .text.__swsetup_r
                0x80000db4       0xb0 ../../../../lib/libtock-newlib-4.3.0.20230120/arm/arm-none-eabi/lib/thumb/v7-m/nofp/libc.a(libc_a-wsetup.o)
                0x80000db4                __swsetup_r
 .text.memchr   0x80000e64       0x1c ../../../../lib/libtock-newlib-4.3.0.20230120/arm/arm-none-eabi/lib/thumb/v7-m/nofp/libc.a(libc_a-memchr-stub.o)
                0x80000e64                memchr
 .text._read_r  0x80000e80       0x28 ../../../../lib/libtock-newlib-4.3.0.20230120/arm/arm-none-eabi/lib/thumb/v7-m/nofp/libc.a(libc_a-readr.o)
                0x80000e80                _read_r
 .text._close_r
                0x80000ea8       0x24 ../../../../lib/libtock-newlib-4.3.0.20230120/arm/arm-none-eabi/lib/thumb/v7-m/nofp/libc.a(libc_a-closer.o)
                0x80000ea8                _close_r
 .text._printf_common
                0x80000ecc       0xe4 ../../../../lib/libtock-newlib-4.3.0.20230120/arm/arm-none-eabi/lib/thumb/v7-m/nofp/libc.a(libc_a-nano-vfprintf_i.o)
                0x80000ecc                _printf_common
 .text._printf_i
                0x80000fb0      0x270 ../../../../lib/libtock-newlib-4.3.0.20230120/arm/arm-none-eabi/lib/thumb/v7-m/nofp/libc.a(libc_a-nano-vfprintf_i.o)
                0x80000fb0                _printf_i
 .text.__swhatbuf_r
                0x80001220       0x4a ../../../../lib/libtock-newlib-4.3.0.20230120/arm/arm-none-eabi/lib/thumb/v7-m/nofp/libc.a(libc_a-makebuf.o)
                0x80001220                __swhatbuf_r
 .text.__smakebuf_r
                0x8000126a       0x78 ../../../../lib/libtock-newlib-4.3.0.20230120/arm/arm-none-eabi/lib/thumb/v7-m/nofp/libc.a(libc_a-makebuf.o)
                0x8000126a                __smakebuf_r
 *fill*         0x800012e2        0x2 ff
 .text._fstat_r
                0x800012e4       0x28 ../../../../lib/libtock-newlib-4.3.0.20230120/arm/arm-none-eabi/lib/thumb/v7-m/nofp/libc.a(libc_a-fstatr.o)
                0x800012e4                _fstat_r
 .text._lseek_r
                0x8000130c       0x28 ../../../../lib/libtock-newlib-4.3.0.20230120/arm/arm-none-eabi/lib/thumb/v7-m/nofp/libc.a(libc_a-lseekr.o)
                0x8000130c                _lseek_r
 .text._write_r
                0x80001334       0x28 ../../../../lib/libtock-newlib-4.3.0.20230120/arm/arm-none-eabi/lib/thumb/v7-m/nofp/libc.a(libc_a-writer.o)
                0x80001334                _write_r
 .text._isatty_r
                0x8000135c       0x24 ../../../../lib/libtock-newlib-4.3.0.20230120/arm/arm-none-eabi/lib/thumb/v7-m/nofp/libc.a(libc_a-isattyr.o)
                0x8000135c                _isatty_r
 .text._isatty  0x80001380        0x8 ../../../../libtock/build/cortex-m3/libtock.a(sys.o)
                0x80001380                _isatty
 .text._close   0x80001388        0x6 ../../../../libtock/build/cortex-m3/libtock.a(sys.o)
                0x80001388                _close
 .text._fstat   0x8000138e        0xa ../../../../libtock/build/cortex-m3/libtock.a(sys.o)
                0x8000138e                _fstat
 .text._lseek   0x80001398        0x4 ../../../../libtock/build/cortex-m3/libtock.a(sys.o)
                0x80001398                _lseek
 .text._read    0x8000139c        0x4 ../../../../libtock/build/cortex-m3/libtock.a(sys.o)
                0x8000139c                _read
 .text._exit    0x800013a0        0x6 ../../../../libtock/build/cortex-m3/libtock.a(sys.o)
                0x800013a0                _exit
 .text._getpid  0x800013a6        0x4 ../../../../libtock/build/cortex-m3/libtock.a(sys.o)
                0x800013a6                _getpid
 .text._kill    0x800013aa        0x6 ../../../../libtock/build/cortex-m3/libtock.a(sys.o)
                0x800013aa                _kill
 .text._sbrk    0x800013b0       0x28 ../../../../libtock/build/cortex-m3/libtock.a(sys.o)
                0x800013b0                _sbrk
 .text.root_pop
                0x800013d8       0x1c ../../../../libtock/build/cortex-m3/libtock.a(alarm.o)
 .text.alarm_upcall
                0x800013f4       0xa4 ../../../../libtock/build/cortex-m3/libtock.a(alarm.o)
 .text.ms_to_ticks
                0x80001498       0x54 ../../../../libtock/build/cortex-m3/libtock.a(alarm.o)
 .text.libtock_alarm_ticks_to_ms
                0x800014ec       0x2a ../../../../libtock/build/cortex-m3/libtock.a(alarm.o)
                0x800014ec                libtock_alarm_ticks_to_ms
 *fill*         0x80001516        0x2 ff
 .text.libtock_alarm_at
                0x80001518       0xa8 ../../../../libtock/build/cortex-m3/libtock.a(alarm.o)
                0x80001518                libtock_alarm_at
 .text.overflow_callback
                0x800015c0       0x44 ../../../../libtock/build/cortex-m3/libtock.a(alarm.o)
 .text.libtock_alarm_in_ms
                0x80001604       0x78 ../../../../libtock/build/cortex-m3/libtock.a(alarm.o)
                0x80001604                libtock_alarm_in_ms
 .text.libtock_alarm_set_upcall
                0x8000167c       0x22 ../../../../libtock/build/cortex-m3/libtock.a(alarm_syscalls.o)
                0x8000167c                libtock_alarm_set_upcall
 .text.libtock_alarm_command_get_frequency
                0x8000169e       0x24 ../../../../libtock/build/cortex-m3/libtock.a(alarm_syscalls.o)
                0x8000169e                libtock_alarm_command_get_frequency
 .text.libtock_alarm_command_read
                0x800016c2       0x24 ../../../../libtock/build/cortex-m3/libtock.a(alarm_syscalls.o)
                0x800016c2                libtock_alarm_command_read
 .text.libtock_alarm_command_set_absolute
                0x800016e6       0x24 ../../../../libtock/build/cortex-m3/libtock.a(alarm_syscalls.o)
                0x800016e6                libtock_alarm_command_set_absolute
 .text._write   0x8000170a       0x14 ../../../../libtock-sync/build/cortex-m3/libtocksync.a(sys.o)
                0x8000170a                _write
 *fill*         0x8000171e        0x2 ff
 .text.generic_cb
                0x80001720       0x14 ../../../../libtock-sync/build/cortex-m3/libtocksync.a(console.o)
 .text.libtocksync_console_write
                0x80001734       0x34 ../../../../libtock-sync/build/cortex-m3/libtocksync.a(console.o)
                0x80001734                libtocksync_console_write
 .text.__assert_func
                0x80001768       0x4c ../../../../lib/libtock-newlib-4.3.0.20230120/arm/arm-none-eabi/lib/thumb/v7-m/nofp/libc.a(libc_a-assert.o)
                0x80001768                __assert_func
 .text.__errno  0x800017b4       0x10 ../../../../lib/libtock-newlib-4.3.0.20230120/arm/arm-none-eabi/lib/thumb/v7-m/nofp/libc.a(libc_a-errno.o)
                0x800017b4                __errno
 .text.abort    0x800017c4        0xe ../../../../lib/libtock-newlib-4.3.0.20230120/arm/arm-none-eabi/lib/thumb/v7-m/nofp/libc.a(libc_a-abort.o)
                0x800017c4                abort
 *fill*         0x800017d2        0x2 ff
 .text.fprintf  0x800017d4       0x28 ../../../../lib/libtock-newlib-4.3.0.20230120/arm/arm-none-eabi/lib/thumb/v7-m/nofp/libc.a(libc_a-fprintf.o)
                0x800017d4                fprintf
                0x800017d4                fiprintf
 .text._raise_r
                0x800017fc       0x50 ../../../../lib/libtock-newlib-4.3.0.20230120/arm/arm-none-eabi/lib/thumb/v7-m/nofp/libc.a(libc_a-signal.o)
                0x800017fc                _raise_r
 .text.raise    0x8000184c       0x14 ../../../../lib/libtock-newlib-4.3.0.20230120/arm/arm-none-eabi/lib/thumb/v7-m/nofp/libc.a(libc_a-signal.o)
                0x8000184c                raise
 .text._kill_r  0x80001860       0x28 ../../../../lib/libtock-newlib-4.3.0.20230120/arm/arm-none-eabi/lib/thumb/v7-m/nofp/libc.a(libc_a-signalr.o)
                0x80001860                _kill_r
 .text._getpid_r
                0x80001888        0x4 ../../../../lib/libtock-newlib-4.3.0.20230120/arm/arm-none-eabi/lib/thumb/v7-m/nofp/libc.a(libc_a-signalr.o)
                0x80001888                _getpid_r
 .text          0x8000188c       0x30 ../../../../lib/libtock-libc++-13.2.0/arm/lib/gcc/arm-none-eabi/13.2.0/thumb/v7-m/nofp/libgcc.a(_aeabi_uldivmod.o)
                0x8000188c                __aeabi_uldivmod
 .text.__udivmoddi4
                0x800018bc      0x248 ../../../../lib/libtock-libc++-13.2.0/arm/lib/gcc/arm-none-eabi/13.2.0/thumb/v7-m/nofp/libgcc.a(_udivmoddi4.o)
                0x800018bc                __udivmoddi4
 .text          0x80001b04        0x4 ../../../../lib/libtock-libc++-13.2.0/arm/lib/gcc/arm-none-eabi/13.2.0/thumb/v7-m/nofp/libgcc.a(_dvmd_tls.o)
                0x80001b04                __aeabi_ldiv0
                0x80001b04                __aeabi_idiv0
 .text.generic_upcall
                0x80001b08        0x4 ../../../../libtock/build/cortex-m3/libtock.a(console.o)
 .text.libtock_console_write
                0x80001b0c       0x30 ../../../../libtock/build/cortex-m3/libtock.a(console.o)
                0x80001b0c                libtock_console_write
 .text.libtock_console_write_done_set_upcall
                0x80001b3c       0x22 ../../../../libtock/build/cortex-m3/libtock.a(console_syscalls.o)
                0x80001b3c                libtock_console_write_done_set_upcall
 .text.libtock_console_set_read_allow
                0x80001b5e       0x22 ../../../../libtock/build/cortex-m3/libtock.a(console_syscalls.o)
                0x80001b5e                libtock_console_set_read_allow
 .text.libtock_console_command_write
                0x80001b80       0x24 ../../../../libtock/build/cortex-m3/libtock.a(console_syscalls.o)
                0x80001b80                libtock_console_command_write
 *(.rodata*)
 .rodata.main.str1.1
                0x80001ba4      0x124 build/cortex-m3/main.o
                                 0x41 (size before relaxing)
 .rodata._vfprintf_r.str1.1
                0x80001cc8       0x11 ../../../../lib/libtock-newlib-4.3.0.20230120/arm/arm-none-eabi/lib/thumb/v7-m/nofp/libc.a(libc_a-nano-vfprintf.o)
 .rodata._printf_i.str1.1
                0x80001cc8       0x22 ../../../../lib/libtock-newlib-4.3.0.20230120/arm/arm-none-eabi/lib/thumb/v7-m/nofp/libc.a(libc_a-nano-vfprintf_i.o)
 .rodata.alarm_upcall.str1.1
                0x80001cc8       0x60 ../../../../libtock/build/cortex-m3/libtock.a(alarm.o)
 .rodata.ms_to_ticks.str1.1
                0x80001cc8       0x14 ../../../../libtock/build/cortex-m3/libtock.a(alarm.o)
 .rodata.__func__.1
                0x80001cc8        0xc ../../../../libtock/build/cortex-m3/libtock.a(alarm.o)
 .rodata.__func__.2
                0x80001cd4        0xd ../../../../libtock/build/cortex-m3/libtock.a(alarm.o)
 .rodata.__assert_func.str1.1
                0x80001ce1       0x3d ../../../../lib/libtock-newlib-4.3.0.20230120/arm/arm-none-eabi/lib/thumb/v7-m/nofp/libc.a(libc_a-assert.o)
 *(.srodata*)
 *(.syscalls)
                0x80001ce1                        _etext = .
 *(.ARM.extab*)
                0x80001d28                        . = ALIGN (0x4)
 *fill*         0x80001ce1        0x3 ff

.glue_7         0x80001ce4        0x0
 .glue_7        0x80001ce4        0x0 linker stubs

.glue_7t        0x80001ce4        0x0
 .glue_7t       0x80001ce4        0x0 linker stubs

.vfp11_veneer   0x80001ce4        0x0
 .vfp11_veneer  0x80001ce4        0x0 linker stubs

.v4_bx          0x80001ce4        0x0
 .v4_bx         0x80001ce4        0x0 linker stubs

.iplt           0x80001ce4        0x0
 .iplt          0x80001ce4        0x0 build/cortex-m3/main.o

.stack          0x00000000      0x800
                0x00000000                        _sram_origin = .
                0x00000000                        . = ALIGN (0x10)
                0x00000000                        _stack = .
                0x00000800                        . = (_stack + STACK_SIZE)
 *fill*         0x00000000      0x800 
                0x00000800                        . = ALIGN (0x10)

.got            0x00000800       0xd0 load address 0x80001ce4
                0x00000800                        . = ALIGN (0x4)
                0x00000800                        _got = .
 *(.got*)
 .got           0x00000800       0xc4 build/cortex-m3/main.o
 .got.plt       0x000008c4        0xc build/cortex-m3/main.o
                0x000008c4                _GLOBAL_OFFSET_TABLE_
 *(.got.plt*)
                0x000008d0                        . = ALIGN (0x4)

.data           0x000008d0       0x60 load address 0x80001db4
                0x000008d0                        . = ALIGN (0x4)
                0x000008d0                        _data = .
 *(.data*)
 .data          0x000008d0        0x0 build/cortex-m3/main.o
 .data._rng_service
                0x000008d0        0x4 build/cortex-m3/main.o
                0x000008d0                _rng_service
 .data          0x000008d4        0x0 ../../../../libtock/build/cortex-m3/libtock.a(crt0.o)
 .data          0x000008d4        0x0 ../../../../libtock/build/cortex-m3/libtock.a(ipc.o)
 .data          0x000008d4        0x0 ../../../../libtock/build/cortex-m3/libtock.a(tock.o)
 .data          0x000008d4        0x0 ../../../../libtock-sync/build/cortex-m3/libtocksync.a(alarm.o)
 .data          0x000008d4        0x0 ../../../../lib/libtock-newlib-4.3.0.20230120/arm/arm-none-eabi/lib/thumb/v7-m/nofp/libc.a(libc_a-puts.o)
 .data          0x000008d4        0x0 ../../../../lib/libtock-newlib-4.3.0.20230120/arm/arm-none-eabi/lib/thumb/v7-m/nofp/libc.a(libc_a-findfp.o)
 .data.rel.__sglue
                0x000008d4        0xc ../../../../lib/libtock-newlib-4.3.0.20230120/arm/arm-none-eabi/lib/thumb/v7-m/nofp/libc.a(libc_a-findfp.o)
                0x000008d4                __sglue
 .data          0x000008e0        0x0 ../../../../lib/libtock-newlib-4.3.0.20230120/arm/arm-none-eabi/lib/thumb/v7-m/nofp/libc.a(libc_a-fflush.o)
 .data          0x000008e0        0x0 ../../../../lib/libtock-newlib-4.3.0.20230120/arm/arm-none-eabi/lib/thumb/v7-m/nofp/libc.a(libc_a-mallocr.o)
 .data          0x000008e0        0x0 ../../../../lib/libtock-newlib-4.3.0.20230120/arm/arm-none-eabi/lib/thumb/v7-m/nofp/libc.a(libc_a-freer.o)
 .data          0x000008e0        0x0 ../../../../lib/libtock-newlib-4.3.0.20230120/arm/arm-none-eabi/lib/thumb/v7-m/nofp/libc.a(libc_a-memset.o)
 .data          0x000008e0        0x0 ../../../../lib/libtock-newlib-4.3.0.20230120/arm/arm-none-eabi/lib/thumb/v7-m/nofp/libc.a(libc_a-fwalk.o)
 .data          0x000008e0        0x0 ../../../../lib/libtock-newlib-4.3.0.20230120/arm/arm-none-eabi/lib/thumb/v7-m/nofp/libc.a(libc_a-strlen.o)
 .data          0x000008e0        0x0 ../../../../lib/libtock-newlib-4.3.0.20230120/arm/arm-none-eabi/lib/thumb/v7-m/nofp/libc.a(libc_a-impure.o)
 .data.rel._impure_ptr
                0x000008e0        0x4 ../../../../lib/libtock-newlib-4.3.0.20230120/arm/arm-none-eabi/lib/thumb/v7-m/nofp/libc.a(libc_a-impure.o)
                0x000008e0                _impure_ptr
 .data.rel._impure_data
                0x000008e4       0x4c ../../../../lib/libtock-newlib-4.3.0.20230120/arm/arm-none-eabi/lib/thumb/v7-m/nofp/libc.a(libc_a-impure.o)
                0x000008e4                _impure_data
 .data          0x00000930        0x0 ../../../../lib/libtock-newlib-4.3.0.20230120/arm/arm-none-eabi/lib/thumb/v7-m/nofp/libc.a(libc_a-mlock.o)
 .data          0x00000930        0x0 ../../../../lib/libtock-newlib-4.3.0.20230120/arm/arm-none-eabi/lib/thumb/v7-m/nofp/libc.a(libc_a-exit.o)
 .data          0x00000930        0x0 ../../../../lib/libtock-newlib-4.3.0.20230120/arm/arm-none-eabi/lib/thumb/v7-m/nofp/libc.a(libc_a-memcpy-stub.o)
 .data          0x00000930        0x0 ../../../../lib/libtock-newlib-4.3.0.20230120/arm/arm-none-eabi/lib/thumb/v7-m/nofp/libc.a(libc_a-printf.o)
 .data          0x00000930        0x0 ../../../../lib/libtock-newlib-4.3.0.20230120/arm/arm-none-eabi/lib/thumb/v7-m/nofp/libc.a(libc_a-nano-vfprintf.o)
 .data          0x00000930        0x0 ../../../../lib/libtock-newlib-4.3.0.20230120/arm/arm-none-eabi/lib/thumb/v7-m/nofp/libc.a(libc_a-wbuf.o)
 .data          0x00000930        0x0 ../../../../lib/libtock-newlib-4.3.0.20230120/arm/arm-none-eabi/lib/thumb/v7-m/nofp/libc.a(libc_a-stdio.o)
 .data          0x00000930        0x0 ../../../../lib/libtock-newlib-4.3.0.20230120/arm/arm-none-eabi/lib/thumb/v7-m/nofp/libc.a(libc_a-sbrkr.o)
 .data          0x00000930        0x0 ../../../../lib/libtock-newlib-4.3.0.20230120/arm/arm-none-eabi/lib/thumb/v7-m/nofp/libc.a(libc_a-fvwrite.o)
 .data          0x00000930        0x0 ../../../../lib/libtock-newlib-4.3.0.20230120/arm/arm-none-eabi/lib/thumb/v7-m/nofp/libc.a(libc_a-wsetup.o)
 .data          0x00000930        0x0 ../../../../lib/libtock-newlib-4.3.0.20230120/arm/arm-none-eabi/lib/thumb/v7-m/nofp/libc.a(libc_a-reent.o)
 .data          0x00000930        0x0 ../../../../lib/libtock-newlib-4.3.0.20230120/arm/arm-none-eabi/lib/thumb/v7-m/nofp/libc.a(libc_a-memchr-stub.o)
 .data          0x00000930        0x0 ../../../../lib/libtock-newlib-4.3.0.20230120/arm/arm-none-eabi/lib/thumb/v7-m/nofp/libc.a(libc_a-readr.o)
 .data          0x00000930        0x0 ../../../../lib/libtock-newlib-4.3.0.20230120/arm/arm-none-eabi/lib/thumb/v7-m/nofp/libc.a(libc_a-closer.o)
 .data          0x00000930        0x0 ../../../../lib/libtock-newlib-4.3.0.20230120/arm/arm-none-eabi/lib/thumb/v7-m/nofp/libc.a(libc_a-reallocr.o)
 .data          0x00000930        0x0 ../../../../lib/libtock-newlib-4.3.0.20230120/arm/arm-none-eabi/lib/thumb/v7-m/nofp/libc.a(libc_a-nano-vfprintf_i.o)
 .data          0x00000930        0x0 ../../../../lib/libtock-newlib-4.3.0.20230120/arm/arm-none-eabi/lib/thumb/v7-m/nofp/libc.a(libc_a-makebuf.o)
 .data          0x00000930        0x0 ../../../../lib/libtock-newlib-4.3.0.20230120/arm/arm-none-eabi/lib/thumb/v7-m/nofp/libc.a(libc_a-memmove.o)
 .data          0x00000930        0x0 ../../../../lib/libtock-newlib-4.3.0.20230120/arm/arm-none-eabi/lib/thumb/v7-m/nofp/libc.a(libc_a-fstatr.o)
 .data          0x00000930        0x0 ../../../../lib/libtock-newlib-4.3.0.20230120/arm/arm-none-eabi/lib/thumb/v7-m/nofp/libc.a(libc_a-lseekr.o)
 .data          0x00000930        0x0 ../../../../lib/libtock-newlib-4.3.0.20230120/arm/arm-none-eabi/lib/thumb/v7-m/nofp/libc.a(libc_a-writer.o)
 .data          0x00000930        0x0 ../../../../lib/libtock-newlib-4.3.0.20230120/arm/arm-none-eabi/lib/thumb/v7-m/nofp/libc.a(libc_a-msizer.o)
 .data          0x00000930        0x0 ../../../../lib/libtock-newlib-4.3.0.20230120/arm/arm-none-eabi/lib/thumb/v7-m/nofp/libc.a(libc_a-isattyr.o)
 .data          0x00000930        0x0 ../../../../libtock/build/cortex-m3/libtock.a(sys.o)
 .data          0x00000930        0x0 ../../../../libtock/build/cortex-m3/libtock.a(alarm.o)
 .data          0x00000930        0x0 ../../../../libtock/build/cortex-m3/libtock.a(alarm_syscalls.o)
 .data          0x00000930        0x0 ../../../../libtock-sync/build/cortex-m3/libtocksync.a(sys.o)
 .data          0x00000930        0x0 ../../../../libtock-sync/build/cortex-m3/libtocksync.a(console.o)
 .data          0x00000930        0x0 ../../../../lib/libtock-newlib-4.3.0.20230120/arm/arm-none-eabi/lib/thumb/v7-m/nofp/libc.a(libc_a-assert.o)
 .data          0x00000930        0x0 ../../../../lib/libtock-newlib-4.3.0.20230120/arm/arm-none-eabi/lib/thumb/v7-m/nofp/libc.a(libc_a-errno.o)
 .data          0x00000930        0x0 ../../../../lib/libtock-newlib-4.3.0.20230120/arm/arm-none-eabi/lib/thumb/v7-m/nofp/libc.a(libc_a-abort.o)
 .data          0x00000930        0x0 ../../../../lib/libtock-newlib-4.3.0.20230120/arm/arm-none-eabi/lib/thumb/v7-m/nofp/libc.a(libc_a-fprintf.o)
 .data          0x00000930        0x0 ../../../../lib/libtock-newlib-4.3.0.20230120/arm/arm-none-eabi/lib/thumb/v7-m/nofp/libc.a(libc_a-signal.o)
 .data          0x00000930        0x0 ../../../../lib/libtock-newlib-4.3.0.20230120/arm/arm-none-eabi/lib/thumb/v7-m/nofp/libc.a(libc_a-signalr.o)
 .data          0x00000930        0x0 ../../../../lib/libtock-libc++-13.2.0/arm/lib/gcc/arm-none-eabi/13.2.0/thumb/v7-m/nofp/libgcc.a(_aeabi_ldivmod.o)
 .data          0x00000930        0x0 ../../../../lib/libtock-libc++-13.2.0/arm/lib/gcc/arm-none-eabi/13.2.0/thumb/v7-m/nofp/libgcc.a(_aeabi_uldivmod.o)
 .data          0x00000930        0x0 ../../../../lib/libtock-libc++-13.2.0/arm/lib/gcc/arm-none-eabi/13.2.0/thumb/v7-m/nofp/libgcc.a(_udivmoddi4.o)
 .data          0x00000930        0x0 ../../../../lib/libtock-libc++-13.2.0/arm/lib/gcc/arm-none-eabi/13.2.0/thumb/v7-m/nofp/libgcc.a(_dvmd_tls.o)
 .data          0x00000930        0x0 ../../../../libtock/build/cortex-m3/libtock.a(console.o)
 .data          0x00000930        0x0 ../../../../libtock/build/cortex-m3/libtock.a(console_syscalls.o)
 *(.sdata*)
                0x00000930                        . = ALIGN (0x4)

.igot.plt       0x00000930        0x0 load address 0x80001e14
 .igot.plt      0x00000930        0x0 build/cortex-m3/main.o

.bss            0x00000940      0x328 load address 0x80001e14
                0x00000940                        . = ALIGN (0x4)
                0x00000940                        _bss = .
 *(.bss*)
 .bss           0x00000940        0x0 build/cortex-m3/main.o
 .bss._done     0x00000940        0x1 build/cortex-m3/main.o
                0x00000940                _done
 .bss._number_of_leds
                0x00000941        0x1 build/cortex-m3/main.o
                0x00000941                _number_of_leds
 *fill*         0x00000942       0x3e 
 .bss._rng_buf  0x00000980       0x40 build/cortex-m3/main.o
                0x00000980                _rng_buf
 .bss           0x000009c0        0x0 ../../../../libtock/build/cortex-m3/libtock.a(crt0.o)
 .bss           0x000009c0        0x0 ../../../../libtock/build/cortex-m3/libtock.a(ipc.o)
 .bss           0x000009c0        0x0 ../../../../libtock/build/cortex-m3/libtock.a(tock.o)
 .bss.task_last
                0x000009c0        0x4 ../../../../libtock/build/cortex-m3/libtock.a(tock.o)
 .bss.task_cur  0x000009c4        0x4 ../../../../libtock/build/cortex-m3/libtock.a(tock.o)
 .bss.task_queue
                0x000009c8      0x140 ../../../../libtock/build/cortex-m3/libtock.a(tock.o)
 .bss           0x00000b08        0x0 ../../../../libtock-sync/build/cortex-m3/libtocksync.a(alarm.o)
 .bss.yf_timeout_data
                0x00000b08        0x1 ../../../../libtock-sync/build/cortex-m3/libtocksync.a(alarm.o)
 .bss.delay_data
                0x00000b09        0x1 ../../../../libtock-sync/build/cortex-m3/libtocksync.a(alarm.o)
 .bss           0x00000b0a        0x0 ../../../../lib/libtock-newlib-4.3.0.20230120/arm/arm-none-eabi/lib/thumb/v7-m/nofp/libc.a(libc_a-puts.o)
 .bss           0x00000b0a        0x0 ../../../../lib/libtock-newlib-4.3.0.20230120/arm/arm-none-eabi/lib/thumb/v7-m/nofp/libc.a(libc_a-findfp.o)
 *fill*         0x00000b0a        0x2 
 .bss.__sf      0x00000b0c      0x138 ../../../../lib/libtock-newlib-4.3.0.20230120/arm/arm-none-eabi/lib/thumb/v7-m/nofp/libc.a(libc_a-findfp.o)
                0x00000b0c                __sf
 .bss.__stdio_exit_handler
                0x00000c44        0x4 ../../../../lib/libtock-newlib-4.3.0.20230120/arm/arm-none-eabi/lib/thumb/v7-m/nofp/libc.a(libc_a-findfp.o)
                0x00000c44                __stdio_exit_handler
 .bss           0x00000c48        0x0 ../../../../lib/libtock-newlib-4.3.0.20230120/arm/arm-none-eabi/lib/thumb/v7-m/nofp/libc.a(libc_a-fflush.o)
 .bss           0x00000c48        0x0 ../../../../lib/libtock-newlib-4.3.0.20230120/arm/arm-none-eabi/lib/thumb/v7-m/nofp/libc.a(libc_a-mallocr.o)
 .bss.__malloc_sbrk_start
                0x00000c48        0x4 ../../../../lib/libtock-newlib-4.3.0.20230120/arm/arm-none-eabi/lib/thumb/v7-m/nofp/libc.a(libc_a-mallocr.o)
                0x00000c48                __malloc_sbrk_start
 .bss.__malloc_free_list
                0x00000c4c        0x4 ../../../../lib/libtock-newlib-4.3.0.20230120/arm/arm-none-eabi/lib/thumb/v7-m/nofp/libc.a(libc_a-mallocr.o)
                0x00000c4c                __malloc_free_list
 .bss           0x00000c50        0x0 ../../../../lib/libtock-newlib-4.3.0.20230120/arm/arm-none-eabi/lib/thumb/v7-m/nofp/libc.a(libc_a-freer.o)
 .bss           0x00000c50        0x0 ../../../../lib/libtock-newlib-4.3.0.20230120/arm/arm-none-eabi/lib/thumb/v7-m/nofp/libc.a(libc_a-memset.o)
 .bss           0x00000c50        0x0 ../../../../lib/libtock-newlib-4.3.0.20230120/arm/arm-none-eabi/lib/thumb/v7-m/nofp/libc.a(libc_a-fwalk.o)
 .bss           0x00000c50        0x0 ../../../../lib/libtock-newlib-4.3.0.20230120/arm/arm-none-eabi/lib/thumb/v7-m/nofp/libc.a(libc_a-strlen.o)
 .bss           0x00000c50        0x0 ../../../../lib/libtock-newlib-4.3.0.20230120/arm/arm-none-eabi/lib/thumb/v7-m/nofp/libc.a(libc_a-impure.o)
 .bss           0x00000c50        0x0 ../../../../lib/libtock-newlib-4.3.0.20230120/arm/arm-none-eabi/lib/thumb/v7-m/nofp/libc.a(libc_a-mlock.o)
 .bss           0x00000c50        0x0 ../../../../lib/libtock-newlib-4.3.0.20230120/arm/arm-none-eabi/lib/thumb/v7-m/nofp/libc.a(libc_a-exit.o)
 .bss           0x00000c50        0x0 ../../../../lib/libtock-newlib-4.3.0.20230120/arm/arm-none-eabi/lib/thumb/v7-m/nofp/libc.a(libc_a-memcpy-stub.o)
 .bss           0x00000c50        0x0 ../../../../lib/libtock-newlib-4.3.0.20230120/arm/arm-none-eabi/lib/thumb/v7-m/nofp/libc.a(libc_a-printf.o)
 .bss           0x00000c50        0x0 ../../../../lib/libtock-newlib-4.3.0.20230120/arm/arm-none-eabi/lib/thumb/v7-m/nofp/libc.a(libc_a-nano-vfprintf.o)
 .bss           0x00000c50        0x0 ../../../../lib/libtock-newlib-4.3.0.20230120/arm/arm-none-eabi/lib/thumb/v7-m/nofp/libc.a(libc_a-wbuf.o)
 .bss           0x00000c50        0x0 ../../../../lib/libtock-newlib-4.3.0.20230120/arm/arm-none-eabi/lib/thumb/v7-m/nofp/libc.a(libc_a-stdio.o)
 .bss           0x00000c50        0x0 ../../../../lib/libtock-newlib-4.3.0.20230120/arm/arm-none-eabi/lib/thumb/v7-m/nofp/libc.a(libc_a-sbrkr.o)
 .bss           0x00000c50        0x0 ../../../../lib/libtock-newlib-4.3.0.20230120/arm/arm-none-eabi/lib/thumb/v7-m/nofp/libc.a(libc_a-fvwrite.o)
 .bss           0x00000c50        0x0 ../../../../lib/libtock-newlib-4.3.0.20230120/arm/arm-none-eabi/lib/thumb/v7-m/nofp/libc.a(libc_a-wsetup.o)
 .bss           0x00000c50        0x0 ../../../../lib/libtock-newlib-4.3.0.20230120/arm/arm-none-eabi/lib/thumb/v7-m/nofp/libc.a(libc_a-reent.o)
 .bss.errno     0x00000c50        0x4 ../../../../lib/libtock-newlib-4.3.0.20230120/arm/arm-none-eabi/lib/thumb/v7-m/nofp/libc.a(libc_a-reent.o)
                0x00000c50                errno
 .bss           0x00000c54        0x0 ../../../../lib/libtock-newlib-4.3.0.20230120/arm/arm-none-eabi/lib/thumb/v7-m/nofp/libc.a(libc_a-memchr-stub.o)
 .bss           0x00000c54        0x0 ../../../../lib/libtock-newlib-4.3.0.20230120/arm/arm-none-eabi/lib/thumb/v7-m/nofp/libc.a(libc_a-readr.o)
 .bss           0x00000c54        0x0 ../../../../lib/libtock-newlib-4.3.0.20230120/arm/arm-none-eabi/lib/thumb/v7-m/nofp/libc.a(libc_a-closer.o)
 .bss           0x00000c54        0x0 ../../../../lib/libtock-newlib-4.3.0.20230120/arm/arm-none-eabi/lib/thumb/v7-m/nofp/libc.a(libc_a-reallocr.o)
 .bss           0x00000c54        0x0 ../../../../lib/libtock-newlib-4.3.0.20230120/arm/arm-none-eabi/lib/thumb/v7-m/nofp/libc.a(libc_a-nano-vfprintf_i.o)
 .bss           0x00000c54        0x0 ../../../../lib/libtock-newlib-4.3.0.20230120/arm/arm-none-eabi/lib/thumb/v7-m/nofp/libc.a(libc_a-makebuf.o)
 .bss           0x00000c54        0x0 ../../../../lib/libtock-newlib-4.3.0.20230120/arm/arm-none-eabi/lib/thumb/v7-m/nofp/libc.a(libc_a-memmove.o)
 .bss           0x00000c54        0x0 ../../../../lib/libtock-newlib-4.3.0.20230120/arm/arm-none-eabi/lib/thumb/v7-m/nofp/libc.a(libc_a-fstatr.o)
 .bss           0x00000c54        0x0 ../../../../lib/libtock-newlib-4.3.0.20230120/arm/arm-none-eabi/lib/thumb/v7-m/nofp/libc.a(libc_a-lseekr.o)
 .bss           0x00000c54        0x0 ../../../../lib/libtock-newlib-4.3.0.20230120/arm/arm-none-eabi/lib/thumb/v7-m/nofp/libc.a(libc_a-writer.o)
 .bss           0x00000c54        0x0 ../../../../lib/libtock-newlib-4.3.0.20230120/arm/arm-none-eabi/lib/thumb/v7-m/nofp/libc.a(libc_a-msizer.o)
 .bss           0x00000c54        0x0 ../../../../lib/libtock-newlib-4.3.0.20230120/arm/arm-none-eabi/lib/thumb/v7-m/nofp/libc.a(libc_a-isattyr.o)
 .bss           0x00000c54        0x0 ../../../../libtock/build/cortex-m3/libtock.a(sys.o)
 .bss.__dso_handle
                0x00000c54        0x4 ../../../../libtock/build/cortex-m3/libtock.a(sys.o)
                0x00000c54                __dso_handle
 .bss           0x00000c58        0x0 ../../../../libtock/build/cortex-m3/libtock.a(alarm.o)
 .bss.root      0x00000c58        0x4 ../../../../libtock/build/cortex-m3/libtock.a(alarm.o)
 .bss           0x00000c5c        0x0 ../../../../libtock/build/cortex-m3/libtock.a(alarm_syscalls.o)
 .bss           0x00000c5c        0x0 ../../../../libtock-sync/build/cortex-m3/libtocksync.a(sys.o)
 .bss           0x00000c5c        0x0 ../../../../libtock-sync/build/cortex-m3/libtocksync.a(console.o)
 .bss.result    0x00000c5c        0xc ../../../../libtock-sync/build/cortex-m3/libtocksync.a(console.o)
 .bss           0x00000c68        0x0 ../../../../lib/libtock-newlib-4.3.0.20230120/arm/arm-none-eabi/lib/thumb/v7-m/nofp/libc.a(libc_a-assert.o)
 .bss           0x00000c68        0x0 ../../../../lib/libtock-newlib-4.3.0.20230120/arm/arm-none-eabi/lib/thumb/v7-m/nofp/libc.a(libc_a-errno.o)
 .bss           0x00000c68        0x0 ../../../../lib/libtock-newlib-4.3.0.20230120/arm/arm-none-eabi/lib/thumb/v7-m/nofp/libc.a(libc_a-abort.o)
 .bss           0x00000c68        0x0 ../../../../lib/libtock-newlib-4.3.0.20230120/arm/arm-none-eabi/lib/thumb/v7-m/nofp/libc.a(libc_a-fprintf.o)
 .bss           0x00000c68        0x0 ../../../../lib/libtock-newlib-4.3.0.20230120/arm/arm-none-eabi/lib/thumb/v7-m/nofp/libc.a(libc_a-signal.o)
 .bss           0x00000c68        0x0 ../../../../lib/libtock-newlib-4.3.0.20230120/arm/arm-none-eabi/lib/thumb/v7-m/nofp/libc.a(libc_a-signalr.o)
 .bss           0x00000c68        0x0 ../../../../lib/libtock-libc++-13.2.0/arm/lib/gcc/arm-none-eabi/13.2.0/thumb/v7-m/nofp/libgcc.a(_aeabi_ldivmod.o)
 .bss           0x00000c68        0x0 ../../../../lib/libtock-libc++-13.2.0/arm/lib/gcc/arm-none-eabi/13.2.0/thumb/v7-m/nofp/libgcc.a(_aeabi_uldivmod.o)
 .bss           0x00000c68        0x0 ../../../../lib/libtock-libc++-13.2.0/arm/lib/gcc/arm-none-eabi/13.2.0/thumb/v7-m/nofp/libgcc.a(_udivmoddi4.o)
 .bss           0x00000c68        0x0 ../../../../lib/libtock-libc++-13.2.0/arm/lib/gcc/arm-none-eabi/13.2.0/thumb/v7-m/nofp/libgcc.a(_dvmd_tls.o)
 .bss           0x00000c68        0x0 ../../../../libtock/build/cortex-m3/libtock.a(console.o)
 .bss           0x00000c68        0x0 ../../../../libtock/build/cortex-m3/libtock.a(console_syscalls.o)
 *(.sbss*)
 *(COMMON)
                0x00000c68                        . = ALIGN (0x4)

.endflash       0x80001e14        0x0
                [!provide]                        PROVIDE (__exidx_start = .)

.ARM.exidx      0x80001e14        0x8
 *(.ARM.exidx* .gnu.linkonce.armexidx.*)
 .ARM.exidx     0x80001e14        0x8 ../../../../lib/libtock-newlib-4.3.0.20230120/arm/arm-none-eabi/lib/thumb/v7-m/nofp/libc.a(libc_a-strlen.o)
 .ARM.exidx.text.__udivmoddi4
                0x80001e1c        0x0 ../../../../lib/libtock-libc++-13.2.0/arm/lib/gcc/arm-none-eabi/13.2.0/thumb/v7-m/nofp/libgcc.a(_udivmoddi4.o)
                                  0x8 (size before relaxing)
                [!provide]                        PROVIDE (__exidx_end = .)
                0x00000001                        ASSERT ((_got <= _bss), 
The GOT section must be before the BSS section for crt0 setup to be correct.)
                0x00000001                        ASSERT ((_data <= _bss), 
The data section must be before the BSS section for crt0 setup to be correct.)
OUTPUT(build/cortex-m3/cortex-m3.elf elf32-littlearm)
LOAD linker stubs

.rel.dyn        0x80001e1c        0x0
 .rel.iplt      0x80001e1c        0x0 build/cortex-m3/main.o
 .rel.got       0x80001e1c        0x0 build/cortex-m3/main.o

.GCC.command.line
                0x00000000       0xe4
 .GCC.command.line
                0x00000000       0xe4 build/cortex-m3/main.o
 .GCC.command.line
                0x000000e4       0xe4 ../../../../libtock/build/cortex-m3/libtock.a(crt0.o)
 .GCC.command.line
                0x000000e4       0xe4 ../../../../libtock/build/cortex-m3/libtock.a(ipc.o)
 .GCC.command.line
                0x000000e4       0xe4 ../../../../libtock/build/cortex-m3/libtock.a(tock.o)
 .GCC.command.line
                0x000000e4       0xe4 ../../../../libtock-sync/build/cortex-m3/libtocksync.a(alarm.o)
 .GCC.command.line
                0x000000e4       0xe4 ../../../../libtock/build/cortex-m3/libtock.a(sys.o)
 .GCC.command.line
                0x000000e4       0xe4 ../../../../libtock/build/cortex-m3/libtock.a(alarm.o)
 .GCC.command.line
                0x000000e4       0xe4 ../../../../libtock/build/cortex-m3/libtock.a(alarm_syscalls.o)
 .GCC.command.line
                0x000000e4       0xe4 ../../../../libtock-sync/build/cortex-m3/libtocksync.a(sys.o)
 .GCC.command.line
                0x000000e4       0xe4 ../../../../libtock-sync/build/cortex-m3/libtocksync.a(console.o)
 .GCC.command.line
                0x000000e4       0xe4 ../../../../libtock/build/cortex-m3/libtock.a(console.o)
 .GCC.command.line
                0x000000e4       0xe4 ../../../../libtock/build/cortex-m3/libtock.a(console_syscalls.o)

.comment        0x00000000       0x5e
 .comment       0x00000000       0x5e build/cortex-m3/main.o
                                 0x27 (size before relaxing)
 .comment       0x0000005e       0x27 ../../../../libtock/build/cortex-m3/libtock.a(crt0.o)
 .comment       0x0000005e       0x27 ../../../../libtock/build/cortex-m3/libtock.a(ipc.o)
 .comment       0x0000005e       0x27 ../../../../libtock/build/cortex-m3/libtock.a(tock.o)
 .comment       0x0000005e       0x27 ../../../../libtock-sync/build/cortex-m3/libtocksync.a(alarm.o)
 .comment       0x0000005e       0x27 ../../../../lib/libtock-newlib-4.3.0.20230120/arm/arm-none-eabi/lib/thumb/v7-m/nofp/libc.a(libc_a-puts.o)
 .comment       0x0000005e       0x27 ../../../../lib/libtock-newlib-4.3.0.20230120/arm/arm-none-eabi/lib/thumb/v7-m/nofp/libc.a(libc_a-findfp.o)
 .comment       0x0000005e       0x27 ../../../../lib/libtock-newlib-4.3.0.20230120/arm/arm-none-eabi/lib/thumb/v7-m/nofp/libc.a(libc_a-fflush.o)
 .comment       0x0000005e       0x27 ../../../../lib/libtock-newlib-4.3.0.20230120/arm/arm-none-eabi/lib/thumb/v7-m/nofp/libc.a(libc_a-mallocr.o)
 .comment       0x0000005e       0x27 ../../../../lib/libtock-newlib-4.3.0.20230120/arm/arm-none-eabi/lib/thumb/v7-m/nofp/libc.a(libc_a-freer.o)
 .comment       0x0000005e       0x27 ../../../../lib/libtock-newlib-4.3.0.20230120/arm/arm-none-eabi/lib/thumb/v7-m/nofp/libc.a(libc_a-memset.o)
 .comment       0x0000005e       0x27 ../../../../lib/libtock-newlib-4.3.0.20230120/arm/arm-none-eabi/lib/thumb/v7-m/nofp/libc.a(libc_a-fwalk.o)
 .comment       0x0000005e       0x27 ../../../../lib/libtock-newlib-4.3.0.20230120/arm/arm-none-eabi/lib/thumb/v7-m/nofp/libc.a(libc_a-impure.o)
 .comment       0x0000005e       0x27 ../../../../lib/libtock-newlib-4.3.0.20230120/arm/arm-none-eabi/lib/thumb/v7-m/nofp/libc.a(libc_a-mlock.o)
 .comment       0x0000005e       0x27 ../../../../lib/libtock-newlib-4.3.0.20230120/arm/arm-none-eabi/lib/thumb/v7-m/nofp/libc.a(libc_a-exit.o)
 .comment       0x0000005e       0x27 ../../../../lib/libtock-newlib-4.3.0.20230120/arm/arm-none-eabi/lib/thumb/v7-m/nofp/libc.a(libc_a-memcpy-stub.o)
 .comment       0x0000005e       0x27 ../../../../lib/libtock-newlib-4.3.0.20230120/arm/arm-none-eabi/lib/thumb/v7-m/nofp/libc.a(libc_a-printf.o)
 .comment       0x0000005e       0x27 ../../../../lib/libtock-newlib-4.3.0.20230120/arm/arm-none-eabi/lib/thumb/v7-m/nofp/libc.a(libc_a-nano-vfprintf.o)
 .comment       0x0000005e       0x27 ../../../../lib/libtock-newlib-4.3.0.20230120/arm/arm-none-eabi/lib/thumb/v7-m/nofp/libc.a(libc_a-wbuf.o)
 .comment       0x0000005e       0x27 ../../../../lib/libtock-newlib-4.3.0.20230120/arm/arm-none-eabi/lib/thumb/v7-m/nofp/libc.a(libc_a-stdio.o)
 .comment       0x0000005e       0x27 ../../../../lib/libtock-newlib-4.3.0.20230120/arm/arm-none-eabi/lib/thumb/v7-m/nofp/libc.a(libc_a-sbrkr.o)
 .comment       0x0000005e       0x27 ../../../../lib/libtock-newlib-4.3.0.20230120/arm/arm-none-eabi/lib/thumb/v7-m/nofp/libc.a(libc_a-fvwrite.o)
 .comment       0x0000005e       0x27 ../../../../lib/libtock-newlib-4.3.0.20230120/arm/arm-none-eabi/lib/thumb/v7-m/nofp/libc.a(libc_a-wsetup.o)
 .comment       0x0000005e       0x27 ../../../../lib/libtock-newlib-4.3.0.20230120/arm/arm-none-eabi/lib/thumb/v7-m/nofp/libc.a(libc_a-reent.o)
 .comment       0x0000005e       0x27 ../../../../lib/libtock-newlib-4.3.0.20230120/arm/arm-none-eabi/lib/thumb/v7-m/nofp/libc.a(libc_a-memchr-stub.o)
 .comment       0x0000005e       0x27 ../../../../lib/libtock-newlib-4.3.0.20230120/arm/arm-none-eabi/lib/thumb/v7-m/nofp/libc.a(libc_a-readr.o)
 .comment       0x0000005e       0x27 ../../../../lib/libtock-newlib-4.3.0.20230120/arm/arm-none-eabi/lib/thumb/v7-m/nofp/libc.a(libc_a-closer.o)
 .comment       0x0000005e       0x27 ../../../../lib/libtock-newlib-4.3.0.20230120/arm/arm-none-eabi/lib/thumb/v7-m/nofp/libc.a(libc_a-reallocr.o)
 .comment       0x0000005e       0x27 ../../../../lib/libtock-newlib-4.3.0.20230120/arm/arm-none-eabi/lib/thumb/v7-m/nofp/libc.a(libc_a-nano-vfprintf_i.o)
 .comment       0x0000005e       0x27 ../../../../lib/libtock-newlib-4.3.0.20230120/arm/arm-none-eabi/lib/thumb/v7-m/nofp/libc.a(libc_a-makebuf.o)
 .comment       0x0000005e       0x27 ../../../../lib/libtock-newlib-4.3.0.20230120/arm/arm-none-eabi/lib/thumb/v7-m/nofp/libc.a(libc_a-memmove.o)
 .comment       0x0000005e       0x27 ../../../../lib/libtock-newlib-4.3.0.20230120/arm/arm-none-eabi/lib/thumb/v7-m/nofp/libc.a(libc_a-fstatr.o)
 .comment       0x0000005e       0x27 ../../../../lib/libtock-newlib-4.3.0.20230120/arm/arm-none-eabi/lib/thumb/v7-m/nofp/libc.a(libc_a-lseekr.o)
 .comment       0x0000005e       0x27 ../../../../lib/libtock-newlib-4.3.0.20230120/arm/arm-none-eabi/lib/thumb/v7-m/nofp/libc.a(libc_a-writer.o)
 .comment       0x0000005e       0x27 ../../../../lib/libtock-newlib-4.3.0.20230120/arm/arm-none-eabi/lib/thumb/v7-m/nofp/libc.a(libc_a-msizer.o)
 .comment       0x0000005e       0x27 ../../../../lib/libtock-newlib-4.3.0.20230120/arm/arm-none-eabi/lib/thumb/v7-m/nofp/libc.a(libc_a-isattyr.o)
 .comment       0x0000005e       0x27 ../../../../libtock/build/cortex-m3/libtock.a(sys.o)
 .comment       0x0000005e       0x27 ../../../../libtock/build/cortex-m3/libtock.a(alarm.o)
 .comment       0x0000005e       0x27 ../../../../libtock/build/cortex-m3/libtock.a(alarm_syscalls.o)
 .comment       0x0000005e       0x27 ../../../../libtock-sync/build/cortex-m3/libtocksync.a(sys.o)
 .comment       0x0000005e       0x27 ../../../../libtock-sync/build/cortex-m3/libtocksync.a(console.o)
 .comment       0x0000005e       0x27 ../../../../lib/libtock-newlib-4.3.0.20230120/arm/arm-none-eabi/lib/thumb/v7-m/nofp/libc.a(libc_a-assert.o)
 .comment       0x0000005e       0x27 ../../../../lib/libtock-newlib-4.3.0.20230120/arm/arm-none-eabi/lib/thumb/v7-m/nofp/libc.a(libc_a-errno.o)
 .comment       0x0000005e       0x27 ../../../../lib/libtock-newlib-4.3.0.20230120/arm/arm-none-eabi/lib/thumb/v7-m/nofp/libc.a(libc_a-abort.o)
 .comment       0x0000005e       0x27 ../../../../lib/libtock-newlib-4.3.0.20230120/arm/arm-none-eabi/lib/thumb/v7-m/nofp/libc.a(libc_a-fprintf.o)
 .comment       0x0000005e       0x27 ../../../../lib/libtock-newlib-4.3.0.20230120/arm/arm-none-eabi/lib/thumb/v7-m/nofp/libc.a(libc_a-signal.o)
 .comment       0x0000005e       0x27 ../../../../lib/libtock-newlib-4.3.0.20230120/arm/arm-none-eabi/lib/thumb/v7-m/nofp/libc.a(libc_a-signalr.o)
 .comment       0x0000005e       0x13 ../../../../lib/libtock-libc++-13.2.0/arm/lib/gcc/arm-none-eabi/13.2.0/thumb/v7-m/nofp/libgcc.a(_udivmoddi4.o)
 .comment       0x0000005e       0x27 ../../../../libtock/build/cortex-m3/libtock.a(console.o)
 .comment       0x0000005e       0x27 ../../../../libtock/build/cortex-m3/libtock.a(console_syscalls.o)

.ARM.attributes
                0x00000000       0x2b
 .ARM.attributes
                0x00000000       0x2d build/cortex-m3/main.o
 .ARM.attributes
                0x0000002d       0x2d ../../../../libtock/build/cortex-m3/libtock.a(crt0.o)
 .ARM.attributes
                0x0000005a       0x2d ../../../../libtock/build/cortex-m3/libtock.a(ipc.o)
 .ARM.attributes
                0x00000087       0x2d ../../../../libtock/build/cortex-m3/libtock.a(tock.o)
 .ARM.attributes
                0x000000b4       0x2d ../../../../libtock-sync/build/cortex-m3/libtocksync.a(alarm.o)
 .ARM.attributes
                0x000000e1       0x2d ../../../../lib/libtock-newlib-4.3.0.20230120/arm/arm-none-eabi/lib/thumb/v7-m/nofp/libc.a(libc_a-puts.o)
 .ARM.attributes
                0x0000010e       0x2d ../../../../lib/libtock-newlib-4.3.0.20230120/arm/arm-none-eabi/lib/thumb/v7-m/nofp/libc.a(libc_a-findfp.o)
 .ARM.attributes
                0x0000013b       0x2d ../../../../lib/libtock-newlib-4.3.0.20230120/arm/arm-none-eabi/lib/thumb/v7-m/nofp/libc.a(libc_a-fflush.o)
 .ARM.attributes
                0x00000168       0x2d ../../../../lib/libtock-newlib-4.3.0.20230120/arm/arm-none-eabi/lib/thumb/v7-m/nofp/libc.a(libc_a-mallocr.o)
 .ARM.attributes
                0x00000195       0x2d ../../../../lib/libtock-newlib-4.3.0.20230120/arm/arm-none-eabi/lib/thumb/v7-m/nofp/libc.a(libc_a-freer.o)
 .ARM.attributes
                0x000001c2       0x2d ../../../../lib/libtock-newlib-4.3.0.20230120/arm/arm-none-eabi/lib/thumb/v7-m/nofp/libc.a(libc_a-memset.o)
 .ARM.attributes
                0x000001ef       0x2d ../../../../lib/libtock-newlib-4.3.0.20230120/arm/arm-none-eabi/lib/thumb/v7-m/nofp/libc.a(libc_a-fwalk.o)
 .ARM.attributes
                0x0000021c       0x17 ../../../../lib/libtock-newlib-4.3.0.20230120/arm/arm-none-eabi/lib/thumb/v7-m/nofp/libc.a(libc_a-strlen.o)
 .ARM.attributes
                0x00000233       0x2d ../../../../lib/libtock-newlib-4.3.0.20230120/arm/arm-none-eabi/lib/thumb/v7-m/nofp/libc.a(libc_a-impure.o)
 .ARM.attributes
                0x00000260       0x2d ../../../../lib/libtock-newlib-4.3.0.20230120/arm/arm-none-eabi/lib/thumb/v7-m/nofp/libc.a(libc_a-mlock.o)
 .ARM.attributes
                0x0000028d       0x2d ../../../../lib/libtock-newlib-4.3.0.20230120/arm/arm-none-eabi/lib/thumb/v7-m/nofp/libc.a(libc_a-exit.o)
 .ARM.attributes
                0x000002ba       0x2d ../../../../lib/libtock-newlib-4.3.0.20230120/arm/arm-none-eabi/lib/thumb/v7-m/nofp/libc.a(libc_a-memcpy-stub.o)
 .ARM.attributes
                0x000002e7       0x2d ../../../../lib/libtock-newlib-4.3.0.20230120/arm/arm-none-eabi/lib/thumb/v7-m/nofp/libc.a(libc_a-printf.o)
 .ARM.attributes
                0x00000314       0x2d ../../../../lib/libtock-newlib-4.3.0.20230120/arm/arm-none-eabi/lib/thumb/v7-m/nofp/libc.a(libc_a-nano-vfprintf.o)
 .ARM.attributes
                0x00000341       0x2d ../../../../lib/libtock-newlib-4.3.0.20230120/arm/arm-none-eabi/lib/thumb/v7-m/nofp/libc.a(libc_a-wbuf.o)
 .ARM.attributes
                0x0000036e       0x2d ../../../../lib/libtock-newlib-4.3.0.20230120/arm/arm-none-eabi/lib/thumb/v7-m/nofp/libc.a(libc_a-stdio.o)
 .ARM.attributes
                0x0000039b       0x2d ../../../../lib/libtock-newlib-4.3.0.20230120/arm/arm-none-eabi/lib/thumb/v7-m/nofp/libc.a(libc_a-sbrkr.o)
 .ARM.attributes
                0x000003c8       0x2d ../../../../lib/libtock-newlib-4.3.0.20230120/arm/arm-none-eabi/lib/thumb/v7-m/nofp/libc.a(libc_a-fvwrite.o)
 .ARM.attributes
                0x000003f5       0x2d ../../../../lib/libtock-newlib-4.3.0.20230120/arm/arm-none-eabi/lib/thumb/v7-m/nofp/libc.a(libc_a-wsetup.o)
 .ARM.attributes
                0x00000422       0x2d ../../../../lib/libtock-newlib-4.3.0.20230120/arm/arm-none-eabi/lib/thumb/v7-m/nofp/libc.a(libc_a-reent.o)
 .ARM.attributes
                0x0000044f       0x2d ../../../../lib/libtock-newlib-4.3.0.20230120/arm/arm-none-eabi/lib/thumb/v7-m/nofp/libc.a(libc_a-memchr-stub.o)
 .ARM.attributes
                0x0000047c       0x2d ../../../../lib/libtock-newlib-4.3.0.20230120/arm/arm-none-eabi/lib/thumb/v7-m/nofp/libc.a(libc_a-readr.o)
 .ARM.attributes
                0x000004a9       0x2d ../../../../lib/libtock-newlib-4.3.0.20230120/arm/arm-none-eabi/lib/thumb/v7-m/nofp/libc.a(libc_a-closer.o)
 .ARM.attributes
                0x000004d6       0x2d ../../../../lib/libtock-newlib-4.3.0.20230120/arm/arm-none-eabi/lib/thumb/v7-m/nofp/libc.a(libc_a-reallocr.o)
 .ARM.attributes
                0x00000503       0x2d ../../../../lib/libtock-newlib-4.3.0.20230120/arm/arm-none-eabi/lib/thumb/v7-m/nofp/libc.a(libc_a-nano-vfprintf_i.o)
 .ARM.attributes
                0x00000530       0x2d ../../../../lib/libtock-newlib-4.3.0.20230120/arm/arm-none-eabi/lib/thumb/v7-m/nofp/libc.a(libc_a-makebuf.o)
 .ARM.attributes
                0x0000055d       0x2d ../../../../lib/libtock-newlib-4.3.0.20230120/arm/arm-none-eabi/lib/thumb/v7-m/nofp/libc.a(libc_a-memmove.o)
 .ARM.attributes
                0x0000058a       0x2d ../../../../lib/libtock-newlib-4.3.0.20230120/arm/arm-none-eabi/lib/thumb/v7-m/nofp/libc.a(libc_a-fstatr.o)
 .ARM.attributes
                0x000005b7       0x2d ../../../../lib/libtock-newlib-4.3.0.20230120/arm/arm-none-eabi/lib/thumb/v7-m/nofp/libc.a(libc_a-lseekr.o)
 .ARM.attributes
                0x000005e4       0x2d ../../../../lib/libtock-newlib-4.3.0.20230120/arm/arm-none-eabi/lib/thumb/v7-m/nofp/libc.a(libc_a-writer.o)
 .ARM.attributes
                0x00000611       0x2d ../../../../lib/libtock-newlib-4.3.0.20230120/arm/arm-none-eabi/lib/thumb/v7-m/nofp/libc.a(libc_a-msizer.o)
 .ARM.attributes
                0x0000063e       0x2d ../../../../lib/libtock-newlib-4.3.0.20230120/arm/arm-none-eabi/lib/thumb/v7-m/nofp/libc.a(libc_a-isattyr.o)
 .ARM.attributes
                0x0000066b       0x2d ../../../../libtock/build/cortex-m3/libtock.a(sys.o)
 .ARM.attributes
                0x00000698       0x2d ../../../../libtock/build/cortex-m3/libtock.a(alarm.o)
 .ARM.attributes
                0x000006c5       0x2d ../../../../libtock/build/cortex-m3/libtock.a(alarm_syscalls.o)
 .ARM.attributes
                0x000006f2       0x2d ../../../../libtock-sync/build/cortex-m3/libtocksync.a(sys.o)
 .ARM.attributes
                0x0000071f       0x2d ../../../../libtock-sync/build/cortex-m3/libtocksync.a(console.o)
 .ARM.attributes
                0x0000074c       0x2d ../../../../lib/libtock-newlib-4.3.0.20230120/arm/arm-none-eabi/lib/thumb/v7-m/nofp/libc.a(libc_a-assert.o)
 .ARM.attributes
                0x00000779       0x2d ../../../../lib/libtock-newlib-4.3.0.20230120/arm/arm-none-eabi/lib/thumb/v7-m/nofp/libc.a(libc_a-errno.o)
 .ARM.attributes
                0x000007a6       0x2d ../../../../lib/libtock-newlib-4.3.0.20230120/arm/arm-none-eabi/lib/thumb/v7-m/nofp/libc.a(libc_a-abort.o)
 .ARM.attributes
                0x000007d3       0x2d ../../../../lib/libtock-newlib-4.3.0.20230120/arm/arm-none-eabi/lib/thumb/v7-m/nofp/libc.a(libc_a-fprintf.o)
 .ARM.attributes
                0x00000800       0x2d ../../../../lib/libtock-newlib-4.3.0.20230120/arm/arm-none-eabi/lib/thumb/v7-m/nofp/libc.a(libc_a-signal.o)
 .ARM.attributes
                0x0000082d       0x2d ../../../../lib/libtock-newlib-4.3.0.20230120/arm/arm-none-eabi/lib/thumb/v7-m/nofp/libc.a(libc_a-signalr.o)
 .ARM.attributes
                0x0000085a       0x1d ../../../../lib/libtock-libc++-13.2.0/arm/lib/gcc/arm-none-eabi/13.2.0/thumb/v7-m/nofp/libgcc.a(_aeabi_ldivmod.o)
 .ARM.attributes
                0x00000877       0x1d ../../../../lib/libtock-libc++-13.2.0/arm/lib/gcc/arm-none-eabi/13.2.0/thumb/v7-m/nofp/libgcc.a(_aeabi_uldivmod.o)
 .ARM.attributes
                0x00000894       0x2d ../../../../lib/libtock-libc++-13.2.0/arm/lib/gcc/arm-none-eabi/13.2.0/thumb/v7-m/nofp/libgcc.a(_udivmoddi4.o)
 .ARM.attributes
                0x000008c1       0x1d ../../../../lib/libtock-libc++-13.2.0/arm/lib/gcc/arm-none-eabi/13.2.0/thumb/v7-m/nofp/libgcc.a(_dvmd_tls.o)
 .ARM.attributes
                0x000008de       0x2d ../../../../libtock/build/cortex-m3/libtock.a(console.o)
 .ARM.attributes
                0x0000090b       0x2d ../../../../libtock/build/cortex-m3/libtock.a(console_syscalls.o)

.debug_info     0x00000000    0x181c3
 .debug_info    0x00000000      0x366 build/cortex-m3/main.o
 .debug_info    0x00000366      0x66f ../../../../libtock/build/cortex-m3/libtock.a(crt0.o)
 .debug_info    0x000009d5      0x935 ../../../../libtock/build/cortex-m3/libtock.a(ipc.o)
 .debug_info    0x0000130a     0x1578 ../../../../libtock/build/cortex-m3/libtock.a(tock.o)
 .debug_info    0x00002882      0x47b ../../../../libtock-sync/build/cortex-m3/libtocksync.a(alarm.o)
 .debug_info    0x00002cfd      0x906 ../../../../lib/libtock-newlib-4.3.0.20230120/arm/arm-none-eabi/lib/thumb/v7-m/nofp/libc.a(libc_a-puts.o)
 .debug_info    0x00003603      0xe40 ../../../../lib/libtock-newlib-4.3.0.20230120/arm/arm-none-eabi/lib/thumb/v7-m/nofp/libc.a(libc_a-findfp.o)
 .debug_info    0x00004443      0x998 ../../../../lib/libtock-newlib-4.3.0.20230120/arm/arm-none-eabi/lib/thumb/v7-m/nofp/libc.a(libc_a-fflush.o)
 .debug_info    0x00004ddb      0x9ac ../../../../lib/libtock-newlib-4.3.0.20230120/arm/arm-none-eabi/lib/thumb/v7-m/nofp/libc.a(libc_a-mallocr.o)
 .debug_info    0x00005787      0x841 ../../../../lib/libtock-newlib-4.3.0.20230120/arm/arm-none-eabi/lib/thumb/v7-m/nofp/libc.a(libc_a-freer.o)
 .debug_info    0x00005fc8       0xe0 ../../../../lib/libtock-newlib-4.3.0.20230120/arm/arm-none-eabi/lib/thumb/v7-m/nofp/libc.a(libc_a-memset.o)
 .debug_info    0x000060a8      0x7c8 ../../../../lib/libtock-newlib-4.3.0.20230120/arm/arm-none-eabi/lib/thumb/v7-m/nofp/libc.a(libc_a-fwalk.o)
 .debug_info    0x00006870       0x31 ../../../../lib/libtock-newlib-4.3.0.20230120/arm/arm-none-eabi/lib/thumb/v7-m/nofp/libc.a(libc_a-strlen.o)
 .debug_info    0x000068a1      0x70b ../../../../lib/libtock-newlib-4.3.0.20230120/arm/arm-none-eabi/lib/thumb/v7-m/nofp/libc.a(libc_a-impure.o)
 .debug_info    0x00006fac      0x71c ../../../../lib/libtock-newlib-4.3.0.20230120/arm/arm-none-eabi/lib/thumb/v7-m/nofp/libc.a(libc_a-mlock.o)
 .debug_info    0x000076c8      0x11b ../../../../lib/libtock-newlib-4.3.0.20230120/arm/arm-none-eabi/lib/thumb/v7-m/nofp/libc.a(libc_a-exit.o)
 .debug_info    0x000077e3      0x121 ../../../../lib/libtock-newlib-4.3.0.20230120/arm/arm-none-eabi/lib/thumb/v7-m/nofp/libc.a(libc_a-memcpy-stub.o)
 .debug_info    0x00007904      0x831 ../../../../lib/libtock-newlib-4.3.0.20230120/arm/arm-none-eabi/lib/thumb/v7-m/nofp/libc.a(libc_a-printf.o)
 .debug_info    0x00008135     0x1018 ../../../../lib/libtock-newlib-4.3.0.20230120/arm/arm-none-eabi/lib/thumb/v7-m/nofp/libc.a(libc_a-nano-vfprintf.o)
 .debug_info    0x0000914d      0x85e ../../../../lib/libtock-newlib-4.3.0.20230120/arm/arm-none-eabi/lib/thumb/v7-m/nofp/libc.a(libc_a-wbuf.o)
 .debug_info    0x000099ab      0xa4a ../../../../lib/libtock-newlib-4.3.0.20230120/arm/arm-none-eabi/lib/thumb/v7-m/nofp/libc.a(libc_a-stdio.o)
 .debug_info    0x0000a3f5      0x772 ../../../../lib/libtock-newlib-4.3.0.20230120/arm/arm-none-eabi/lib/thumb/v7-m/nofp/libc.a(libc_a-sbrkr.o)
 .debug_info    0x0000ab67      0xb33 ../../../../lib/libtock-newlib-4.3.0.20230120/arm/arm-none-eabi/lib/thumb/v7-m/nofp/libc.a(libc_a-fvwrite.o)
 .debug_info    0x0000b69a      0x7b1 ../../../../lib/libtock-newlib-4.3.0.20230120/arm/arm-none-eabi/lib/thumb/v7-m/nofp/libc.a(libc_a-wsetup.o)
 .debug_info    0x0000be4b      0x84b ../../../../lib/libtock-newlib-4.3.0.20230120/arm/arm-none-eabi/lib/thumb/v7-m/nofp/libc.a(libc_a-reent.o)
 .debug_info    0x0000c696      0x110 ../../../../lib/libtock-newlib-4.3.0.20230120/arm/arm-none-eabi/lib/thumb/v7-m/nofp/libc.a(libc_a-memchr-stub.o)
 .debug_info    0x0000c7a6      0x7a3 ../../../../lib/libtock-newlib-4.3.0.20230120/arm/arm-none-eabi/lib/thumb/v7-m/nofp/libc.a(libc_a-readr.o)
 .debug_info    0x0000cf49      0x74c ../../../../lib/libtock-newlib-4.3.0.20230120/arm/arm-none-eabi/lib/thumb/v7-m/nofp/libc.a(libc_a-closer.o)
 .debug_info    0x0000d695      0x8bd ../../../../lib/libtock-newlib-4.3.0.20230120/arm/arm-none-eabi/lib/thumb/v7-m/nofp/libc.a(libc_a-reallocr.o)
 .debug_info    0x0000df52      0xdd8 ../../../../lib/libtock-newlib-4.3.0.20230120/arm/arm-none-eabi/lib/thumb/v7-m/nofp/libc.a(libc_a-nano-vfprintf_i.o)
 .debug_info    0x0000ed2a      0xb0a ../../../../lib/libtock-newlib-4.3.0.20230120/arm/arm-none-eabi/lib/thumb/v7-m/nofp/libc.a(libc_a-makebuf.o)
 .debug_info    0x0000f834      0x10f ../../../../lib/libtock-newlib-4.3.0.20230120/arm/arm-none-eabi/lib/thumb/v7-m/nofp/libc.a(libc_a-memmove.o)
 .debug_info    0x0000f943      0x96b ../../../../lib/libtock-newlib-4.3.0.20230120/arm/arm-none-eabi/lib/thumb/v7-m/nofp/libc.a(libc_a-fstatr.o)
 .debug_info    0x000102ae      0x78c ../../../../lib/libtock-newlib-4.3.0.20230120/arm/arm-none-eabi/lib/thumb/v7-m/nofp/libc.a(libc_a-lseekr.o)
 .debug_info    0x00010a3a      0x7a9 ../../../../lib/libtock-newlib-4.3.0.20230120/arm/arm-none-eabi/lib/thumb/v7-m/nofp/libc.a(libc_a-writer.o)
 .debug_info    0x000111e3      0x78a ../../../../lib/libtock-newlib-4.3.0.20230120/arm/arm-none-eabi/lib/thumb/v7-m/nofp/libc.a(libc_a-msizer.o)
 .debug_info    0x0001196d      0x74c ../../../../lib/libtock-newlib-4.3.0.20230120/arm/arm-none-eabi/lib/thumb/v7-m/nofp/libc.a(libc_a-isattyr.o)
 .debug_info    0x000120b9      0x6b8 ../../../../libtock/build/cortex-m3/libtock.a(sys.o)
 .debug_info    0x00012771     0x1021 ../../../../libtock/build/cortex-m3/libtock.a(alarm.o)
 .debug_info    0x00013792      0x648 ../../../../libtock/build/cortex-m3/libtock.a(alarm_syscalls.o)
 .debug_info    0x00013dda      0x1ef ../../../../libtock-sync/build/cortex-m3/libtocksync.a(sys.o)
 .debug_info    0x00013fc9      0x39a ../../../../libtock-sync/build/cortex-m3/libtocksync.a(console.o)
 .debug_info    0x00014363      0x80a ../../../../lib/libtock-newlib-4.3.0.20230120/arm/arm-none-eabi/lib/thumb/v7-m/nofp/libc.a(libc_a-assert.o)
 .debug_info    0x00014b6d      0x6f1 ../../../../lib/libtock-newlib-4.3.0.20230120/arm/arm-none-eabi/lib/thumb/v7-m/nofp/libc.a(libc_a-errno.o)
 .debug_info    0x0001525e       0xd8 ../../../../lib/libtock-newlib-4.3.0.20230120/arm/arm-none-eabi/lib/thumb/v7-m/nofp/libc.a(libc_a-abort.o)
 .debug_info    0x00015336      0x84b ../../../../lib/libtock-newlib-4.3.0.20230120/arm/arm-none-eabi/lib/thumb/v7-m/nofp/libc.a(libc_a-fprintf.o)
 .debug_info    0x00015b81      0x9e5 ../../../../lib/libtock-newlib-4.3.0.20230120/arm/arm-none-eabi/lib/thumb/v7-m/nofp/libc.a(libc_a-signal.o)
 .debug_info    0x00016566      0x7d3 ../../../../lib/libtock-newlib-4.3.0.20230120/arm/arm-none-eabi/lib/thumb/v7-m/nofp/libc.a(libc_a-signalr.o)
 .debug_info    0x00016d39       0x25 ../../../../lib/libtock-libc++-13.2.0/arm/lib/gcc/arm-none-eabi/13.2.0/thumb/v7-m/nofp/libgcc.a(_aeabi_ldivmod.o)
 .debug_info    0x00016d5e       0x24 ../../../../lib/libtock-libc++-13.2.0/arm/lib/gcc/arm-none-eabi/13.2.0/thumb/v7-m/nofp/libgcc.a(_aeabi_uldivmod.o)
 .debug_info    0x00016d82      0x6f1 ../../../../lib/libtock-libc++-13.2.0/arm/lib/gcc/arm-none-eabi/13.2.0/thumb/v7-m/nofp/libgcc.a(_udivmoddi4.o)
 .debug_info    0x00017473       0x3c ../../../../lib/libtock-libc++-13.2.0/arm/lib/gcc/arm-none-eabi/13.2.0/thumb/v7-m/nofp/libgcc.a(_dvmd_tls.o)
 .debug_info    0x000174af      0x496 ../../../../libtock/build/cortex-m3/libtock.a(console.o)
 .debug_info    0x00017945      0x87e ../../../../libtock/build/cortex-m3/libtock.a(console_syscalls.o)

.debug_abbrev   0x00000000     0x5ffb
 .debug_abbrev  0x00000000      0x199 build/cortex-m3/main.o
 .debug_abbrev  0x00000199      0x216 ../../../../libtock/build/cortex-m3/libtock.a(crt0.o)
 .debug_abbrev  0x000003af      0x1b3 ../../../../libtock/build/cortex-m3/libtock.a(ipc.o)
 .debug_abbrev  0x00000562      0x3c0 ../../../../libtock/build/cortex-m3/libtock.a(tock.o)
 .debug_abbrev  0x00000922      0x1e0 ../../../../libtock-sync/build/cortex-m3/libtocksync.a(alarm.o)
 .debug_abbrev  0x00000b02      0x293 ../../../../lib/libtock-newlib-4.3.0.20230120/arm/arm-none-eabi/lib/thumb/v7-m/nofp/libc.a(libc_a-puts.o)
 .debug_abbrev  0x00000d95      0x42c ../../../../lib/libtock-newlib-4.3.0.20230120/arm/arm-none-eabi/lib/thumb/v7-m/nofp/libc.a(libc_a-findfp.o)
 .debug_abbrev  0x000011c1      0x2ac ../../../../lib/libtock-newlib-4.3.0.20230120/arm/arm-none-eabi/lib/thumb/v7-m/nofp/libc.a(libc_a-fflush.o)
 .debug_abbrev  0x0000146d      0x24a ../../../../lib/libtock-newlib-4.3.0.20230120/arm/arm-none-eabi/lib/thumb/v7-m/nofp/libc.a(libc_a-mallocr.o)
 .debug_abbrev  0x000016b7      0x236 ../../../../lib/libtock-newlib-4.3.0.20230120/arm/arm-none-eabi/lib/thumb/v7-m/nofp/libc.a(libc_a-freer.o)
 .debug_abbrev  0x000018ed       0x9e ../../../../lib/libtock-newlib-4.3.0.20230120/arm/arm-none-eabi/lib/thumb/v7-m/nofp/libc.a(libc_a-memset.o)
 .debug_abbrev  0x0000198b      0x19b ../../../../lib/libtock-newlib-4.3.0.20230120/arm/arm-none-eabi/lib/thumb/v7-m/nofp/libc.a(libc_a-fwalk.o)
 .debug_abbrev  0x00001b26       0x28 ../../../../lib/libtock-newlib-4.3.0.20230120/arm/arm-none-eabi/lib/thumb/v7-m/nofp/libc.a(libc_a-strlen.o)
 .debug_abbrev  0x00001b4e      0x149 ../../../../lib/libtock-newlib-4.3.0.20230120/arm/arm-none-eabi/lib/thumb/v7-m/nofp/libc.a(libc_a-impure.o)
 .debug_abbrev  0x00001c97      0x192 ../../../../lib/libtock-newlib-4.3.0.20230120/arm/arm-none-eabi/lib/thumb/v7-m/nofp/libc.a(libc_a-mlock.o)
 .debug_abbrev  0x00001e29       0xd8 ../../../../lib/libtock-newlib-4.3.0.20230120/arm/arm-none-eabi/lib/thumb/v7-m/nofp/libc.a(libc_a-exit.o)
 .debug_abbrev  0x00001f01       0xc1 ../../../../lib/libtock-newlib-4.3.0.20230120/arm/arm-none-eabi/lib/thumb/v7-m/nofp/libc.a(libc_a-memcpy-stub.o)
 .debug_abbrev  0x00001fc2      0x21a ../../../../lib/libtock-newlib-4.3.0.20230120/arm/arm-none-eabi/lib/thumb/v7-m/nofp/libc.a(libc_a-printf.o)
 .debug_abbrev  0x000021dc      0x304 ../../../../lib/libtock-newlib-4.3.0.20230120/arm/arm-none-eabi/lib/thumb/v7-m/nofp/libc.a(libc_a-nano-vfprintf.o)
 .debug_abbrev  0x000024e0      0x22d ../../../../lib/libtock-newlib-4.3.0.20230120/arm/arm-none-eabi/lib/thumb/v7-m/nofp/libc.a(libc_a-wbuf.o)
 .debug_abbrev  0x0000270d      0x221 ../../../../lib/libtock-newlib-4.3.0.20230120/arm/arm-none-eabi/lib/thumb/v7-m/nofp/libc.a(libc_a-stdio.o)
 .debug_abbrev  0x0000292e      0x1da ../../../../lib/libtock-newlib-4.3.0.20230120/arm/arm-none-eabi/lib/thumb/v7-m/nofp/libc.a(libc_a-sbrkr.o)
 .debug_abbrev  0x00002b08      0x21b ../../../../lib/libtock-newlib-4.3.0.20230120/arm/arm-none-eabi/lib/thumb/v7-m/nofp/libc.a(libc_a-fvwrite.o)
 .debug_abbrev  0x00002d23      0x1e2 ../../../../lib/libtock-newlib-4.3.0.20230120/arm/arm-none-eabi/lib/thumb/v7-m/nofp/libc.a(libc_a-wsetup.o)
 .debug_abbrev  0x00002f05      0x1ed ../../../../lib/libtock-newlib-4.3.0.20230120/arm/arm-none-eabi/lib/thumb/v7-m/nofp/libc.a(libc_a-reent.o)
 .debug_abbrev  0x000030f2       0xb1 ../../../../lib/libtock-newlib-4.3.0.20230120/arm/arm-none-eabi/lib/thumb/v7-m/nofp/libc.a(libc_a-memchr-stub.o)
 .debug_abbrev  0x000031a3      0x1b0 ../../../../lib/libtock-newlib-4.3.0.20230120/arm/arm-none-eabi/lib/thumb/v7-m/nofp/libc.a(libc_a-readr.o)
 .debug_abbrev  0x00003353      0x1b0 ../../../../lib/libtock-newlib-4.3.0.20230120/arm/arm-none-eabi/lib/thumb/v7-m/nofp/libc.a(libc_a-closer.o)
 .debug_abbrev  0x00003503      0x217 ../../../../lib/libtock-newlib-4.3.0.20230120/arm/arm-none-eabi/lib/thumb/v7-m/nofp/libc.a(libc_a-reallocr.o)
 .debug_abbrev  0x0000371a      0x285 ../../../../lib/libtock-newlib-4.3.0.20230120/arm/arm-none-eabi/lib/thumb/v7-m/nofp/libc.a(libc_a-nano-vfprintf_i.o)
 .debug_abbrev  0x0000399f      0x28e ../../../../lib/libtock-newlib-4.3.0.20230120/arm/arm-none-eabi/lib/thumb/v7-m/nofp/libc.a(libc_a-makebuf.o)
 .debug_abbrev  0x00003c2d       0xac ../../../../lib/libtock-newlib-4.3.0.20230120/arm/arm-none-eabi/lib/thumb/v7-m/nofp/libc.a(libc_a-memmove.o)
 .debug_abbrev  0x00003cd9      0x1c3 ../../../../lib/libtock-newlib-4.3.0.20230120/arm/arm-none-eabi/lib/thumb/v7-m/nofp/libc.a(libc_a-fstatr.o)
 .debug_abbrev  0x00003e9c      0x1c4 ../../../../lib/libtock-newlib-4.3.0.20230120/arm/arm-none-eabi/lib/thumb/v7-m/nofp/libc.a(libc_a-lseekr.o)
 .debug_abbrev  0x00004060      0x1b5 ../../../../lib/libtock-newlib-4.3.0.20230120/arm/arm-none-eabi/lib/thumb/v7-m/nofp/libc.a(libc_a-writer.o)
 .debug_abbrev  0x00004215      0x196 ../../../../lib/libtock-newlib-4.3.0.20230120/arm/arm-none-eabi/lib/thumb/v7-m/nofp/libc.a(libc_a-msizer.o)
 .debug_abbrev  0x000043ab      0x1b0 ../../../../lib/libtock-newlib-4.3.0.20230120/arm/arm-none-eabi/lib/thumb/v7-m/nofp/libc.a(libc_a-isattyr.o)
 .debug_abbrev  0x0000455b      0x231 ../../../../libtock/build/cortex-m3/libtock.a(sys.o)
 .debug_abbrev  0x0000478c      0x52b ../../../../libtock/build/cortex-m3/libtock.a(alarm.o)
 .debug_abbrev  0x00004cb7      0x173 ../../../../libtock/build/cortex-m3/libtock.a(alarm_syscalls.o)
 .debug_abbrev  0x00004e2a       0xff ../../../../libtock-sync/build/cortex-m3/libtocksync.a(sys.o)
 .debug_abbrev  0x00004f29      0x183 ../../../../libtock-sync/build/cortex-m3/libtocksync.a(console.o)
 .debug_abbrev  0x000050ac      0x1ea ../../../../lib/libtock-newlib-4.3.0.20230120/arm/arm-none-eabi/lib/thumb/v7-m/nofp/libc.a(libc_a-assert.o)
 .debug_abbrev  0x00005296      0x15e ../../../../lib/libtock-newlib-4.3.0.20230120/arm/arm-none-eabi/lib/thumb/v7-m/nofp/libc.a(libc_a-errno.o)
 .debug_abbrev  0x000053f4       0x99 ../../../../lib/libtock-newlib-4.3.0.20230120/arm/arm-none-eabi/lib/thumb/v7-m/nofp/libc.a(libc_a-abort.o)
 .debug_abbrev  0x0000548d      0x21d ../../../../lib/libtock-newlib-4.3.0.20230120/arm/arm-none-eabi/lib/thumb/v7-m/nofp/libc.a(libc_a-fprintf.o)
 .debug_abbrev  0x000056aa      0x24e ../../../../lib/libtock-newlib-4.3.0.20230120/arm/arm-none-eabi/lib/thumb/v7-m/nofp/libc.a(libc_a-signal.o)
 .debug_abbrev  0x000058f8      0x1fd ../../../../lib/libtock-newlib-4.3.0.20230120/arm/arm-none-eabi/lib/thumb/v7-m/nofp/libc.a(libc_a-signalr.o)
 .debug_abbrev  0x00005af5       0x14 ../../../../lib/libtock-libc++-13.2.0/arm/lib/gcc/arm-none-eabi/13.2.0/thumb/v7-m/nofp/libgcc.a(_aeabi_ldivmod.o)
 .debug_abbrev  0x00005b09       0x14 ../../../../lib/libtock-libc++-13.2.0/arm/lib/gcc/arm-none-eabi/13.2.0/thumb/v7-m/nofp/libgcc.a(_aeabi_uldivmod.o)
 .debug_abbrev  0x00005b1d      0x188 ../../../../lib/libtock-libc++-13.2.0/arm/lib/gcc/arm-none-eabi/13.2.0/thumb/v7-m/nofp/libgcc.a(_udivmoddi4.o)
 .debug_abbrev  0x00005ca5       0x26 ../../../../lib/libtock-libc++-13.2.0/arm/lib/gcc/arm-none-eabi/13.2.0/thumb/v7-m/nofp/libgcc.a(_dvmd_tls.o)
 .debug_abbrev  0x00005ccb      0x187 ../../../../libtock/build/cortex-m3/libtock.a(console.o)
 .debug_abbrev  0x00005e52      0x1a9 ../../../../libtock/build/cortex-m3/libtock.a(console_syscalls.o)

.debug_loc      0x00000000     0x428d
 .debug_loc     0x00000000       0xb2 build/cortex-m3/main.o
 .debug_loc     0x000000b2      0x57b ../../../../libtock/build/cortex-m3/libtock.a(crt0.o)
 .debug_loc     0x0000062d      0x56b ../../../../libtock/build/cortex-m3/libtock.a(ipc.o)
 .debug_loc     0x00000b98     0x1494 ../../../../libtock/build/cortex-m3/libtock.a(tock.o)
 .debug_loc     0x0000202c      0x189 ../../../../libtock-sync/build/cortex-m3/libtocksync.a(alarm.o)
 .debug_loc     0x000021b5      0x23f ../../../../libtock/build/cortex-m3/libtock.a(sys.o)
 .debug_loc     0x000023f4     0x121b ../../../../libtock/build/cortex-m3/libtock.a(alarm.o)
 .debug_loc     0x0000360f      0x2e8 ../../../../libtock/build/cortex-m3/libtock.a(alarm_syscalls.o)
 .debug_loc     0x000038f7       0xc7 ../../../../libtock-sync/build/cortex-m3/libtocksync.a(sys.o)
 .debug_loc     0x000039be      0x192 ../../../../libtock-sync/build/cortex-m3/libtocksync.a(console.o)
 .debug_loc     0x00003b50      0x381 ../../../../libtock/build/cortex-m3/libtock.a(console.o)
 .debug_loc     0x00003ed1      0x3bc ../../../../libtock/build/cortex-m3/libtock.a(console_syscalls.o)

.debug_aranges  0x00000000      0xa80
 .debug_aranges
                0x00000000       0x28 build/cortex-m3/main.o
 .debug_aranges
                0x00000028       0x30 ../../../../libtock/build/cortex-m3/libtock.a(crt0.o)
 .debug_aranges
                0x00000058       0x48 ../../../../libtock/build/cortex-m3/libtock.a(ipc.o)
 .debug_aranges
                0x000000a0      0x128 ../../../../libtock/build/cortex-m3/libtock.a(tock.o)
 .debug_aranges
                0x000001c8       0x38 ../../../../libtock-sync/build/cortex-m3/libtocksync.a(alarm.o)
 .debug_aranges
                0x00000200       0x28 ../../../../lib/libtock-newlib-4.3.0.20230120/arm/arm-none-eabi/lib/thumb/v7-m/nofp/libc.a(libc_a-puts.o)
 .debug_aranges
                0x00000228       0x78 ../../../../lib/libtock-newlib-4.3.0.20230120/arm/arm-none-eabi/lib/thumb/v7-m/nofp/libc.a(libc_a-findfp.o)
 .debug_aranges
                0x000002a0       0x30 ../../../../lib/libtock-newlib-4.3.0.20230120/arm/arm-none-eabi/lib/thumb/v7-m/nofp/libc.a(libc_a-fflush.o)
 .debug_aranges
                0x000002d0       0x28 ../../../../lib/libtock-newlib-4.3.0.20230120/arm/arm-none-eabi/lib/thumb/v7-m/nofp/libc.a(libc_a-mallocr.o)
 .debug_aranges
                0x000002f8       0x20 ../../../../lib/libtock-newlib-4.3.0.20230120/arm/arm-none-eabi/lib/thumb/v7-m/nofp/libc.a(libc_a-freer.o)
 .debug_aranges
                0x00000318       0x20 ../../../../lib/libtock-newlib-4.3.0.20230120/arm/arm-none-eabi/lib/thumb/v7-m/nofp/libc.a(libc_a-memset.o)
 .debug_aranges
                0x00000338       0x20 ../../../../lib/libtock-newlib-4.3.0.20230120/arm/arm-none-eabi/lib/thumb/v7-m/nofp/libc.a(libc_a-fwalk.o)
 .debug_aranges
                0x00000358       0x20 ../../../../lib/libtock-newlib-4.3.0.20230120/arm/arm-none-eabi/lib/thumb/v7-m/nofp/libc.a(libc_a-strlen.o)
 .debug_aranges
                0x00000378       0x18 ../../../../lib/libtock-newlib-4.3.0.20230120/arm/arm-none-eabi/lib/thumb/v7-m/nofp/libc.a(libc_a-impure.o)
 .debug_aranges
                0x00000390       0x28 ../../../../lib/libtock-newlib-4.3.0.20230120/arm/arm-none-eabi/lib/thumb/v7-m/nofp/libc.a(libc_a-mlock.o)
 .debug_aranges
                0x000003b8       0x20 ../../../../lib/libtock-newlib-4.3.0.20230120/arm/arm-none-eabi/lib/thumb/v7-m/nofp/libc.a(libc_a-exit.o)
 .debug_aranges
                0x000003d8       0x20 ../../../../lib/libtock-newlib-4.3.0.20230120/arm/arm-none-eabi/lib/thumb/v7-m/nofp/libc.a(libc_a-memcpy-stub.o)
 .debug_aranges
                0x000003f8       0x28 ../../../../lib/libtock-newlib-4.3.0.20230120/arm/arm-none-eabi/lib/thumb/v7-m/nofp/libc.a(libc_a-printf.o)
 .debug_aranges
                0x00000420       0x40 ../../../../lib/libtock-newlib-4.3.0.20230120/arm/arm-none-eabi/lib/thumb/v7-m/nofp/libc.a(libc_a-nano-vfprintf.o)
 .debug_aranges
                0x00000460       0x28 ../../../../lib/libtock-newlib-4.3.0.20230120/arm/arm-none-eabi/lib/thumb/v7-m/nofp/libc.a(libc_a-wbuf.o)
 .debug_aranges
                0x00000488       0x40 ../../../../lib/libtock-newlib-4.3.0.20230120/arm/arm-none-eabi/lib/thumb/v7-m/nofp/libc.a(libc_a-stdio.o)
 .debug_aranges
                0x000004c8       0x20 ../../../../lib/libtock-newlib-4.3.0.20230120/arm/arm-none-eabi/lib/thumb/v7-m/nofp/libc.a(libc_a-sbrkr.o)
 .debug_aranges
                0x000004e8       0x20 ../../../../lib/libtock-newlib-4.3.0.20230120/arm/arm-none-eabi/lib/thumb/v7-m/nofp/libc.a(libc_a-fvwrite.o)
 .debug_aranges
                0x00000508       0x20 ../../../../lib/libtock-newlib-4.3.0.20230120/arm/arm-none-eabi/lib/thumb/v7-m/nofp/libc.a(libc_a-wsetup.o)
 .debug_aranges
                0x00000528       0x20 ../../../../lib/libtock-newlib-4.3.0.20230120/arm/arm-none-eabi/lib/thumb/v7-m/nofp/libc.a(libc_a-reent.o)
 .debug_aranges
                0x00000548       0x20 ../../../../lib/libtock-newlib-4.3.0.20230120/arm/arm-none-eabi/lib/thumb/v7-m/nofp/libc.a(libc_a-memchr-stub.o)
 .debug_aranges
                0x00000568       0x20 ../../../../lib/libtock-newlib-4.3.0.20230120/arm/arm-none-eabi/lib/thumb/v7-m/nofp/libc.a(libc_a-readr.o)
 .debug_aranges
                0x00000588       0x20 ../../../../lib/libtock-newlib-4.3.0.20230120/arm/arm-none-eabi/lib/thumb/v7-m/nofp/libc.a(libc_a-closer.o)
 .debug_aranges
                0x000005a8       0x20 ../../../../lib/libtock-newlib-4.3.0.20230120/arm/arm-none-eabi/lib/thumb/v7-m/nofp/libc.a(libc_a-reallocr.o)
 .debug_aranges
                0x000005c8       0x28 ../../../../lib/libtock-newlib-4.3.0.20230120/arm/arm-none-eabi/lib/thumb/v7-m/nofp/libc.a(libc_a-nano-vfprintf_i.o)
 .debug_aranges
                0x000005f0       0x28 ../../../../lib/libtock-newlib-4.3.0.20230120/arm/arm-none-eabi/lib/thumb/v7-m/nofp/libc.a(libc_a-makebuf.o)
 .debug_aranges
                0x00000618       0x20 ../../../../lib/libtock-newlib-4.3.0.20230120/arm/arm-none-eabi/lib/thumb/v7-m/nofp/libc.a(libc_a-memmove.o)
 .debug_aranges
                0x00000638       0x20 ../../../../lib/libtock-newlib-4.3.0.20230120/arm/arm-none-eabi/lib/thumb/v7-m/nofp/libc.a(libc_a-fstatr.o)
 .debug_aranges
                0x00000658       0x20 ../../../../lib/libtock-newlib-4.3.0.20230120/arm/arm-none-eabi/lib/thumb/v7-m/nofp/libc.a(libc_a-lseekr.o)
 .debug_aranges
                0x00000678       0x20 ../../../../lib/libtock-newlib-4.3.0.20230120/arm/arm-none-eabi/lib/thumb/v7-m/nofp/libc.a(libc_a-writer.o)
 .debug_aranges
                0x00000698       0x20 ../../../../lib/libtock-newlib-4.3.0.20230120/arm/arm-none-eabi/lib/thumb/v7-m/nofp/libc.a(libc_a-msizer.o)
 .debug_aranges
                0x000006b8       0x20 ../../../../lib/libtock-newlib-4.3.0.20230120/arm/arm-none-eabi/lib/thumb/v7-m/nofp/libc.a(libc_a-isattyr.o)
 .debug_aranges
                0x000006d8       0x70 ../../../../libtock/build/cortex-m3/libtock.a(sys.o)
 .debug_aranges
                0x00000748       0x78 ../../../../libtock/build/cortex-m3/libtock.a(alarm.o)
 .debug_aranges
                0x000007c0       0x50 ../../../../libtock/build/cortex-m3/libtock.a(alarm_syscalls.o)
 .debug_aranges
                0x00000810       0x20 ../../../../libtock-sync/build/cortex-m3/libtocksync.a(sys.o)
 .debug_aranges
                0x00000830       0x30 ../../../../libtock-sync/build/cortex-m3/libtocksync.a(console.o)
 .debug_aranges
                0x00000860       0x28 ../../../../lib/libtock-newlib-4.3.0.20230120/arm/arm-none-eabi/lib/thumb/v7-m/nofp/libc.a(libc_a-assert.o)
 .debug_aranges
                0x00000888       0x20 ../../../../lib/libtock-newlib-4.3.0.20230120/arm/arm-none-eabi/lib/thumb/v7-m/nofp/libc.a(libc_a-errno.o)
 .debug_aranges
                0x000008a8       0x20 ../../../../lib/libtock-newlib-4.3.0.20230120/arm/arm-none-eabi/lib/thumb/v7-m/nofp/libc.a(libc_a-abort.o)
 .debug_aranges
                0x000008c8       0x28 ../../../../lib/libtock-newlib-4.3.0.20230120/arm/arm-none-eabi/lib/thumb/v7-m/nofp/libc.a(libc_a-fprintf.o)
 .debug_aranges
                0x000008f0       0x58 ../../../../lib/libtock-newlib-4.3.0.20230120/arm/arm-none-eabi/lib/thumb/v7-m/nofp/libc.a(libc_a-signal.o)
 .debug_aranges
                0x00000948       0x28 ../../../../lib/libtock-newlib-4.3.0.20230120/arm/arm-none-eabi/lib/thumb/v7-m/nofp/libc.a(libc_a-signalr.o)
 .debug_aranges
                0x00000970       0x20 ../../../../lib/libtock-libc++-13.2.0/arm/lib/gcc/arm-none-eabi/13.2.0/thumb/v7-m/nofp/libgcc.a(_aeabi_ldivmod.o)
 .debug_aranges
                0x00000990       0x20 ../../../../lib/libtock-libc++-13.2.0/arm/lib/gcc/arm-none-eabi/13.2.0/thumb/v7-m/nofp/libgcc.a(_aeabi_uldivmod.o)
 .debug_aranges
                0x000009b0       0x20 ../../../../lib/libtock-libc++-13.2.0/arm/lib/gcc/arm-none-eabi/13.2.0/thumb/v7-m/nofp/libgcc.a(_udivmoddi4.o)
 .debug_aranges
                0x000009d0       0x20 ../../../../lib/libtock-libc++-13.2.0/arm/lib/gcc/arm-none-eabi/13.2.0/thumb/v7-m/nofp/libgcc.a(_dvmd_tls.o)
 .debug_aranges
                0x000009f0       0x38 ../../../../libtock/build/cortex-m3/libtock.a(console.o)
 .debug_aranges
                0x00000a28       0x58 ../../../../libtock/build/cortex-m3/libtock.a(console_syscalls.o)

.debug_ranges   0x00000000      0x520
 .debug_ranges  0x00000000       0x18 build/cortex-m3/main.o
 .debug_ranges  0x00000018       0xc8 ../../../../libtock/build/cortex-m3/libtock.a(crt0.o)
 .debug_ranges  0x000000e0       0x38 ../../../../libtock/build/cortex-m3/libtock.a(ipc.o)
 .debug_ranges  0x00000118      0x178 ../../../../libtock/build/cortex-m3/libtock.a(tock.o)
 .debug_ranges  0x00000290       0x28 ../../../../libtock-sync/build/cortex-m3/libtocksync.a(alarm.o)
 .debug_ranges  0x000002b8       0x60 ../../../../libtock/build/cortex-m3/libtock.a(sys.o)
 .debug_ranges  0x00000318      0x128 ../../../../libtock/build/cortex-m3/libtock.a(alarm.o)
 .debug_ranges  0x00000440       0x40 ../../../../libtock/build/cortex-m3/libtock.a(alarm_syscalls.o)
 .debug_ranges  0x00000480       0x10 ../../../../libtock-sync/build/cortex-m3/libtocksync.a(sys.o)
 .debug_ranges  0x00000490       0x20 ../../../../libtock-sync/build/cortex-m3/libtocksync.a(console.o)
 .debug_ranges  0x000004b0       0x28 ../../../../libtock/build/cortex-m3/libtock.a(console.o)
 .debug_ranges  0x000004d8       0x48 ../../../../libtock/build/cortex-m3/libtock.a(console_syscalls.o)

.debug_line     0x00000000     0x8aa1
 .debug_line    0x00000000      0x27c build/cortex-m3/main.o
 .debug_line    0x0000027c      0x417 ../../../../libtock/build/cortex-m3/libtock.a(crt0.o)
 .debug_line    0x00000693      0x31a ../../../../libtock/build/cortex-m3/libtock.a(ipc.o)
 .debug_line    0x000009ad      0xa87 ../../../../libtock/build/cortex-m3/libtock.a(tock.o)
 .debug_line    0x00001434      0x22f ../../../../libtock-sync/build/cortex-m3/libtocksync.a(alarm.o)
 .debug_line    0x00001663      0x2aa ../../../../lib/libtock-newlib-4.3.0.20230120/arm/arm-none-eabi/lib/thumb/v7-m/nofp/libc.a(libc_a-puts.o)
 .debug_line    0x0000190d      0x4e4 ../../../../lib/libtock-newlib-4.3.0.20230120/arm/arm-none-eabi/lib/thumb/v7-m/nofp/libc.a(libc_a-findfp.o)
 .debug_line    0x00001df1      0x3ea ../../../../lib/libtock-newlib-4.3.0.20230120/arm/arm-none-eabi/lib/thumb/v7-m/nofp/libc.a(libc_a-fflush.o)
 .debug_line    0x000021db      0x455 ../../../../lib/libtock-newlib-4.3.0.20230120/arm/arm-none-eabi/lib/thumb/v7-m/nofp/libc.a(libc_a-mallocr.o)
 .debug_line    0x00002630      0x29f ../../../../lib/libtock-newlib-4.3.0.20230120/arm/arm-none-eabi/lib/thumb/v7-m/nofp/libc.a(libc_a-freer.o)
 .debug_line    0x000028cf      0x115 ../../../../lib/libtock-newlib-4.3.0.20230120/arm/arm-none-eabi/lib/thumb/v7-m/nofp/libc.a(libc_a-memset.o)
 .debug_line    0x000029e4      0x1ba ../../../../lib/libtock-newlib-4.3.0.20230120/arm/arm-none-eabi/lib/thumb/v7-m/nofp/libc.a(libc_a-fwalk.o)
 .debug_line    0x00002b9e       0x4f ../../../../lib/libtock-newlib-4.3.0.20230120/arm/arm-none-eabi/lib/thumb/v7-m/nofp/libc.a(libc_a-strlen.o)
 .debug_line    0x00002bed       0xfa ../../../../lib/libtock-newlib-4.3.0.20230120/arm/arm-none-eabi/lib/thumb/v7-m/nofp/libc.a(libc_a-impure.o)
 .debug_line    0x00002ce7      0x16e ../../../../lib/libtock-newlib-4.3.0.20230120/arm/arm-none-eabi/lib/thumb/v7-m/nofp/libc.a(libc_a-mlock.o)
 .debug_line    0x00002e55      0x13d ../../../../lib/libtock-newlib-4.3.0.20230120/arm/arm-none-eabi/lib/thumb/v7-m/nofp/libc.a(libc_a-exit.o)
 .debug_line    0x00002f92      0x188 ../../../../lib/libtock-newlib-4.3.0.20230120/arm/arm-none-eabi/lib/thumb/v7-m/nofp/libc.a(libc_a-memcpy-stub.o)
 .debug_line    0x0000311a      0x1ce ../../../../lib/libtock-newlib-4.3.0.20230120/arm/arm-none-eabi/lib/thumb/v7-m/nofp/libc.a(libc_a-printf.o)
 .debug_line    0x000032e8      0x63e ../../../../lib/libtock-newlib-4.3.0.20230120/arm/arm-none-eabi/lib/thumb/v7-m/nofp/libc.a(libc_a-nano-vfprintf.o)
 .debug_line    0x00003926      0x255 ../../../../lib/libtock-newlib-4.3.0.20230120/arm/arm-none-eabi/lib/thumb/v7-m/nofp/libc.a(libc_a-wbuf.o)
 .debug_line    0x00003b7b      0x271 ../../../../lib/libtock-newlib-4.3.0.20230120/arm/arm-none-eabi/lib/thumb/v7-m/nofp/libc.a(libc_a-stdio.o)
 .debug_line    0x00003dec      0x19f ../../../../lib/libtock-newlib-4.3.0.20230120/arm/arm-none-eabi/lib/thumb/v7-m/nofp/libc.a(libc_a-sbrkr.o)
 .debug_line    0x00003f8b      0x5ad ../../../../lib/libtock-newlib-4.3.0.20230120/arm/arm-none-eabi/lib/thumb/v7-m/nofp/libc.a(libc_a-fvwrite.o)
 .debug_line    0x00004538      0x289 ../../../../lib/libtock-newlib-4.3.0.20230120/arm/arm-none-eabi/lib/thumb/v7-m/nofp/libc.a(libc_a-wsetup.o)
 .debug_line    0x000047c1      0x25a ../../../../lib/libtock-newlib-4.3.0.20230120/arm/arm-none-eabi/lib/thumb/v7-m/nofp/libc.a(libc_a-reent.o)
 .debug_line    0x00004a1b      0x17f ../../../../lib/libtock-newlib-4.3.0.20230120/arm/arm-none-eabi/lib/thumb/v7-m/nofp/libc.a(libc_a-memchr-stub.o)
 .debug_line    0x00004b9a      0x195 ../../../../lib/libtock-newlib-4.3.0.20230120/arm/arm-none-eabi/lib/thumb/v7-m/nofp/libc.a(libc_a-readr.o)
 .debug_line    0x00004d2f      0x19f ../../../../lib/libtock-newlib-4.3.0.20230120/arm/arm-none-eabi/lib/thumb/v7-m/nofp/libc.a(libc_a-closer.o)
 .debug_line    0x00004ece      0x1f7 ../../../../lib/libtock-newlib-4.3.0.20230120/arm/arm-none-eabi/lib/thumb/v7-m/nofp/libc.a(libc_a-reallocr.o)
 .debug_line    0x000050c5      0x6ff ../../../../lib/libtock-newlib-4.3.0.20230120/arm/arm-none-eabi/lib/thumb/v7-m/nofp/libc.a(libc_a-nano-vfprintf_i.o)
 .debug_line    0x000057c4      0x329 ../../../../lib/libtock-newlib-4.3.0.20230120/arm/arm-none-eabi/lib/thumb/v7-m/nofp/libc.a(libc_a-makebuf.o)
 .debug_line    0x00005aed      0x152 ../../../../lib/libtock-newlib-4.3.0.20230120/arm/arm-none-eabi/lib/thumb/v7-m/nofp/libc.a(libc_a-memmove.o)
 .debug_line    0x00005c3f      0x220 ../../../../lib/libtock-newlib-4.3.0.20230120/arm/arm-none-eabi/lib/thumb/v7-m/nofp/libc.a(libc_a-fstatr.o)
 .debug_line    0x00005e5f      0x196 ../../../../lib/libtock-newlib-4.3.0.20230120/arm/arm-none-eabi/lib/thumb/v7-m/nofp/libc.a(libc_a-lseekr.o)
 .debug_line    0x00005ff5      0x196 ../../../../lib/libtock-newlib-4.3.0.20230120/arm/arm-none-eabi/lib/thumb/v7-m/nofp/libc.a(libc_a-writer.o)
 .debug_line    0x0000618b      0x186 ../../../../lib/libtock-newlib-4.3.0.20230120/arm/arm-none-eabi/lib/thumb/v7-m/nofp/libc.a(libc_a-msizer.o)
 .debug_line    0x00006311      0x1a0 ../../../../lib/libtock-newlib-4.3.0.20230120/arm/arm-none-eabi/lib/thumb/v7-m/nofp/libc.a(libc_a-isattyr.o)
 .debug_line    0x000064b1      0x2a2 ../../../../libtock/build/cortex-m3/libtock.a(sys.o)
 .debug_line    0x00006753      0x7ab ../../../../libtock/build/cortex-m3/libtock.a(alarm.o)
 .debug_line    0x00006efe      0x25f ../../../../libtock/build/cortex-m3/libtock.a(alarm_syscalls.o)
 .debug_line    0x0000715d      0x15e ../../../../libtock-sync/build/cortex-m3/libtocksync.a(sys.o)
 .debug_line    0x000072bb      0x21a ../../../../libtock-sync/build/cortex-m3/libtocksync.a(console.o)
 .debug_line    0x000074d5      0x1b4 ../../../../lib/libtock-newlib-4.3.0.20230120/arm/arm-none-eabi/lib/thumb/v7-m/nofp/libc.a(libc_a-assert.o)
 .debug_line    0x00007689      0x11f ../../../../lib/libtock-newlib-4.3.0.20230120/arm/arm-none-eabi/lib/thumb/v7-m/nofp/libc.a(libc_a-errno.o)
 .debug_line    0x000077a8      0x125 ../../../../lib/libtock-newlib-4.3.0.20230120/arm/arm-none-eabi/lib/thumb/v7-m/nofp/libc.a(libc_a-abort.o)
 .debug_line    0x000078cd      0x1b9 ../../../../lib/libtock-newlib-4.3.0.20230120/arm/arm-none-eabi/lib/thumb/v7-m/nofp/libc.a(libc_a-fprintf.o)
 .debug_line    0x00007a86      0x3cf ../../../../lib/libtock-newlib-4.3.0.20230120/arm/arm-none-eabi/lib/thumb/v7-m/nofp/libc.a(libc_a-signal.o)
 .debug_line    0x00007e55      0x1d3 ../../../../lib/libtock-newlib-4.3.0.20230120/arm/arm-none-eabi/lib/thumb/v7-m/nofp/libc.a(libc_a-signalr.o)
 .debug_line    0x00008028       0x6c ../../../../lib/libtock-libc++-13.2.0/arm/lib/gcc/arm-none-eabi/13.2.0/thumb/v7-m/nofp/libgcc.a(_aeabi_ldivmod.o)
 .debug_line    0x00008094       0x4e ../../../../lib/libtock-libc++-13.2.0/arm/lib/gcc/arm-none-eabi/13.2.0/thumb/v7-m/nofp/libgcc.a(_aeabi_uldivmod.o)
 .debug_line    0x000080e2      0x483 ../../../../lib/libtock-libc++-13.2.0/arm/lib/gcc/arm-none-eabi/13.2.0/thumb/v7-m/nofp/libgcc.a(_udivmoddi4.o)
 .debug_line    0x00008565       0x4a ../../../../lib/libtock-libc++-13.2.0/arm/lib/gcc/arm-none-eabi/13.2.0/thumb/v7-m/nofp/libgcc.a(_dvmd_tls.o)
 .debug_line    0x000085af      0x228 ../../../../libtock/build/cortex-m3/libtock.a(console.o)
 .debug_line    0x000087d7      0x2ca ../../../../libtock/build/cortex-m3/libtock.a(console_syscalls.o)

.debug_str      0x00000000     0x3249
 .debug_str     0x00000000     0x3249 build/cortex-m3/main.o
                                0x3f2 (size before relaxing)
 .debug_str     0x00003249      0x331 ../../../../libtock/build/cortex-m3/libtock.a(crt0.o)
 .debug_str     0x00003249      0x795 ../../../../libtock/build/cortex-m3/libtock.a(ipc.o)
 .debug_str     0x00003249      0xa99 ../../../../libtock/build/cortex-m3/libtock.a(tock.o)
 .debug_str     0x00003249      0x4a0 ../../../../libtock-sync/build/cortex-m3/libtocksync.a(alarm.o)
 .debug_str     0x00003249      0x566 ../../../../lib/libtock-newlib-4.3.0.20230120/arm/arm-none-eabi/lib/thumb/v7-m/nofp/libc.a(libc_a-puts.o)
 .debug_str     0x00003249      0x722 ../../../../lib/libtock-newlib-4.3.0.20230120/arm/arm-none-eabi/lib/thumb/v7-m/nofp/libc.a(libc_a-findfp.o)