Archive member included to satisfy reference by file (symbol)

../../../../libtock/build/rv32imc/libtock.a(crt0.o)
                              (_start)
../../../../libtock/build/rv32imc/libtock.a(ipc.o)
                              build/rv32imc/main.o (ipc_discover)
../../../../libtock/build/rv32imc/libtock.a(tock.o)
                              ../../../../libtock/build/rv32imc/libtock.a(ipc.o) (tock_status_to_returncode)
../../../../libtock-sync/build/rv32imc/libtocksync.a(alarm.o)
                              build/rv32imc/main.o (libtocksync_alarm_delay_ms)
../../../../lib/libtock-newlib-4.3.0.20230120/riscv/riscv64-unknown-elf/lib/rv32im/ilp32/libc.a(libc_a-strlen.o)
                              ../../../../libtock/build/rv32imc/libtock.a(ipc.o) (strlen)
../../../../lib/libtock-newlib-4.3.0.20230120/riscv/riscv64-unknown-elf/lib/rv32im/ilp32/libc.a(libc_a-puts.o)
                              build/rv32imc/main.o (puts)
../../../../lib/libtock-newlib-4.3.0.20230120/riscv/riscv64-unknown-elf/lib/rv32im/ilp32/libc.a(libc_a-findfp.o)
                              ../../../../lib/libtock-newlib-4.3.0.20230120/riscv/riscv64-unknown-elf/lib/rv32im/ilp32/libc.a(libc_a-puts.o) (__sinit)
../../../../lib/libtock-newlib-4.3.0.20230120/riscv/riscv64-unknown-elf/lib/rv32im/ilp32/libc.a(libc_a-fflush.o)
                              ../../../../lib/libtock-newlib-4.3.0.20230120/riscv/riscv64-unknown-elf/lib/rv32im/ilp32/libc.a(libc_a-findfp.o) (_fflush_r)
../../../../lib/libtock-newlib-4.3.0.20230120/riscv/riscv64-unknown-elf/lib/rv32im/ilp32/libc.a(libc_a-mallocr.o)
                              ../../../../lib/libtock-newlib-4.3.0.20230120/riscv/riscv64-unknown-elf/lib/rv32im/ilp32/libc.a(libc_a-findfp.o) (_malloc_r)
../../../../lib/libtock-newlib-4.3.0.20230120/riscv/riscv64-unknown-elf/lib/rv32im/ilp32/libc.a(libc_a-freer.o)
                              ../../../../lib/libtock-newlib-4.3.0.20230120/riscv/riscv64-unknown-elf/lib/rv32im/ilp32/libc.a(libc_a-fflush.o) (_free_r)
../../../../lib/libtock-newlib-4.3.0.20230120/riscv/riscv64-unknown-elf/lib/rv32im/ilp32/libc.a(libc_a-fwalk.o)
                              ../../../../lib/libtock-newlib-4.3.0.20230120/riscv/riscv64-unknown-elf/lib/rv32im/ilp32/libc.a(libc_a-findfp.o) (_fwalk_sglue)
../../../../lib/libtock-newlib-4.3.0.20230120/riscv/riscv64-unknown-elf/lib/rv32im/ilp32/libc.a(libc_a-memset.o)
                              ../../../../libtock/build/rv32imc/libtock.a(crt0.o) (memset)
../../../../lib/libtock-newlib-4.3.0.20230120/riscv/riscv64-unknown-elf/lib/rv32im/ilp32/libc.a(libc_a-memcpy-asm.o)
                              ../../../../libtock/build/rv32imc/libtock.a(crt0.o) (memcpy)
../../../../lib/libtock-newlib-4.3.0.20230120/riscv/riscv64-unknown-elf/lib/rv32im/ilp32/libc.a(libc_a-impure.o)
                              ../../../../lib/libtock-newlib-4.3.0.20230120/riscv/riscv64-unknown-elf/lib/rv32im/ilp32/libc.a(libc_a-puts.o) (_impure_ptr)
../../../../lib/libtock-newlib-4.3.0.20230120/riscv/riscv64-unknown-elf/lib/rv32im/ilp32/libc.a(libc_a-mlock.o)
                              ../../../../lib/libtock-newlib-4.3.0.20230120/riscv/riscv64-unknown-elf/lib/rv32im/ilp32/libc.a(libc_a-mallocr.o) (__malloc_lock)
../../../../lib/libtock-newlib-4.3.0.20230120/riscv/riscv64-unknown-elf/lib/rv32im/ilp32/libc.a(libc_a-exit.o)
                              ../../../../libtock/build/rv32imc/libtock.a(crt0.o) (exit)
../../../../lib/libtock-newlib-4.3.0.20230120/riscv/riscv64-unknown-elf/lib/rv32im/ilp32/libc.a(libc_a-printf.o)
                              build/rv32imc/main.o (printf)
../../../../lib/libtock-newlib-4.3.0.20230120/riscv/riscv64-unknown-elf/lib/rv32im/ilp32/libc.a(libc_a-nano-vfprintf.o)
                              ../../../../lib/libtock-newlib-4.3.0.20230120/riscv/riscv64-unknown-elf/lib/rv32im/ilp32/libc.a(libc_a-printf.o) (_vfprintf_r)
../../../../lib/libtock-newlib-4.3.0.20230120/riscv/riscv64-unknown-elf/lib/rv32im/ilp32/libc.a(libc_a-wbuf.o)
                              ../../../../lib/libtock-newlib-4.3.0.20230120/riscv/riscv64-unknown-elf/lib/rv32im/ilp32/libc.a(libc_a-puts.o) (__swbuf_r)
../../../../lib/libtock-newlib-4.3.0.20230120/riscv/riscv64-unknown-elf/lib/rv32im/ilp32/libc.a(libc_a-stdio.o)
                              ../../../../lib/libtock-newlib-4.3.0.20230120/riscv/riscv64-unknown-elf/lib/rv32im/ilp32/libc.a(libc_a-findfp.o) (__sread)
../../../../lib/libtock-newlib-4.3.0.20230120/riscv/riscv64-unknown-elf/lib/rv32im/ilp32/libc.a(libc_a-sbrkr.o)
                              ../../../../lib/libtock-newlib-4.3.0.20230120/riscv/riscv64-unknown-elf/lib/rv32im/ilp32/libc.a(libc_a-mallocr.o) (_sbrk_r)
../../../../lib/libtock-newlib-4.3.0.20230120/riscv/riscv64-unknown-elf/lib/rv32im/ilp32/libc.a(libc_a-fvwrite.o)
                              ../../../../lib/libtock-newlib-4.3.0.20230120/riscv/riscv64-unknown-elf/lib/rv32im/ilp32/libc.a(libc_a-nano-vfprintf.o) (__sfvwrite_r)
[...]
Memory Configuration

Name             Origin             Length             Attributes
FLASH            0x20030880         0x00070000         xr
SRAM             0x10008000         0x00010000         xrw
*default*        0x00000000         0xffffffff

Linker script and memory map

                0x00000800                        STACK_SIZE = 0x800
                0x00000400                        APP_HEAP_SIZE = 0x400
                0x00000400                        KERNEL_HEAP_SIZE = 0x400
START GROUP
LOAD build/rv32imc/main.o
LOAD ../../../../libtock/build/rv32imc/libtock.a
LOAD ../../../../libtock-sync/build/rv32imc/libtocksync.a
LOAD ../../../../lib/libtock-newlib-4.3.0.20230120/riscv/riscv64-unknown-elf/lib/rv32im/ilp32/libc.a
LOAD ../../../../lib/libtock-newlib-4.3.0.20230120/riscv/riscv64-unknown-elf/lib/rv32im/ilp32/libm.a
LOAD ../../../../lib/libtock-libc++-13.2.0/riscv/riscv64-unknown-elf/lib/rv32im/ilp32/libstdc++.a
LOAD ../../../../lib/libtock-libc++-13.2.0/riscv/riscv64-unknown-elf/lib/rv32im/ilp32/libsupc++.a
LOAD ../../../../lib/libtock-libc++-13.2.0/riscv/lib/gcc/riscv64-unknown-elf/13.2.0/rv32im/ilp32/libgcc.a
END GROUP
                0x00070000                        PROG_LENGTH = 0x70000
                0x00010000                        RAM_LENGTH = 0x10000

.crt0_header    0x20030880       0x28
                0x20030880        0x4 LONG 0x2f94 (LOADADDR (.got) - ORIGIN (FLASH))
                0x20030884        0x4 LONG 0x800 (_got - ORIGIN (SRAM))
                0x20030888        0x4 LONG 0x0 SIZEOF (.got)
                0x2003088c        0x4 LONG 0x2f94 (LOADADDR (.data) - ORIGIN (FLASH))
                0x20030890        0x4 LONG 0x800 (_data - ORIGIN (SRAM))
                0x20030894        0x4 LONG 0x60 SIZEOF (.data)
                0x20030898        0x4 LONG 0x880 (_bss - ORIGIN (SRAM))
                0x2003089c        0x4 LONG 0x2f0 SIZEOF (.bss)
                0x200308a0        0x4 LONG 0x2ff4 (LOADADDR (.endflash) - ORIGIN (FLASH))
                0x200308a4        0x4 LONG 0x800 STACK_SIZE

.wfr.app_state  0x200308a8        0x0
 *(.app_state)
                0x200308a8                        . = ALIGN (0x4)

.text           0x200308a8     0x2f6c
                0x200308a8                        . = ALIGN (0x4)
                0x200308a8                        _text = .
 *(.start)
 .start         0x200308a8       0x54 ../../../../libtock/build/rv32imc/libtock.a(crt0.o)
                0x200308a8                _start
 *(.text*)
 .text.ipc_callback
                0x200308fc        0xc build/rv32imc/main.o
 .text.startup.main
                0x20030908       0x8e build/rv32imc/main.o
                0x20030908                main
 .text._c_start_nopic
                0x20030996       0x54 ../../../../libtock/build/rv32imc/libtock.a(crt0.o)
                0x20030996                _c_start_nopic
 .text.ipc_discover
                0x200309ea       0x90 ../../../../libtock/build/rv32imc/libtock.a(ipc.o)
                0x200309ea                ipc_discover
 .text.ipc_register_client_callback
                0x20030a7a       0x34 ../../../../libtock/build/rv32imc/libtock.a(ipc.o)
                0x20030a7a                ipc_register_client_callback
 .text.ipc_share
                0x20030aae       0x34 ../../../../libtock/build/rv32imc/libtock.a(ipc.o)
                0x20030aae                ipc_share
 .text.tock_status_to_returncode
                0x20030ae2        0x6 ../../../../libtock/build/rv32imc/libtock.a(tock.o)
                0x20030ae2                tock_status_to_returncode
 .text.tock_command_return_novalue_to_returncode
                0x20030ae8       0x1e ../../../../libtock/build/rv32imc/libtock.a(tock.o)
                0x20030ae8                tock_command_return_novalue_to_returncode
 .text.tock_command_return_u32_to_returncode
                0x20030b06       0x1e ../../../../libtock/build/rv32imc/libtock.a(tock.o)
                0x20030b06                tock_command_return_u32_to_returncode
 .text.tock_subscribe_return_to_returncode
                0x20030b24       0x12 ../../../../libtock/build/rv32imc/libtock.a(tock.o)
                0x20030b24                tock_subscribe_return_to_returncode
 .text.tock_allow_rw_return_to_returncode
                0x20030b36       0x12 ../../../../libtock/build/rv32imc/libtock.a(tock.o)
                0x20030b36                tock_allow_rw_return_to_returncode
 .text.tock_allow_ro_return_to_returncode
                0x20030b48       0x12 ../../../../libtock/build/rv32imc/libtock.a(tock.o)
                0x20030b48                tock_allow_ro_return_to_returncode
 .text.yield_check_tasks
                0x20030b5a       0x4e ../../../../libtock/build/rv32imc/libtock.a(tock.o)
                0x20030b5a                yield_check_tasks
 .text.yield    0x20030ba8       0x1e ../../../../libtock/build/rv32imc/libtock.a(tock.o)
                0x20030ba8                yield
 .text.yield_for
                0x20030bc6       0x20 ../../../../libtock/build/rv32imc/libtock.a(tock.o)
                0x20030bc6                yield_for
 .text.tock_exit
                0x20030be6        0xa ../../../../libtock/build/rv32imc/libtock.a(tock.o)
                0x20030be6                tock_exit
 .text.subscribe
                0x20030bf0       0x48 ../../../../libtock/build/rv32imc/libtock.a(tock.o)
                0x20030bf0                subscribe
 .text.command  0x20030c38       0x1c ../../../../libtock/build/rv32imc/libtock.a(tock.o)
                0x20030c38                command
 .text.allow_readwrite
                0x20030c54       0x48 ../../../../libtock/build/rv32imc/libtock.a(tock.o)
                0x20030c54                allow_readwrite
 .text.allow_readonly
                0x20030c9c       0x48 ../../../../libtock/build/rv32imc/libtock.a(tock.o)
                0x20030c9c                allow_readonly
 .text.memop    0x20030ce4       0x38 ../../../../libtock/build/rv32imc/libtock.a(tock.o)
                0x20030ce4                memop
 .text.delay_cb
                0x20030d1c        0xc ../../../../libtock-sync/build/rv32imc/libtocksync.a(alarm.o)
 .text.libtocksync_alarm_delay_ms
                0x20030d28       0x40 ../../../../libtock-sync/build/rv32imc/libtocksync.a(alarm.o)
                0x20030d28                libtocksync_alarm_delay_ms
 .text.strlen   0x20030d68       0x1c ../../../../lib/libtock-newlib-4.3.0.20230120/riscv/riscv64-unknown-elf/lib/rv32im/ilp32/libc.a(libc_a-strlen.o)
                0x20030d68                strlen
 .text._puts_r  0x20030d84      0x124 ../../../../lib/libtock-newlib-4.3.0.20230120/riscv/riscv64-unknown-elf/lib/rv32im/ilp32/libc.a(libc_a-puts.o)
                0x20030d84                _puts_r
 .text.puts     0x20030ea8       0x14 ../../../../lib/libtock-newlib-4.3.0.20230120/riscv/riscv64-unknown-elf/lib/rv32im/ilp32/libc.a(libc_a-puts.o)
                0x20030ea8                puts
 .text.std      0x20030ebc       0x8c ../../../../lib/libtock-newlib-4.3.0.20230120/riscv/riscv64-unknown-elf/lib/rv32im/ilp32/libc.a(libc_a-findfp.o)
 .text.stdio_exit_handler
                0x20030f48       0x20 ../../../../lib/libtock-newlib-4.3.0.20230120/riscv/riscv64-unknown-elf/lib/rv32im/ilp32/libc.a(libc_a-findfp.o)
 .text.cleanup_stdio
                0x20030f68       0x7c ../../../../lib/libtock-newlib-4.3.0.20230120/riscv/riscv64-unknown-elf/lib/rv32im/ilp32/libc.a(libc_a-findfp.o)
 .text.global_stdio_init.part.0
                0x20030fe4       0x68 ../../../../lib/libtock-newlib-4.3.0.20230120/riscv/riscv64-unknown-elf/lib/rv32im/ilp32/libc.a(libc_a-findfp.o)
 .text.__sinit  0x2003104c       0x2c ../../../../lib/libtock-newlib-4.3.0.20230120/riscv/riscv64-unknown-elf/lib/rv32im/ilp32/libc.a(libc_a-findfp.o)
                0x2003104c                __sinit
 .text.__sflush_r
                0x20031078      0x1ec ../../../../lib/libtock-newlib-4.3.0.20230120/riscv/riscv64-unknown-elf/lib/rv32im/ilp32/libc.a(libc_a-fflush.o)
                0x20031078                __sflush_r
 .text._fflush_r
                0x20031264       0x70 ../../../../lib/libtock-newlib-4.3.0.20230120/riscv/riscv64-unknown-elf/lib/rv32im/ilp32/libc.a(libc_a-fflush.o)
                0x20031264                _fflush_r
 .text.sbrk_aligned
                0x200312d4       0x94 ../../../../lib/libtock-newlib-4.3.0.20230120/riscv/riscv64-unknown-elf/lib/rv32im/ilp32/libc.a(libc_a-mallocr.o)
 .text._malloc_r
                0x20031368      0x1dc ../../../../lib/libtock-newlib-4.3.0.20230120/riscv/riscv64-unknown-elf/lib/rv32im/ilp32/libc.a(libc_a-mallocr.o)
                0x20031368                _malloc_r
 .text._free_r  0x20031544      0x104 ../../../../lib/libtock-newlib-4.3.0.20230120/riscv/riscv64-unknown-elf/lib/rv32im/ilp32/libc.a(libc_a-freer.o)
                0x20031544                _free_r
 .text._fwalk_sglue
                0x20031648       0xb0 ../../../../lib/libtock-newlib-4.3.0.20230120/riscv/riscv64-unknown-elf/lib/rv32im/ilp32/libc.a(libc_a-fwalk.o)
                0x20031648                _fwalk_sglue
 .text          0x200316f8       0x1c ../../../../lib/libtock-newlib-4.3.0.20230120/riscv/riscv64-unknown-elf/lib/rv32im/ilp32/libc.a(libc_a-memset.o)
                0x200316f8                memset
 .text          0x20031714       0x24 ../../../../lib/libtock-newlib-4.3.0.20230120/riscv/riscv64-unknown-elf/lib/rv32im/ilp32/libc.a(libc_a-memcpy-asm.o)
                0x20031714                memcpy
 .text.__malloc_lock
                0x20031738        0x4 ../../../../lib/libtock-newlib-4.3.0.20230120/riscv/riscv64-unknown-elf/lib/rv32im/ilp32/libc.a(libc_a-mlock.o)
                0x20031738                __malloc_lock
 .text.__malloc_unlock
                0x2003173c        0x4 ../../../../lib/libtock-newlib-4.3.0.20230120/riscv/riscv64-unknown-elf/lib/rv32im/ilp32/libc.a(libc_a-mlock.o)
                0x2003173c                __malloc_unlock
 .text.exit     0x20031740       0x44 ../../../../lib/libtock-newlib-4.3.0.20230120/riscv/riscv64-unknown-elf/lib/rv32im/ilp32/libc.a(libc_a-exit.o)
                0x20031740                exit
 .text.printf   0x20031784       0x54 ../../../../lib/libtock-newlib-4.3.0.20230120/riscv/riscv64-unknown-elf/lib/rv32im/ilp32/libc.a(libc_a-printf.o)
                0x20031784                printf
                0x20031784                iprintf
 .text.__sfputc_r
                0x200317d8       0x40 ../../../../lib/libtock-newlib-4.3.0.20230120/riscv/riscv64-unknown-elf/lib/rv32im/ilp32/libc.a(libc_a-nano-vfprintf.o)
 .text.__sfputs_r
                0x20031818       0x78 ../../../../lib/libtock-newlib-4.3.0.20230120/riscv/riscv64-unknown-elf/lib/rv32im/ilp32/libc.a(libc_a-nano-vfprintf.o)
                0x20031818                __sfputs_r
 .text._vfprintf_r
                0x20031890      0x3b4 ../../../../lib/libtock-newlib-4.3.0.20230120/riscv/riscv64-unknown-elf/lib/rv32im/ilp32/libc.a(libc_a-nano-vfprintf.o)
                0x20031890                _vfiprintf_r
                0x20031890                _vfprintf_r
 .text.__swbuf_r
                0x20031c44      0x110 ../../../../lib/libtock-newlib-4.3.0.20230120/riscv/riscv64-unknown-elf/lib/rv32im/ilp32/libc.a(libc_a-wbuf.o)
                0x20031c44                __swbuf_r
 .text.__sread  0x20031d54       0x54 ../../../../lib/libtock-newlib-4.3.0.20230120/riscv/riscv64-unknown-elf/lib/rv32im/ilp32/libc.a(libc_a-stdio.o)
                0x20031d54                __sread
 .text.__swrite
                0x20031da8       0x8c ../../../../lib/libtock-newlib-4.3.0.20230120/riscv/riscv64-unknown-elf/lib/rv32im/ilp32/libc.a(libc_a-stdio.o)
                0x20031da8                __swrite
 .text.__sseek  0x20031e34       0x5c ../../../../lib/libtock-newlib-4.3.0.20230120/riscv/riscv64-unknown-elf/lib/rv32im/ilp32/libc.a(libc_a-stdio.o)
                0x20031e34                __sseek
 .text.__sclose
                0x20031e90        0xc ../../../../lib/libtock-newlib-4.3.0.20230120/riscv/riscv64-unknown-elf/lib/rv32im/ilp32/libc.a(libc_a-stdio.o)
                0x20031e90                __sclose
 .text._sbrk_r  0x20031e9c       0x50 ../../../../lib/libtock-newlib-4.3.0.20230120/riscv/riscv64-unknown-elf/lib/rv32im/ilp32/libc.a(libc_a-sbrkr.o)
                0x20031e9c                _sbrk_r
 .text.__swsetup_r
                0x20031eec      0x130 ../../../../lib/libtock-newlib-4.3.0.20230120/riscv/riscv64-unknown-elf/lib/rv32im/ilp32/libc.a(libc_a-wsetup.o)
                0x20031eec                __swsetup_r
 .text.memchr   0x2003201c       0x24 ../../../../lib/libtock-newlib-4.3.0.20230120/riscv/riscv64-unknown-elf/lib/rv32im/ilp32/libc.a(libc_a-memchr.o)
                0x2003201c                memchr
 .text._read_r  0x20032040       0x58 ../../../../lib/libtock-newlib-4.3.0.20230120/riscv/riscv64-unknown-elf/lib/rv32im/ilp32/libc.a(libc_a-readr.o)
                0x20032040                _read_r
 .text._close_r
                0x20032098       0x50 ../../../../lib/libtock-newlib-4.3.0.20230120/riscv/riscv64-unknown-elf/lib/rv32im/ilp32/libc.a(libc_a-closer.o)
                0x20032098                _close_r
 .text._printf_common
                0x200320e8      0x1b0 ../../../../lib/libtock-newlib-4.3.0.20230120/riscv/riscv64-unknown-elf/lib/rv32im/ilp32/libc.a(libc_a-nano-vfprintf_i.o)
                0x200320e8                _printf_common
 .text._printf_i
                0x20032298      0x3c8 ../../../../lib/libtock-newlib-4.3.0.20230120/riscv/riscv64-unknown-elf/lib/rv32im/ilp32/libc.a(libc_a-nano-vfprintf_i.o)
                0x20032298                _printf_i
 .text.__swhatbuf_r
                0x20032660       0x94 ../../../../lib/libtock-newlib-4.3.0.20230120/riscv/riscv64-unknown-elf/lib/rv32im/ilp32/libc.a(libc_a-makebuf.o)
                0x20032660                __swhatbuf_r
 .text.__smakebuf_r
                0x200326f4       0xf8 ../../../../lib/libtock-newlib-4.3.0.20230120/riscv/riscv64-unknown-elf/lib/rv32im/ilp32/libc.a(libc_a-makebuf.o)
                0x200326f4                __smakebuf_r
 .text._fstat_r
                0x200327ec       0x54 ../../../../lib/libtock-newlib-4.3.0.20230120/riscv/riscv64-unknown-elf/lib/rv32im/ilp32/libc.a(libc_a-fstatr.o)
                0x200327ec                _fstat_r
 .text._lseek_r
                0x20032840       0x58 ../../../../lib/libtock-newlib-4.3.0.20230120/riscv/riscv64-unknown-elf/lib/rv32im/ilp32/libc.a(libc_a-lseekr.o)
                0x20032840                _lseek_r
 .text._write_r
                0x20032898       0x58 ../../../../lib/libtock-newlib-4.3.0.20230120/riscv/riscv64-unknown-elf/lib/rv32im/ilp32/libc.a(libc_a-writer.o)
                0x20032898                _write_r
 .text._isatty_r
                0x200328f0       0x50 ../../../../lib/libtock-newlib-4.3.0.20230120/riscv/riscv64-unknown-elf/lib/rv32im/ilp32/libc.a(libc_a-isattyr.o)
                0x200328f0                _isatty_r
 .text._isatty  0x20032940        0x6 ../../../../libtock/build/rv32imc/libtock.a(sys.o)
                0x20032940                _isatty
 .text._close   0x20032946        0x4 ../../../../libtock/build/rv32imc/libtock.a(sys.o)
                0x20032946                _close
 .text._fstat   0x2003294a        0x8 ../../../../libtock/build/rv32imc/libtock.a(sys.o)
                0x2003294a                _fstat
 .text._lseek   0x20032952        0x4 ../../../../libtock/build/rv32imc/libtock.a(sys.o)
                0x20032952                _lseek
 .text._read    0x20032956        0x4 ../../../../libtock/build/rv32imc/libtock.a(sys.o)
                0x20032956                _read
 .text._exit    0x2003295a        0xc ../../../../libtock/build/rv32imc/libtock.a(sys.o)
                0x2003295a                _exit
 .text._getpid  0x20032966        0x4 ../../../../libtock/build/rv32imc/libtock.a(sys.o)
                0x20032966                _getpid
 .text._kill    0x2003296a        0x4 ../../../../libtock/build/rv32imc/libtock.a(sys.o)
                0x2003296a                _kill
 .text._sbrk    0x2003296e       0x2e ../../../../libtock/build/rv32imc/libtock.a(sys.o)
                0x2003296e                _sbrk
 .text.root_pop
                0x2003299c       0x1c ../../../../libtock/build/rv32imc/libtock.a(alarm.o)
 .text.alarm_upcall
                0x200329b8       0xce ../../../../libtock/build/rv32imc/libtock.a(alarm.o)
 .text.ms_to_ticks
                0x20032a86       0x80 ../../../../libtock/build/rv32imc/libtock.a(alarm.o)
 .text.libtock_alarm_at_internal
                0x20032b06       0xb2 ../../../../libtock/build/rv32imc/libtock.a(alarm.o)
 .text.libtock_alarm_ticks_to_ms
                0x20032bb8       0x44 ../../../../libtock/build/rv32imc/libtock.a(alarm.o)
                0x20032bb8                libtock_alarm_ticks_to_ms
 .text.libtock_alarm_at
                0x20032bfc        0x8 ../../../../libtock/build/rv32imc/libtock.a(alarm.o)
                0x20032bfc                libtock_alarm_at
 .text.overflow_callback
                0x20032c04       0x54 ../../../../libtock/build/rv32imc/libtock.a(alarm.o)
 .text.libtock_alarm_in_ms
                0x20032c58       0xa0 ../../../../libtock/build/rv32imc/libtock.a(alarm.o)
                0x20032c58                libtock_alarm_in_ms
 .text.libtock_alarm_set_upcall
                0x20032cf8       0x34 ../../../../libtock/build/rv32imc/libtock.a(alarm_syscalls.o)
                0x20032cf8                libtock_alarm_set_upcall
 .text.libtock_alarm_command_get_frequency
                0x20032d2c       0x3c ../../../../libtock/build/rv32imc/libtock.a(alarm_syscalls.o)
                0x20032d2c                libtock_alarm_command_get_frequency
 .text.libtock_alarm_command_read
                0x20032d68       0x3c ../../../../libtock/build/rv32imc/libtock.a(alarm_syscalls.o)
                0x20032d68                libtock_alarm_command_read
 .text.libtock_alarm_command_set_absolute
                0x20032da4       0x36 ../../../../libtock/build/rv32imc/libtock.a(alarm_syscalls.o)
                0x20032da4                libtock_alarm_command_set_absolute
 .text._write   0x20032dda       0x1a ../../../../libtock-sync/build/rv32imc/libtocksync.a(sys.o)
                0x20032dda                _write
 .text.generic_cb
                0x20032df4       0x14 ../../../../libtock-sync/build/rv32imc/libtocksync.a(console.o)
 .text.libtocksync_console_write
                0x20032e08       0x4a ../../../../libtock-sync/build/rv32imc/libtocksync.a(console.o)
                0x20032e08                libtocksync_console_write
 *fill*         0x20032e52        0x2 ff
 .text.__assert_func
                0x20032e54       0x5c ../../../../lib/libtock-newlib-4.3.0.20230120/riscv/riscv64-unknown-elf/lib/rv32im/ilp32/libc.a(libc_a-assert.o)
                0x20032e54                __assert_func
 .text.__errno  0x20032eb0        0xc ../../../../lib/libtock-newlib-4.3.0.20230120/riscv/riscv64-unknown-elf/lib/rv32im/ilp32/libc.a(libc_a-errno.o)
                0x20032eb0                __errno
 .text.abort    0x20032ebc       0x20 ../../../../lib/libtock-newlib-4.3.0.20230120/riscv/riscv64-unknown-elf/lib/rv32im/ilp32/libc.a(libc_a-abort.o)
                0x20032ebc                abort
 .text.fprintf  0x20032edc       0x4c ../../../../lib/libtock-newlib-4.3.0.20230120/riscv/riscv64-unknown-elf/lib/rv32im/ilp32/libc.a(libc_a-fprintf.o)
                0x20032edc                fprintf
                0x20032edc                fiprintf
 .text._raise_r
                0x20032f28       0xb4 ../../../../lib/libtock-newlib-4.3.0.20230120/riscv/riscv64-unknown-elf/lib/rv32im/ilp32/libc.a(libc_a-signal.o)
                0x20032f28                _raise_r
 .text.raise    0x20032fdc       0x14 ../../../../lib/libtock-newlib-4.3.0.20230120/riscv/riscv64-unknown-elf/lib/rv32im/ilp32/libc.a(libc_a-signal.o)
                0x20032fdc                raise
 .text._kill_r  0x20032ff0       0x54 ../../../../lib/libtock-newlib-4.3.0.20230120/riscv/riscv64-unknown-elf/lib/rv32im/ilp32/libc.a(libc_a-signalr.o)
                0x20032ff0                _kill_r
 .text._getpid_r
                0x20033044        0x8 ../../../../lib/libtock-newlib-4.3.0.20230120/riscv/riscv64-unknown-elf/lib/rv32im/ilp32/libc.a(libc_a-signalr.o)
                0x20033044                _getpid_r
 .text.__udivdi3
                0x2003304c      0x430 ../../../../lib/libtock-libc++-13.2.0/riscv/lib/gcc/riscv64-unknown-elf/13.2.0/rv32im/ilp32/libgcc.a(_udivdi3.o)
                0x2003304c                __udivdi3
 .text.generic_upcall
                0x2003347c        0x2 ../../../../libtock/build/rv32imc/libtock.a(console.o)
 .text.libtock_console_write
                0x2003347e       0x4a ../../../../libtock/build/rv32imc/libtock.a(console.o)
                0x2003347e                libtock_console_write
 .text.libtock_console_write_done_set_upcall
                0x200334c8       0x34 ../../../../libtock/build/rv32imc/libtock.a(console_syscalls.o)
                0x200334c8                libtock_console_write_done_set_upcall
 .text.libtock_console_set_read_allow
                0x200334fc       0x34 ../../../../libtock/build/rv32imc/libtock.a(console_syscalls.o)
                0x200334fc                libtock_console_set_read_allow
 .text.libtock_console_command_write
                0x20033530       0x34 ../../../../libtock/build/rv32imc/libtock.a(console_syscalls.o)
                0x20033530                libtock_console_command_write
 *(.rodata*)
 .rodata.main.str1.4
                0x20033564      0x13b build/rv32imc/main.o
                                 0x45 (size before relaxing)
 .rodata._vfprintf_r.str1.4
                0x2003369f       0x13 ../../../../lib/libtock-newlib-4.3.0.20230120/riscv/riscv64-unknown-elf/lib/rv32im/ilp32/libc.a(libc_a-nano-vfprintf.o)
 .rodata._printf_i.str1.4
                0x2003369f       0x25 ../../../../lib/libtock-newlib-4.3.0.20230120/riscv/riscv64-unknown-elf/lib/rv32im/ilp32/libc.a(libc_a-nano-vfprintf_i.o)
 *fill*         0x2003369f        0x1 ff
 .rodata._printf_i
                0x200336a0       0x58 ../../../../lib/libtock-newlib-4.3.0.20230120/riscv/riscv64-unknown-elf/lib/rv32im/ilp32/libc.a(libc_a-nano-vfprintf_i.o)
 .rodata.alarm_upcall.str1.4
                0x200336f8       0x63 ../../../../libtock/build/rv32imc/libtock.a(alarm.o)
 .rodata.ms_to_ticks.str1.4
                0x200336f8       0x14 ../../../../libtock/build/rv32imc/libtock.a(alarm.o)
 .rodata.__func__.1
                0x200336f8        0xc ../../../../libtock/build/rv32imc/libtock.a(alarm.o)
 .rodata.__func__.2
                0x20033704        0xd ../../../../libtock/build/rv32imc/libtock.a(alarm.o)
 .rodata.__assert_func.str1.4
                0x20033711       0x43 ../../../../lib/libtock-newlib-4.3.0.20230120/riscv/riscv64-unknown-elf/lib/rv32im/ilp32/libc.a(libc_a-assert.o)
 *fill*         0x20033711        0x3 ff
 .rodata.__clz_tab
                0x20033714      0x100 ../../../../lib/libtock-libc++-13.2.0/riscv/lib/gcc/riscv64-unknown-elf/13.2.0/rv32im/ilp32/libgcc.a(_clz.o)
                0x20033714                __clz_tab
 *(.srodata*)
 *(.syscalls)
                0x20033814                        _etext = .
 *(.ARM.extab*)
                0x20033814                        . = ALIGN (0x4)

.rela.dyn       0x20033814        0x0
 .rela.text.exit
                0x20033814        0x0 build/rv32imc/main.o
 .rela.text._vfprintf_r
                0x20033814        0x0 build/rv32imc/main.o

.stack          0x10008000      0x800
                0x10008000                        _sram_origin = .
                0x10008000                        . = ALIGN (0x10)
                0x10008000                        _stack = .
                0x10008800                        . = (_stack + STACK_SIZE)
 *fill*         0x10008000      0x800 
                0x10008800                        . = ALIGN (0x10)

.got            0x10008800        0x0 load address 0x20033814
                0x10008800                        . = ALIGN (0x4)
                0x10008800                        _got = .
 *(.got*)
 *(.got.plt*)
                0x10008800                        . = ALIGN (0x4)

.data           0x10008800       0x60 load address 0x20033814
                0x10008800                        . = ALIGN (0x4)
                0x10008800                        _data = .
 *(.data*)
 .data          0x10008800        0x0 build/rv32imc/main.o
 .data          0x10008800        0x0 ../../../../libtock/build/rv32imc/libtock.a(crt0.o)
 .data          0x10008800        0x0 ../../../../libtock/build/rv32imc/libtock.a(ipc.o)
 .data          0x10008800        0x0 ../../../../libtock/build/rv32imc/libtock.a(tock.o)
 .data          0x10008800        0x0 ../../../../libtock-sync/build/rv32imc/libtocksync.a(alarm.o)
 .data          0x10008800        0x0 ../../../../lib/libtock-newlib-4.3.0.20230120/riscv/riscv64-unknown-elf/lib/rv32im/ilp32/libc.a(libc_a-strlen.o)
 .data          0x10008800        0x0 ../../../../lib/libtock-newlib-4.3.0.20230120/riscv/riscv64-unknown-elf/lib/rv32im/ilp32/libc.a(libc_a-puts.o)
 .data          0x10008800        0x0 ../../../../lib/libtock-newlib-4.3.0.20230120/riscv/riscv64-unknown-elf/lib/rv32im/ilp32/libc.a(libc_a-findfp.o)
 .data.__sglue  0x10008800        0xc ../../../../lib/libtock-newlib-4.3.0.20230120/riscv/riscv64-unknown-elf/lib/rv32im/ilp32/libc.a(libc_a-findfp.o)
                0x10008800                __sglue
 .data          0x1000880c        0x0 ../../../../lib/libtock-newlib-4.3.0.20230120/riscv/riscv64-unknown-elf/lib/rv32im/ilp32/libc.a(libc_a-fflush.o)
 .data          0x1000880c        0x0 ../../../../lib/libtock-newlib-4.3.0.20230120/riscv/riscv64-unknown-elf/lib/rv32im/ilp32/libc.a(libc_a-mallocr.o)
 .data          0x1000880c        0x0 ../../../../lib/libtock-newlib-4.3.0.20230120/riscv/riscv64-unknown-elf/lib/rv32im/ilp32/libc.a(libc_a-freer.o)
 .data          0x1000880c        0x0 ../../../../lib/libtock-newlib-4.3.0.20230120/riscv/riscv64-unknown-elf/lib/rv32im/ilp32/libc.a(libc_a-fwalk.o)
 .data          0x1000880c        0x0 ../../../../lib/libtock-newlib-4.3.0.20230120/riscv/riscv64-unknown-elf/lib/rv32im/ilp32/libc.a(libc_a-memset.o)
 .data          0x1000880c        0x0 ../../../../lib/libtock-newlib-4.3.0.20230120/riscv/riscv64-unknown-elf/lib/rv32im/ilp32/libc.a(libc_a-memcpy-asm.o)
 .data          0x1000880c        0x0 ../../../../lib/libtock-newlib-4.3.0.20230120/riscv/riscv64-unknown-elf/lib/rv32im/ilp32/libc.a(libc_a-impure.o)
 .data._impure_data
                0x1000880c       0x4c ../../../../lib/libtock-newlib-4.3.0.20230120/riscv/riscv64-unknown-elf/lib/rv32im/ilp32/libc.a(libc_a-impure.o)
                0x1000880c                _impure_data
 .data          0x10008858        0x0 ../../../../lib/libtock-newlib-4.3.0.20230120/riscv/riscv64-unknown-elf/lib/rv32im/ilp32/libc.a(libc_a-mlock.o)
 .data          0x10008858        0x0 ../../../../lib/libtock-newlib-4.3.0.20230120/riscv/riscv64-unknown-elf/lib/rv32im/ilp32/libc.a(libc_a-exit.o)
 .data          0x10008858        0x0 ../../../../lib/libtock-newlib-4.3.0.20230120/riscv/riscv64-unknown-elf/lib/rv32im/ilp32/libc.a(libc_a-printf.o)
 .data          0x10008858        0x0 ../../../../lib/libtock-newlib-4.3.0.20230120/riscv/riscv64-unknown-elf/lib/rv32im/ilp32/libc.a(libc_a-nano-vfprintf.o)
 .data          0x10008858        0x0 ../../../../lib/libtock-newlib-4.3.0.20230120/riscv/riscv64-unknown-elf/lib/rv32im/ilp32/libc.a(libc_a-wbuf.o)
 .data          0x10008858        0x0 ../../../../lib/libtock-newlib-4.3.0.20230120/riscv/riscv64-unknown-elf/lib/rv32im/ilp32/libc.a(libc_a-stdio.o)
 .data          0x10008858        0x0 ../../../../lib/libtock-newlib-4.3.0.20230120/riscv/riscv64-unknown-elf/lib/rv32im/ilp32/libc.a(libc_a-sbrkr.o)
 .data          0x10008858        0x0 ../../../../lib/libtock-newlib-4.3.0.20230120/riscv/riscv64-unknown-elf/lib/rv32im/ilp32/libc.a(libc_a-fvwrite.o)
 .data          0x10008858        0x0 ../../../../lib/libtock-newlib-4.3.0.20230120/riscv/riscv64-unknown-elf/lib/rv32im/ilp32/libc.a(libc_a-wsetup.o)
 .data          0x10008858        0x0 ../../../../lib/libtock-newlib-4.3.0.20230120/riscv/riscv64-unknown-elf/lib/rv32im/ilp32/libc.a(libc_a-memchr.o)
 .data          0x10008858        0x0 ../../../../lib/libtock-newlib-4.3.0.20230120/riscv/riscv64-unknown-elf/lib/rv32im/ilp32/libc.a(libc_a-reent.o)
 .data          0x10008858        0x0 ../../../../lib/libtock-newlib-4.3.0.20230120/riscv/riscv64-unknown-elf/lib/rv32im/ilp32/libc.a(libc_a-readr.o)
 .data          0x10008858        0x0 ../../../../lib/libtock-newlib-4.3.0.20230120/riscv/riscv64-unknown-elf/lib/rv32im/ilp32/libc.a(libc_a-closer.o)
 .data          0x10008858        0x0 ../../../../lib/libtock-newlib-4.3.0.20230120/riscv/riscv64-unknown-elf/lib/rv32im/ilp32/libc.a(libc_a-reallocr.o)
 .data          0x10008858        0x0 ../../../../lib/libtock-newlib-4.3.0.20230120/riscv/riscv64-unknown-elf/lib/rv32im/ilp32/libc.a(libc_a-nano-vfprintf_i.o)
 .data          0x10008858        0x0 ../../../../lib/libtock-newlib-4.3.0.20230120/riscv/riscv64-unknown-elf/lib/rv32im/ilp32/libc.a(libc_a-makebuf.o)
 .data          0x10008858        0x0 ../../../../lib/libtock-newlib-4.3.0.20230120/riscv/riscv64-unknown-elf/lib/rv32im/ilp32/libc.a(libc_a-fstatr.o)
 .data          0x10008858        0x0 ../../../../lib/libtock-newlib-4.3.0.20230120/riscv/riscv64-unknown-elf/lib/rv32im/ilp32/libc.a(libc_a-lseekr.o)
 .data          0x10008858        0x0 ../../../../lib/libtock-newlib-4.3.0.20230120/riscv/riscv64-unknown-elf/lib/rv32im/ilp32/libc.a(libc_a-writer.o)
 .data          0x10008858        0x0 ../../../../lib/libtock-newlib-4.3.0.20230120/riscv/riscv64-unknown-elf/lib/rv32im/ilp32/libc.a(libc_a-msizer.o)
 .data          0x10008858        0x0 ../../../../lib/libtock-newlib-4.3.0.20230120/riscv/riscv64-unknown-elf/lib/rv32im/ilp32/libc.a(libc_a-memmove.o)
 .data          0x10008858        0x0 ../../../../lib/libtock-newlib-4.3.0.20230120/riscv/riscv64-unknown-elf/lib/rv32im/ilp32/libc.a(libc_a-isattyr.o)
 .data          0x10008858        0x0 ../../../../libtock/build/rv32imc/libtock.a(sys.o)
 .data          0x10008858        0x0 ../../../../libtock/build/rv32imc/libtock.a(alarm.o)
 .data          0x10008858        0x0 ../../../../libtock/build/rv32imc/libtock.a(alarm_syscalls.o)
 .data          0x10008858        0x0 ../../../../libtock-sync/build/rv32imc/libtocksync.a(sys.o)
 .data          0x10008858        0x0 ../../../../libtock-sync/build/rv32imc/libtocksync.a(console.o)
 .data          0x10008858        0x0 ../../../../lib/libtock-newlib-4.3.0.20230120/riscv/riscv64-unknown-elf/lib/rv32im/ilp32/libc.a(libc_a-assert.o)
 .data          0x10008858        0x0 ../../../../lib/libtock-newlib-4.3.0.20230120/riscv/riscv64-unknown-elf/lib/rv32im/ilp32/libc.a(libc_a-errno.o)
 .data          0x10008858        0x0 ../../../../lib/libtock-newlib-4.3.0.20230120/riscv/riscv64-unknown-elf/lib/rv32im/ilp32/libc.a(libc_a-abort.o)
 .data          0x10008858        0x0 ../../../../lib/libtock-newlib-4.3.0.20230120/riscv/riscv64-unknown-elf/lib/rv32im/ilp32/libc.a(libc_a-fprintf.o)
 .data          0x10008858        0x0 ../../../../lib/libtock-newlib-4.3.0.20230120/riscv/riscv64-unknown-elf/lib/rv32im/ilp32/libc.a(libc_a-signal.o)
 .data          0x10008858        0x0 ../../../../lib/libtock-newlib-4.3.0.20230120/riscv/riscv64-unknown-elf/lib/rv32im/ilp32/libc.a(libc_a-signalr.o)
 .data          0x10008858        0x0 ../../../../lib/libtock-libc++-13.2.0/riscv/lib/gcc/riscv64-unknown-elf/13.2.0/rv32im/ilp32/libgcc.a(_divdi3.o)
 .data          0x10008858        0x0 ../../../../lib/libtock-libc++-13.2.0/riscv/lib/gcc/riscv64-unknown-elf/13.2.0/rv32im/ilp32/libgcc.a(_udivdi3.o)
 .data          0x10008858        0x0 ../../../../lib/libtock-libc++-13.2.0/riscv/lib/gcc/riscv64-unknown-elf/13.2.0/rv32im/ilp32/libgcc.a(_clz.o)
 .data          0x10008858        0x0 ../../../../libtock/build/rv32imc/libtock.a(console.o)
 .data          0x10008858        0x0 ../../../../libtock/build/rv32imc/libtock.a(console_syscalls.o)
 *(.sdata*)
 .sdata._rng_service
                0x10008858        0x4 build/rv32imc/main.o
                0x10008858                _rng_service
 .sdata._impure_ptr
                0x1000885c        0x4 ../../../../lib/libtock-newlib-4.3.0.20230120/riscv/riscv64-unknown-elf/lib/rv32im/ilp32/libc.a(libc_a-impure.o)
                0x1000885c                _impure_ptr
                0x10008860                        . = ALIGN (0x4)

.bss            0x10008880      0x2f0 load address 0x20033874
                0x10008880                        . = ALIGN (0x4)
                0x10008880                        _bss = .
 *(.bss*)
 .bss           0x10008880        0x0 build/rv32imc/main.o
 .bss._rng_buf  0x10008880       0x40 build/rv32imc/main.o
                0x10008880                _rng_buf
 .bss           0x100088c0        0x0 ../../../../libtock/build/rv32imc/libtock.a(crt0.o)
 .bss           0x100088c0        0x0 ../../../../libtock/build/rv32imc/libtock.a(ipc.o)
 .bss           0x100088c0        0x0 ../../../../libtock/build/rv32imc/libtock.a(tock.o)
 .bss.task_queue
                0x100088c0      0x140 ../../../../libtock/build/rv32imc/libtock.a(tock.o)
 .bss           0x10008a00        0x0 ../../../../libtock-sync/build/rv32imc/libtocksync.a(alarm.o)
 .bss           0x10008a00        0x0 ../../../../lib/libtock-newlib-4.3.0.20230120/riscv/riscv64-unknown-elf/lib/rv32im/ilp32/libc.a(libc_a-strlen.o)
 .bss           0x10008a00        0x0 ../../../../lib/libtock-newlib-4.3.0.20230120/riscv/riscv64-unknown-elf/lib/rv32im/ilp32/libc.a(libc_a-puts.o)
 .bss           0x10008a00        0x0 ../../../../lib/libtock-newlib-4.3.0.20230120/riscv/riscv64-unknown-elf/lib/rv32im/ilp32/libc.a(libc_a-findfp.o)
 .bss.__sf      0x10008a00      0x138 ../../../../lib/libtock-newlib-4.3.0.20230120/riscv/riscv64-unknown-elf/lib/rv32im/ilp32/libc.a(libc_a-findfp.o)
                0x10008a00                __sf
 .bss           0x10008b38        0x0 ../../../../lib/libtock-newlib-4.3.0.20230120/riscv/riscv64-unknown-elf/lib/rv32im/ilp32/libc.a(libc_a-fflush.o)
 .bss           0x10008b38        0x0 ../../../../lib/libtock-newlib-4.3.0.20230120/riscv/riscv64-unknown-elf/lib/rv32im/ilp32/libc.a(libc_a-mallocr.o)
 .bss           0x10008b38        0x0 ../../../../lib/libtock-newlib-4.3.0.20230120/riscv/riscv64-unknown-elf/lib/rv32im/ilp32/libc.a(libc_a-freer.o)
 .bss           0x10008b38        0x0 ../../../../lib/libtock-newlib-4.3.0.20230120/riscv/riscv64-unknown-elf/lib/rv32im/ilp32/libc.a(libc_a-fwalk.o)
 .bss           0x10008b38        0x0 ../../../../lib/libtock-newlib-4.3.0.20230120/riscv/riscv64-unknown-elf/lib/rv32im/ilp32/libc.a(libc_a-memset.o)
 .bss           0x10008b38        0x0 ../../../../lib/libtock-newlib-4.3.0.20230120/riscv/riscv64-unknown-elf/lib/rv32im/ilp32/libc.a(libc_a-memcpy-asm.o)
 .bss           0x10008b38        0x0 ../../../../lib/libtock-newlib-4.3.0.20230120/riscv/riscv64-unknown-elf/lib/rv32im/ilp32/libc.a(libc_a-impure.o)
 .bss           0x10008b38        0x0 ../../../../lib/libtock-newlib-4.3.0.20230120/riscv/riscv64-unknown-elf/lib/rv32im/ilp32/libc.a(libc_a-mlock.o)
 .bss           0x10008b38        0x0 ../../../../lib/libtock-newlib-4.3.0.20230120/riscv/riscv64-unknown-elf/lib/rv32im/ilp32/libc.a(libc_a-exit.o)
 .bss           0x10008b38        0x0 ../../../../lib/libtock-newlib-4.3.0.20230120/riscv/riscv64-unknown-elf/lib/rv32im/ilp32/libc.a(libc_a-printf.o)
 .bss           0x10008b38        0x0 ../../../../lib/libtock-newlib-4.3.0.20230120/riscv/riscv64-unknown-elf/lib/rv32im/ilp32/libc.a(libc_a-nano-vfprintf.o)
 .bss           0x10008b38        0x0 ../../../../lib/libtock-newlib-4.3.0.20230120/riscv/riscv64-unknown-elf/lib/rv32im/ilp32/libc.a(libc_a-wbuf.o)
 .bss           0x10008b38        0x0 ../../../../lib/libtock-newlib-4.3.0.20230120/riscv/riscv64-unknown-elf/lib/rv32im/ilp32/libc.a(libc_a-stdio.o)
 .bss           0x10008b38        0x0 ../../../../lib/libtock-newlib-4.3.0.20230120/riscv/riscv64-unknown-elf/lib/rv32im/ilp32/libc.a(libc_a-sbrkr.o)
 .bss           0x10008b38        0x0 ../../../../lib/libtock-newlib-4.3.0.20230120/riscv/riscv64-unknown-elf/lib/rv32im/ilp32/libc.a(libc_a-fvwrite.o)
 .bss           0x10008b38        0x0 ../../../../lib/libtock-newlib-4.3.0.20230120/riscv/riscv64-unknown-elf/lib/rv32im/ilp32/libc.a(libc_a-wsetup.o)
 .bss           0x10008b38        0x0 ../../../../lib/libtock-newlib-4.3.0.20230120/riscv/riscv64-unknown-elf/lib/rv32im/ilp32/libc.a(libc_a-memchr.o)
 .bss           0x10008b38        0x0 ../../../../lib/libtock-newlib-4.3.0.20230120/riscv/riscv64-unknown-elf/lib/rv32im/ilp32/libc.a(libc_a-reent.o)
 .bss           0x10008b38        0x0 ../../../../lib/libtock-newlib-4.3.0.20230120/riscv/riscv64-unknown-elf/lib/rv32im/ilp32/libc.a(libc_a-readr.o)
 .bss           0x10008b38        0x0 ../../../../lib/libtock-newlib-4.3.0.20230120/riscv/riscv64-unknown-elf/lib/rv32im/ilp32/libc.a(libc_a-closer.o)
 .bss           0x10008b38        0x0 ../../../../lib/libtock-newlib-4.3.0.20230120/riscv/riscv64-unknown-elf/lib/rv32im/ilp32/libc.a(libc_a-reallocr.o)
 .bss           0x10008b38        0x0 ../../../../lib/libtock-newlib-4.3.0.20230120/riscv/riscv64-unknown-elf/lib/rv32im/ilp32/libc.a(libc_a-nano-vfprintf_i.o)
 .bss           0x10008b38        0x0 ../../../../lib/libtock-newlib-4.3.0.20230120/riscv/riscv64-unknown-elf/lib/rv32im/ilp32/libc.a(libc_a-makebuf.o)
 .bss           0x10008b38        0x0 ../../../../lib/libtock-newlib-4.3.0.20230120/riscv/riscv64-unknown-elf/lib/rv32im/ilp32/libc.a(libc_a-fstatr.o)
 .bss           0x10008b38        0x0 ../../../../lib/libtock-newlib-4.3.0.20230120/riscv/riscv64-unknown-elf/lib/rv32im/ilp32/libc.a(libc_a-lseekr.o)
 .bss           0x10008b38        0x0 ../../../../lib/libtock-newlib-4.3.0.20230120/riscv/riscv64-unknown-elf/lib/rv32im/ilp32/libc.a(libc_a-writer.o)
 .bss           0x10008b38        0x0 ../../../../lib/libtock-newlib-4.3.0.20230120/riscv/riscv64-unknown-elf/lib/rv32im/ilp32/libc.a(libc_a-msizer.o)
 .bss           0x10008b38        0x0 ../../../../lib/libtock-newlib-4.3.0.20230120/riscv/riscv64-unknown-elf/lib/rv32im/ilp32/libc.a(libc_a-memmove.o)
 .bss           0x10008b38        0x0 ../../../../lib/libtock-newlib-4.3.0.20230120/riscv/riscv64-unknown-elf/lib/rv32im/ilp32/libc.a(libc_a-isattyr.o)
 .bss           0x10008b38        0x0 ../../../../libtock/build/rv32imc/libtock.a(sys.o)
 .bss           0x10008b38        0x0 ../../../../libtock/build/rv32imc/libtock.a(alarm.o)
 .bss           0x10008b38        0x0 ../../../../libtock/build/rv32imc/libtock.a(alarm_syscalls.o)
 .bss           0x10008b38        0x0 ../../../../libtock-sync/build/rv32imc/libtocksync.a(sys.o)
 .bss           0x10008b38        0x0 ../../../../libtock-sync/build/rv32imc/libtocksync.a(console.o)
 .bss.result    0x10008b38        0xc ../../../../libtock-sync/build/rv32imc/libtocksync.a(console.o)
 .bss           0x10008b44        0x0 ../../../../lib/libtock-newlib-4.3.0.20230120/riscv/riscv64-unknown-elf/lib/rv32im/ilp32/libc.a(libc_a-assert.o)
 .bss           0x10008b44        0x0 ../../../../lib/libtock-newlib-4.3.0.20230120/riscv/riscv64-unknown-elf/lib/rv32im/ilp32/libc.a(libc_a-errno.o)
 .bss           0x10008b44        0x0 ../../../../lib/libtock-newlib-4.3.0.20230120/riscv/riscv64-unknown-elf/lib/rv32im/ilp32/libc.a(libc_a-abort.o)
 .bss           0x10008b44        0x0 ../../../../lib/libtock-newlib-4.3.0.20230120/riscv/riscv64-unknown-elf/lib/rv32im/ilp32/libc.a(libc_a-fprintf.o)
 .bss           0x10008b44        0x0 ../../../../lib/libtock-newlib-4.3.0.20230120/riscv/riscv64-unknown-elf/lib/rv32im/ilp32/libc.a(libc_a-signal.o)
 .bss           0x10008b44        0x0 ../../../../lib/libtock-newlib-4.3.0.20230120/riscv/riscv64-unknown-elf/lib/rv32im/ilp32/libc.a(libc_a-signalr.o)
 .bss           0x10008b44        0x0 ../../../../lib/libtock-libc++-13.2.0/riscv/lib/gcc/riscv64-unknown-elf/13.2.0/rv32im/ilp32/libgcc.a(_divdi3.o)
 .bss           0x10008b44        0x0 ../../../../lib/libtock-libc++-13.2.0/riscv/lib/gcc/riscv64-unknown-elf/13.2.0/rv32im/ilp32/libgcc.a(_udivdi3.o)
 .bss           0x10008b44        0x0 ../../../../lib/libtock-libc++-13.2.0/riscv/lib/gcc/riscv64-unknown-elf/13.2.0/rv32im/ilp32/libgcc.a(_clz.o)
 .bss           0x10008b44        0x0 ../../../../libtock/build/rv32imc/libtock.a(console.o)
 .bss           0x10008b44        0x0 ../../../../libtock/build/rv32imc/libtock.a(console_syscalls.o)
 *(.sbss*)
 .sbss._done    0x10008b44        0x1 build/rv32imc/main.o
                0x10008b44                _done
 .sbss._number_of_leds
                0x10008b45        0x1 build/rv32imc/main.o
                0x10008b45                _number_of_leds
 *fill*         0x10008b46        0x2 
 .sbss.task_last
                0x10008b48        0x4 ../../../../libtock/build/rv32imc/libtock.a(tock.o)
 .sbss.task_cur
                0x10008b4c        0x4 ../../../../libtock/build/rv32imc/libtock.a(tock.o)
 .sbss.yf_timeout_data
                0x10008b50        0x1 ../../../../libtock-sync/build/rv32imc/libtocksync.a(alarm.o)
 *fill*         0x10008b51        0x3 
 .sbss.delay_data
                0x10008b54        0x1 ../../../../libtock-sync/build/rv32imc/libtocksync.a(alarm.o)
 *fill*         0x10008b55        0x3 
 .sbss.__stdio_exit_handler
                0x10008b58        0x4 ../../../../lib/libtock-newlib-4.3.0.20230120/riscv/riscv64-unknown-elf/lib/rv32im/ilp32/libc.a(libc_a-findfp.o)
                0x10008b58                __stdio_exit_handler
 .sbss.__malloc_sbrk_start
                0x10008b5c        0x4 ../../../../lib/libtock-newlib-4.3.0.20230120/riscv/riscv64-unknown-elf/lib/rv32im/ilp32/libc.a(libc_a-mallocr.o)
                0x10008b5c                __malloc_sbrk_start
 .sbss.__malloc_free_list
                0x10008b60        0x4 ../../../../lib/libtock-newlib-4.3.0.20230120/riscv/riscv64-unknown-elf/lib/rv32im/ilp32/libc.a(libc_a-mallocr.o)
                0x10008b60                __malloc_free_list
 .sbss.errno    0x10008b64        0x4 ../../../../lib/libtock-newlib-4.3.0.20230120/riscv/riscv64-unknown-elf/lib/rv32im/ilp32/libc.a(libc_a-reent.o)
                0x10008b64                errno
 .sbss.__dso_handle
                0x10008b68        0x4 ../../../../libtock/build/rv32imc/libtock.a(sys.o)
                0x10008b68                __dso_handle
 .sbss.root     0x10008b6c        0x4 ../../../../libtock/build/rv32imc/libtock.a(alarm.o)
 *(COMMON)
                0x10008b70                        . = ALIGN (0x4)

.endflash       0x20033874        0x0
                [!provide]                        PROVIDE (__exidx_start = .)

.ARM.exidx
 *(.ARM.exidx* .gnu.linkonce.armexidx.*)
                [!provide]                        PROVIDE (__exidx_end = .)
                0x00000001                        ASSERT ((_got <= _bss), 
The GOT section must be before the BSS section for crt0 setup to be correct.)
                0x00000001                        ASSERT ((_data <= _bss), 
The data section must be before the BSS section for crt0 setup to be correct.)
OUTPUT(build/rv32imc/rv32imc.0x20030880.0x10008000.elf elf32-littleriscv)

.GCC.command.line
                0x00000000       0x99
 .GCC.command.line
                0x00000000       0x99 build/rv32imc/main.o
 .GCC.command.line
                0x00000099       0x99 ../../../../libtock/build/rv32imc/libtock.a(crt0.o)
 .GCC.command.line
                0x00000099       0x99 ../../../../libtock/build/rv32imc/libtock.a(ipc.o)
 .GCC.command.line
                0x00000099       0x99 ../../../../libtock/build/rv32imc/libtock.a(tock.o)
 .GCC.command.line
                0x00000099       0x99 ../../../../libtock-sync/build/rv32imc/libtocksync.a(alarm.o)
 .GCC.command.line
                0x00000099       0x99 ../../../../libtock/build/rv32imc/libtock.a(sys.o)
 .GCC.command.line
                0x00000099       0x99 ../../../../libtock/build/rv32imc/libtock.a(alarm.o)
 .GCC.command.line
                0x00000099       0x99 ../../../../libtock/build/rv32imc/libtock.a(alarm_syscalls.o)
 .GCC.command.line
                0x00000099       0x99 ../../../../libtock-sync/build/rv32imc/libtocksync.a(sys.o)
 .GCC.command.line
                0x00000099       0x99 ../../../../libtock-sync/build/rv32imc/libtocksync.a(console.o)
 .GCC.command.line
                0x00000099       0x99 ../../../../libtock/build/rv32imc/libtock.a(console.o)
 .GCC.command.line
                0x00000099       0x99 ../../../../libtock/build/rv32imc/libtock.a(console_syscalls.o)

.comment        0x00000000       0x52
 .comment       0x00000000       0x52 build/rv32imc/main.o
                                 0x23 (size before relaxing)
 .comment       0x00000052       0x23 ../../../../libtock/build/rv32imc/libtock.a(crt0.o)
 .comment       0x00000052       0x23 ../../../../libtock/build/rv32imc/libtock.a(ipc.o)
 .comment       0x00000052       0x23 ../../../../libtock/build/rv32imc/libtock.a(tock.o)
 .comment       0x00000052       0x23 ../../../../libtock-sync/build/rv32imc/libtocksync.a(alarm.o)
 .comment       0x00000052       0x1f ../../../../lib/libtock-newlib-4.3.0.20230120/riscv/riscv64-unknown-elf/lib/rv32im/ilp32/libc.a(libc_a-strlen.o)
 .comment       0x00000052       0x1f ../../../../lib/libtock-newlib-4.3.0.20230120/riscv/riscv64-unknown-elf/lib/rv32im/ilp32/libc.a(libc_a-puts.o)
 .comment       0x00000052       0x1f ../../../../lib/libtock-newlib-4.3.0.20230120/riscv/riscv64-unknown-elf/lib/rv32im/ilp32/libc.a(libc_a-findfp.o)
 .comment       0x00000052       0x1f ../../../../lib/libtock-newlib-4.3.0.20230120/riscv/riscv64-unknown-elf/lib/rv32im/ilp32/libc.a(libc_a-fflush.o)
 .comment       0x00000052       0x1f ../../../../lib/libtock-newlib-4.3.0.20230120/riscv/riscv64-unknown-elf/lib/rv32im/ilp32/libc.a(libc_a-mallocr.o)
 .comment       0x00000052       0x1f ../../../../lib/libtock-newlib-4.3.0.20230120/riscv/riscv64-unknown-elf/lib/rv32im/ilp32/libc.a(libc_a-freer.o)
 .comment       0x00000052       0x1f ../../../../lib/libtock-newlib-4.3.0.20230120/riscv/riscv64-unknown-elf/lib/rv32im/ilp32/libc.a(libc_a-fwalk.o)
 .comment       0x00000052       0x1f ../../../../lib/libtock-newlib-4.3.0.20230120/riscv/riscv64-unknown-elf/lib/rv32im/ilp32/libc.a(libc_a-impure.o)
 .comment       0x00000052       0x1f ../../../../lib/libtock-newlib-4.3.0.20230120/riscv/riscv64-unknown-elf/lib/rv32im/ilp32/libc.a(libc_a-mlock.o)
 .comment       0x00000052       0x1f ../../../../lib/libtock-newlib-4.3.0.20230120/riscv/riscv64-unknown-elf/lib/rv32im/ilp32/libc.a(libc_a-exit.o)
 .comment       0x00000052       0x1f ../../../../lib/libtock-newlib-4.3.0.20230120/riscv/riscv64-unknown-elf/lib/rv32im/ilp32/libc.a(libc_a-printf.o)
 .comment       0x00000052       0x1f ../../../../lib/libtock-newlib-4.3.0.20230120/riscv/riscv64-unknown-elf/lib/rv32im/ilp32/libc.a(libc_a-nano-vfprintf.o)
 .comment       0x00000052       0x1f ../../../../lib/libtock-newlib-4.3.0.20230120/riscv/riscv64-unknown-elf/lib/rv32im/ilp32/libc.a(libc_a-wbuf.o)
 .comment       0x00000052       0x1f ../../../../lib/libtock-newlib-4.3.0.20230120/riscv/riscv64-unknown-elf/lib/rv32im/ilp32/libc.a(libc_a-stdio.o)
 .comment       0x00000052       0x1f ../../../../lib/libtock-newlib-4.3.0.20230120/riscv/riscv64-unknown-elf/lib/rv32im/ilp32/libc.a(libc_a-sbrkr.o)
 .comment       0x00000052       0x1f ../../../../lib/libtock-newlib-4.3.0.20230120/riscv/riscv64-unknown-elf/lib/rv32im/ilp32/libc.a(libc_a-fvwrite.o)
 .comment       0x00000052       0x1f ../../../../lib/libtock-newlib-4.3.0.20230120/riscv/riscv64-unknown-elf/lib/rv32im/ilp32/libc.a(libc_a-wsetup.o)
 .comment       0x00000052       0x1f ../../../../lib/libtock-newlib-4.3.0.20230120/riscv/riscv64-unknown-elf/lib/rv32im/ilp32/libc.a(libc_a-memchr.o)
 .comment       0x00000052       0x1f ../../../../lib/libtock-newlib-4.3.0.20230120/riscv/riscv64-unknown-elf/lib/rv32im/ilp32/libc.a(libc_a-reent.o)
 .comment       0x00000052       0x1f ../../../../lib/libtock-newlib-4.3.0.20230120/riscv/riscv64-unknown-elf/lib/rv32im/ilp32/libc.a(libc_a-readr.o)
 .comment       0x00000052       0x1f ../../../../lib/libtock-newlib-4.3.0.20230120/riscv/riscv64-unknown-elf/lib/rv32im/ilp32/libc.a(libc_a-closer.o)
 .comment       0x00000052       0x1f ../../../../lib/libtock-newlib-4.3.0.20230120/riscv/riscv64-unknown-elf/lib/rv32im/ilp32/libc.a(libc_a-reallocr.o)
 .comment       0x00000052       0x1f ../../../../lib/libtock-newlib-4.3.0.20230120/riscv/riscv64-unknown-elf/lib/rv32im/ilp32/libc.a(libc_a-nano-vfprintf_i.o)
 .comment       0x00000052       0x1f ../../../../lib/libtock-newlib-4.3.0.20230120/riscv/riscv64-unknown-elf/lib/rv32im/ilp32/libc.a(libc_a-makebuf.o)
 .comment       0x00000052       0x1f ../../../../lib/libtock-newlib-4.3.0.20230120/riscv/riscv64-unknown-elf/lib/rv32im/ilp32/libc.a(libc_a-fstatr.o)
 .comment       0x00000052       0x1f ../../../../lib/libtock-newlib-4.3.0.20230120/riscv/riscv64-unknown-elf/lib/rv32im/ilp32/libc.a(libc_a-lseekr.o)
 .comment       0x00000052       0x1f ../../../../lib/libtock-newlib-4.3.0.20230120/riscv/riscv64-unknown-elf/lib/rv32im/ilp32/libc.a(libc_a-writer.o)
 .comment       0x00000052       0x1f ../../../../lib/libtock-newlib-4.3.0.20230120/riscv/riscv64-unknown-elf/lib/rv32im/ilp32/libc.a(libc_a-msizer.o)
 .comment       0x00000052       0x1f ../../../../lib/libtock-newlib-4.3.0.20230120/riscv/riscv64-unknown-elf/lib/rv32im/ilp32/libc.a(libc_a-isattyr.o)
 .comment       0x00000052       0x23 ../../../../libtock/build/rv32imc/libtock.a(sys.o)
 .comment       0x00000052       0x23 ../../../../libtock/build/rv32imc/libtock.a(alarm.o)
 .comment       0x00000052       0x23 ../../../../libtock/build/rv32imc/libtock.a(alarm_syscalls.o)
 .comment       0x00000052       0x23 ../../../../libtock-sync/build/rv32imc/libtocksync.a(sys.o)
 .comment       0x00000052       0x23 ../../../../libtock-sync/build/rv32imc/libtocksync.a(console.o)
 .comment       0x00000052       0x1f ../../../../lib/libtock-newlib-4.3.0.20230120/riscv/riscv64-unknown-elf/lib/rv32im/ilp32/libc.a(libc_a-assert.o)
 .comment       0x00000052       0x1f ../../../../lib/libtock-newlib-4.3.0.20230120/riscv/riscv64-unknown-elf/lib/rv32im/ilp32/libc.a(libc_a-errno.o)
 .comment       0x00000052       0x1f ../../../../lib/libtock-newlib-4.3.0.20230120/riscv/riscv64-unknown-elf/lib/rv32im/ilp32/libc.a(libc_a-abort.o)
 .comment       0x00000052       0x1f ../../../../lib/libtock-newlib-4.3.0.20230120/riscv/riscv64-unknown-elf/lib/rv32im/ilp32/libc.a(libc_a-fprintf.o)
 .comment       0x00000052       0x1f ../../../../lib/libtock-newlib-4.3.0.20230120/riscv/riscv64-unknown-elf/lib/rv32im/ilp32/libc.a(libc_a-signal.o)
 .comment       0x00000052       0x1f ../../../../lib/libtock-newlib-4.3.0.20230120/riscv/riscv64-unknown-elf/lib/rv32im/ilp32/libc.a(libc_a-signalr.o)
 .comment       0x00000052       0x13 ../../../../lib/libtock-libc++-13.2.0/riscv/lib/gcc/riscv64-unknown-elf/13.2.0/rv32im/ilp32/libgcc.a(_divdi3.o)
 .comment       0x00000052       0x13 ../../../../lib/libtock-libc++-13.2.0/riscv/lib/gcc/riscv64-unknown-elf/13.2.0/rv32im/ilp32/libgcc.a(_udivdi3.o)
 .comment       0x00000052       0x13 ../../../../lib/libtock-libc++-13.2.0/riscv/lib/gcc/riscv64-unknown-elf/13.2.0/rv32im/ilp32/libgcc.a(_clz.o)
 .comment       0x00000052       0x23 ../../../../libtock/build/rv32imc/libtock.a(console.o)
 .comment       0x00000052       0x23 ../../../../libtock/build/rv32imc/libtock.a(console_syscalls.o)

.riscv.attributes
                0x00000000       0x2f
 .riscv.attributes
                0x00000000       0x2f build/rv32imc/main.o
 .riscv.attributes
                0x0000002f       0x2f ../../../../libtock/build/rv32imc/libtock.a(crt0.o)
 .riscv.attributes
                0x0000005e       0x2f ../../../../libtock/build/rv32imc/libtock.a(ipc.o)
 .riscv.attributes
                0x0000008d       0x2f ../../../../libtock/build/rv32imc/libtock.a(tock.o)
 .riscv.attributes
                0x000000bc       0x2f ../../../../libtock-sync/build/rv32imc/libtocksync.a(alarm.o)
 .riscv.attributes
                0x000000eb       0x2a ../../../../lib/libtock-newlib-4.3.0.20230120/riscv/riscv64-unknown-elf/lib/rv32im/ilp32/libc.a(libc_a-strlen.o)
 .riscv.attributes
                0x00000115       0x2a ../../../../lib/libtock-newlib-4.3.0.20230120/riscv/riscv64-unknown-elf/lib/rv32im/ilp32/libc.a(libc_a-puts.o)
 .riscv.attributes
                0x0000013f       0x2a ../../../../lib/libtock-newlib-4.3.0.20230120/riscv/riscv64-unknown-elf/lib/rv32im/ilp32/libc.a(libc_a-findfp.o)
 .riscv.attributes
                0x00000169       0x2a ../../../../lib/libtock-newlib-4.3.0.20230120/riscv/riscv64-unknown-elf/lib/rv32im/ilp32/libc.a(libc_a-fflush.o)
 .riscv.attributes
                0x00000193       0x2a ../../../../lib/libtock-newlib-4.3.0.20230120/riscv/riscv64-unknown-elf/lib/rv32im/ilp32/libc.a(libc_a-mallocr.o)
 .riscv.attributes
                0x000001bd       0x2a ../../../../lib/libtock-newlib-4.3.0.20230120/riscv/riscv64-unknown-elf/lib/rv32im/ilp32/libc.a(libc_a-freer.o)
 .riscv.attributes
                0x000001e7       0x2a ../../../../lib/libtock-newlib-4.3.0.20230120/riscv/riscv64-unknown-elf/lib/rv32im/ilp32/libc.a(libc_a-fwalk.o)
 .riscv.attributes
                0x00000211       0x28 ../../../../lib/libtock-newlib-4.3.0.20230120/riscv/riscv64-unknown-elf/lib/rv32im/ilp32/libc.a(libc_a-memset.o)
 .riscv.attributes
                0x00000239       0x28 ../../../../lib/libtock-newlib-4.3.0.20230120/riscv/riscv64-unknown-elf/lib/rv32im/ilp32/libc.a(libc_a-memcpy-asm.o)
 .riscv.attributes
                0x00000261       0x2a ../../../../lib/libtock-newlib-4.3.0.20230120/riscv/riscv64-unknown-elf/lib/rv32im/ilp32/libc.a(libc_a-impure.o)
 .riscv.attributes
                0x0000028b       0x2a ../../../../lib/libtock-newlib-4.3.0.20230120/riscv/riscv64-unknown-elf/lib/rv32im/ilp32/libc.a(libc_a-mlock.o)
 .riscv.attributes
                0x000002b5       0x2a ../../../../lib/libtock-newlib-4.3.0.20230120/riscv/riscv64-unknown-elf/lib/rv32im/ilp32/libc.a(libc_a-exit.o)
 .riscv.attributes
                0x000002df       0x2a ../../../../lib/libtock-newlib-4.3.0.20230120/riscv/riscv64-unknown-elf/lib/rv32im/ilp32/libc.a(libc_a-printf.o)
 .riscv.attributes
                0x00000309       0x2a ../../../../lib/libtock-newlib-4.3.0.20230120/riscv/riscv64-unknown-elf/lib/rv32im/ilp32/libc.a(libc_a-nano-vfprintf.o)
 .riscv.attributes
                0x00000333       0x2a ../../../../lib/libtock-newlib-4.3.0.20230120/riscv/riscv64-unknown-elf/lib/rv32im/ilp32/libc.a(libc_a-wbuf.o)
 .riscv.attributes
                0x0000035d       0x2a ../../../../lib/libtock-newlib-4.3.0.20230120/riscv/riscv64-unknown-elf/lib/rv32im/ilp32/libc.a(libc_a-stdio.o)
 .riscv.attributes
                0x00000387       0x2a ../../../../lib/libtock-newlib-4.3.0.20230120/riscv/riscv64-unknown-elf/lib/rv32im/ilp32/libc.a(libc_a-sbrkr.o)
 .riscv.attributes
                0x000003b1       0x2a ../../../../lib/libtock-newlib-4.3.0.20230120/riscv/riscv64-unknown-elf/lib/rv32im/ilp32/libc.a(libc_a-fvwrite.o)
 .riscv.attributes
                0x000003db       0x2a ../../../../lib/libtock-newlib-4.3.0.20230120/riscv/riscv64-unknown-elf/lib/rv32im/ilp32/libc.a(libc_a-wsetup.o)
 .riscv.attributes
                0x00000405       0x2a ../../../../lib/libtock-newlib-4.3.0.20230120/riscv/riscv64-unknown-elf/lib/rv32im/ilp32/libc.a(libc_a-memchr.o)
 .riscv.attributes
                0x0000042f       0x2a ../../../../lib/libtock-newlib-4.3.0.20230120/riscv/riscv64-unknown-elf/lib/rv32im/ilp32/libc.a(libc_a-reent.o)
 .riscv.attributes
                0x00000459       0x2a ../../../../lib/libtock-newlib-4.3.0.20230120/riscv/riscv64-unknown-elf/lib/rv32im/ilp32/libc.a(libc_a-readr.o)
 .riscv.attributes
                0x00000483       0x2a ../../../../lib/libtock-newlib-4.3.0.20230120/riscv/riscv64-unknown-elf/lib/rv32im/ilp32/libc.a(libc_a-closer.o)
 .riscv.attributes
                0x000004ad       0x2a ../../../../lib/libtock-newlib-4.3.0.20230120/riscv/riscv64-unknown-elf/lib/rv32im/ilp32/libc.a(libc_a-reallocr.o)
 .riscv.attributes
                0x000004d7       0x2a ../../../../lib/libtock-newlib-4.3.0.20230120/riscv/riscv64-unknown-elf/lib/rv32im/ilp32/libc.a(libc_a-nano-vfprintf_i.o)
 .riscv.attributes
                0x00000501       0x2a ../../../../lib/libtock-newlib-4.3.0.20230120/riscv/riscv64-unknown-elf/lib/rv32im/ilp32/libc.a(libc_a-makebuf.o)
 .riscv.attributes
                0x0000052b       0x2a ../../../../lib/libtock-newlib-4.3.0.20230120/riscv/riscv64-unknown-elf/lib/rv32im/ilp32/libc.a(libc_a-fstatr.o)
 .riscv.attributes
                0x00000555       0x2a ../../../../lib/libtock-newlib-4.3.0.20230120/riscv/riscv64-unknown-elf/lib/rv32im/ilp32/libc.a(libc_a-lseekr.o)
 .riscv.attributes
                0x0000057f       0x2a ../../../../lib/libtock-newlib-4.3.0.20230120/riscv/riscv64-unknown-elf/lib/rv32im/ilp32/libc.a(libc_a-writer.o)
 .riscv.attributes
                0x000005a9       0x2a ../../../../lib/libtock-newlib-4.3.0.20230120/riscv/riscv64-unknown-elf/lib/rv32im/ilp32/libc.a(libc_a-msizer.o)
 .riscv.attributes
                0x000005d3       0x28 ../../../../lib/libtock-newlib-4.3.0.20230120/riscv/riscv64-unknown-elf/lib/rv32im/ilp32/libc.a(libc_a-memmove.o)
 .riscv.attributes
                0x000005fb       0x2a ../../../../lib/libtock-newlib-4.3.0.20230120/riscv/riscv64-unknown-elf/lib/rv32im/ilp32/libc.a(libc_a-isattyr.o)
 .riscv.attributes
                0x00000625       0x2f ../../../../libtock/build/rv32imc/libtock.a(sys.o)
 .riscv.attributes
                0x00000654       0x2f ../../../../libtock/build/rv32imc/libtock.a(alarm.o)
 .riscv.attributes
                0x00000683       0x2f ../../../../libtock/build/rv32imc/libtock.a(alarm_syscalls.o)
 .riscv.attributes
                0x000006b2       0x2f ../../../../libtock-sync/build/rv32imc/libtocksync.a(sys.o)
 .riscv.attributes
                0x000006e1       0x2f ../../../../libtock-sync/build/rv32imc/libtocksync.a(console.o)
 .riscv.attributes
                0x00000710       0x2a ../../../../lib/libtock-newlib-4.3.0.20230120/riscv/riscv64-unknown-elf/lib/rv32im/ilp32/libc.a(libc_a-assert.o)
 .riscv.attributes
                0x0000073a       0x2a ../../../../lib/libtock-newlib-4.3.0.20230120/riscv/riscv64-unknown-elf/lib/rv32im/ilp32/libc.a(libc_a-errno.o)
 .riscv.attributes
                0x00000764       0x2a ../../../../lib/libtock-newlib-4.3.0.20230120/riscv/riscv64-unknown-elf/lib/rv32im/ilp32/libc.a(libc_a-abort.o)
 .riscv.attributes
                0x0000078e       0x2a ../../../../lib/libtock-newlib-4.3.0.20230120/riscv/riscv64-unknown-elf/lib/rv32im/ilp32/libc.a(libc_a-fprintf.o)
 .riscv.attributes
                0x000007b8       0x2a ../../../../lib/libtock-newlib-4.3.0.20230120/riscv/riscv64-unknown-elf/lib/rv32im/ilp32/libc.a(libc_a-signal.o)
 .riscv.attributes
                0x000007e2       0x2a ../../../../lib/libtock-newlib-4.3.0.20230120/riscv/riscv64-unknown-elf/lib/rv32im/ilp32/libc.a(libc_a-signalr.o)
 .riscv.attributes
                0x0000080c       0x2a ../../../../lib/libtock-libc++-13.2.0/riscv/lib/gcc/riscv64-unknown-elf/13.2.0/rv32im/ilp32/libgcc.a(_divdi3.o)
 .riscv.attributes
                0x00000836       0x2a ../../../../lib/libtock-libc++-13.2.0/riscv/lib/gcc/riscv64-unknown-elf/13.2.0/rv32im/ilp32/libgcc.a(_udivdi3.o)
 .riscv.attributes
                0x00000860       0x2a ../../../../lib/libtock-libc++-13.2.0/riscv/lib/gcc/riscv64-unknown-elf/13.2.0/rv32im/ilp32/libgcc.a(_clz.o)
 .riscv.attributes
                0x0000088a       0x2f ../../../../libtock/build/rv32imc/libtock.a(console.o)
 .riscv.attributes
                0x000008b9       0x2f ../../../../libtock/build/rv32imc/libtock.a(console_syscalls.o)

.debug_info     0x00000000    0x18659
 .debug_info    0x00000000      0x385 build/rv32imc/main.o
 .debug_info    0x00000385      0x5c0 ../../../../libtock/build/rv32imc/libtock.a(crt0.o)
 .debug_info    0x00000945      0x9d3 ../../../../libtock/build/rv32imc/libtock.a(ipc.o)
 .debug_info    0x00001318     0x1532 ../../../../libtock/build/rv32imc/libtock.a(tock.o)
 .debug_info    0x0000284a      0x474 ../../../../libtock-sync/build/rv32imc/libtocksync.a(alarm.o)
 .debug_info    0x00002cbe       0xc9 ../../../../lib/libtock-newlib-4.3.0.20230120/riscv/riscv64-unknown-elf/lib/rv32im/ilp32/libc.a(libc_a-strlen.o)
 .debug_info    0x00002d87      0x8e5 ../../../../lib/libtock-newlib-4.3.0.20230120/riscv/riscv64-unknown-elf/lib/rv32im/ilp32/libc.a(libc_a-puts.o)
 .debug_info    0x0000366c      0xded ../../../../lib/libtock-newlib-4.3.0.20230120/riscv/riscv64-unknown-elf/lib/rv32im/ilp32/libc.a(libc_a-findfp.o)
 .debug_info    0x00004459      0x979 ../../../../lib/libtock-newlib-4.3.0.20230120/riscv/riscv64-unknown-elf/lib/rv32im/ilp32/libc.a(libc_a-fflush.o)
 .debug_info    0x00004dd2      0x998 ../../../../lib/libtock-newlib-4.3.0.20230120/riscv/riscv64-unknown-elf/lib/rv32im/ilp32/libc.a(libc_a-mallocr.o)
 .debug_info    0x0000576a      0x82b ../../../../lib/libtock-newlib-4.3.0.20230120/riscv/riscv64-unknown-elf/lib/rv32im/ilp32/libc.a(libc_a-freer.o)
 .debug_info    0x00005f95      0x7bc ../../../../lib/libtock-newlib-4.3.0.20230120/riscv/riscv64-unknown-elf/lib/rv32im/ilp32/libc.a(libc_a-fwalk.o)
 .debug_info    0x00006751       0x31 ../../../../lib/libtock-newlib-4.3.0.20230120/riscv/riscv64-unknown-elf/lib/rv32im/ilp32/libc.a(libc_a-memset.o)
 .debug_info    0x00006782       0x31 ../../../../lib/libtock-newlib-4.3.0.20230120/riscv/riscv64-unknown-elf/lib/rv32im/ilp32/libc.a(libc_a-memcpy-asm.o)
 .debug_info    0x000067b3      0x717 ../../../../lib/libtock-newlib-4.3.0.20230120/riscv/riscv64-unknown-elf/lib/rv32im/ilp32/libc.a(libc_a-impure.o)
 .debug_info    0x00006eca      0x728 ../../../../lib/libtock-newlib-4.3.0.20230120/riscv/riscv64-unknown-elf/lib/rv32im/ilp32/libc.a(libc_a-mlock.o)
 .debug_info    0x000075f2      0x117 ../../../../lib/libtock-newlib-4.3.0.20230120/riscv/riscv64-unknown-elf/lib/rv32im/ilp32/libc.a(libc_a-exit.o)
 .debug_info    0x00007709      0x81c ../../../../lib/libtock-newlib-4.3.0.20230120/riscv/riscv64-unknown-elf/lib/rv32im/ilp32/libc.a(libc_a-printf.o)
 .debug_info    0x00007f25      0xfdd ../../../../lib/libtock-newlib-4.3.0.20230120/riscv/riscv64-unknown-elf/lib/rv32im/ilp32/libc.a(libc_a-nano-vfprintf.o)
 .debug_info    0x00008f02      0x84e ../../../../lib/libtock-newlib-4.3.0.20230120/riscv/riscv64-unknown-elf/lib/rv32im/ilp32/libc.a(libc_a-wbuf.o)
 .debug_info    0x00009750      0x9f2 ../../../../lib/libtock-newlib-4.3.0.20230120/riscv/riscv64-unknown-elf/lib/rv32im/ilp32/libc.a(libc_a-stdio.o)
 .debug_info    0x0000a142      0x770 ../../../../lib/libtock-newlib-4.3.0.20230120/riscv/riscv64-unknown-elf/lib/rv32im/ilp32/libc.a(libc_a-sbrkr.o)
 .debug_info    0x0000a8b2      0xad8 ../../../../lib/libtock-newlib-4.3.0.20230120/riscv/riscv64-unknown-elf/lib/rv32im/ilp32/libc.a(libc_a-fvwrite.o)
 .debug_info    0x0000b38a      0x7b1 ../../../../lib/libtock-newlib-4.3.0.20230120/riscv/riscv64-unknown-elf/lib/rv32im/ilp32/libc.a(libc_a-wsetup.o)
 .debug_info    0x0000bb3b       0xfc ../../../../lib/libtock-newlib-4.3.0.20230120/riscv/riscv64-unknown-elf/lib/rv32im/ilp32/libc.a(libc_a-memchr.o)
 .debug_info    0x0000bc37      0x84b ../../../../lib/libtock-newlib-4.3.0.20230120/riscv/riscv64-unknown-elf/lib/rv32im/ilp32/libc.a(libc_a-reent.o)
 .debug_info    0x0000c482      0x78d ../../../../lib/libtock-newlib-4.3.0.20230120/riscv/riscv64-unknown-elf/lib/rv32im/ilp32/libc.a(libc_a-readr.o)
 .debug_info    0x0000cc0f      0x74a ../../../../lib/libtock-newlib-4.3.0.20230120/riscv/riscv64-unknown-elf/lib/rv32im/ilp32/libc.a(libc_a-closer.o)
 .debug_info    0x0000d359      0x8ac ../../../../lib/libtock-newlib-4.3.0.20230120/riscv/riscv64-unknown-elf/lib/rv32im/ilp32/libc.a(libc_a-reallocr.o)
 .debug_info    0x0000dc05      0xd82 ../../../../lib/libtock-newlib-4.3.0.20230120/riscv/riscv64-unknown-elf/lib/rv32im/ilp32/libc.a(libc_a-nano-vfprintf_i.o)
 .debug_info    0x0000e987      0xaf8 ../../../../lib/libtock-newlib-4.3.0.20230120/riscv/riscv64-unknown-elf/lib/rv32im/ilp32/libc.a(libc_a-makebuf.o)
 .debug_info    0x0000f47f      0x965 ../../../../lib/libtock-newlib-4.3.0.20230120/riscv/riscv64-unknown-elf/lib/rv32im/ilp32/libc.a(libc_a-fstatr.o)
 .debug_info    0x0000fde4      0x782 ../../../../lib/libtock-newlib-4.3.0.20230120/riscv/riscv64-unknown-elf/lib/rv32im/ilp32/libc.a(libc_a-lseekr.o)
 .debug_info    0x00010566      0x793 ../../../../lib/libtock-newlib-4.3.0.20230120/riscv/riscv64-unknown-elf/lib/rv32im/ilp32/libc.a(libc_a-writer.o)
 .debug_info    0x00010cf9      0x78c ../../../../lib/libtock-newlib-4.3.0.20230120/riscv/riscv64-unknown-elf/lib/rv32im/ilp32/libc.a(libc_a-msizer.o)
 .debug_info    0x00011485       0x31 ../../../../lib/libtock-newlib-4.3.0.20230120/riscv/riscv64-unknown-elf/lib/rv32im/ilp32/libc.a(libc_a-memmove.o)
 .debug_info    0x000114b6      0x74a ../../../../lib/libtock-newlib-4.3.0.20230120/riscv/riscv64-unknown-elf/lib/rv32im/ilp32/libc.a(libc_a-isattyr.o)
 .debug_info    0x00011c00      0x689 ../../../../libtock/build/rv32imc/libtock.a(sys.o)
 .debug_info    0x00012289      0xffc ../../../../libtock/build/rv32imc/libtock.a(alarm.o)
 .debug_info    0x00013285      0x70d ../../../../libtock/build/rv32imc/libtock.a(alarm_syscalls.o)
 .debug_info    0x00013992      0x1e3 ../../../../libtock-sync/build/rv32imc/libtocksync.a(sys.o)
 .debug_info    0x00013b75      0x38c ../../../../libtock-sync/build/rv32imc/libtocksync.a(console.o)
 .debug_info    0x00013f01      0x7f6 ../../../../lib/libtock-newlib-4.3.0.20230120/riscv/riscv64-unknown-elf/lib/rv32im/ilp32/libc.a(libc_a-assert.o)
 .debug_info    0x000146f7      0x6fd ../../../../lib/libtock-newlib-4.3.0.20230120/riscv/riscv64-unknown-elf/lib/rv32im/ilp32/libc.a(libc_a-errno.o)
 .debug_info    0x00014df4       0xd8 ../../../../lib/libtock-newlib-4.3.0.20230120/riscv/riscv64-unknown-elf/lib/rv32im/ilp32/libc.a(libc_a-abort.o)
 .debug_info    0x00014ecc      0x836 ../../../../lib/libtock-newlib-4.3.0.20230120/riscv/riscv64-unknown-elf/lib/rv32im/ilp32/libc.a(libc_a-fprintf.o)
 .debug_info    0x00015702      0x9ba ../../../../lib/libtock-newlib-4.3.0.20230120/riscv/riscv64-unknown-elf/lib/rv32im/ilp32/libc.a(libc_a-signal.o)
 .debug_info    0x000160bc      0x7c9 ../../../../lib/libtock-newlib-4.3.0.20230120/riscv/riscv64-unknown-elf/lib/rv32im/ilp32/libc.a(libc_a-signalr.o)
 .debug_info    0x00016885      0x7a1 ../../../../lib/libtock-libc++-13.2.0/riscv/lib/gcc/riscv64-unknown-elf/13.2.0/rv32im/ilp32/libgcc.a(_divdi3.o)
 .debug_info    0x00017026      0x76f ../../../../lib/libtock-libc++-13.2.0/riscv/lib/gcc/riscv64-unknown-elf/13.2.0/rv32im/ilp32/libgcc.a(_udivdi3.o)
 .debug_info    0x00017795       0xe6 ../../../../lib/libtock-libc++-13.2.0/riscv/lib/gcc/riscv64-unknown-elf/13.2.0/rv32im/ilp32/libgcc.a(_clz.o)
 .debug_info    0x0001787b      0x474 ../../../../libtock/build/rv32imc/libtock.a(console.o)
 .debug_info    0x00017cef      0x96a ../../../../libtock/build/rv32imc/libtock.a(console_syscalls.o)

.debug_abbrev   0x00000000     0x5ef6
 .debug_abbrev  0x00000000      0x17f build/rv32imc/main.o
 .debug_abbrev  0x0000017f      0x216 ../../../../libtock/build/rv32imc/libtock.a(crt0.o)
 .debug_abbrev  0x00000395      0x1ae ../../../../libtock/build/rv32imc/libtock.a(ipc.o)
 .debug_abbrev  0x00000543      0x3cd ../../../../libtock/build/rv32imc/libtock.a(tock.o)
 .debug_abbrev  0x00000910      0x1d7 ../../../../libtock-sync/build/rv32imc/libtocksync.a(alarm.o)
 .debug_abbrev  0x00000ae7       0x86 ../../../../lib/libtock-newlib-4.3.0.20230120/riscv/riscv64-unknown-elf/lib/rv32im/ilp32/libc.a(libc_a-strlen.o)
 .debug_abbrev  0x00000b6d      0x27d ../../../../lib/libtock-newlib-4.3.0.20230120/riscv/riscv64-unknown-elf/lib/rv32im/ilp32/libc.a(libc_a-puts.o)
 .debug_abbrev  0x00000dea      0x3fc ../../../../lib/libtock-newlib-4.3.0.20230120/riscv/riscv64-unknown-elf/lib/rv32im/ilp32/libc.a(libc_a-findfp.o)
 .debug_abbrev  0x000011e6      0x2a8 ../../../../lib/libtock-newlib-4.3.0.20230120/riscv/riscv64-unknown-elf/lib/rv32im/ilp32/libc.a(libc_a-fflush.o)
 .debug_abbrev  0x0000148e      0x243 ../../../../lib/libtock-newlib-4.3.0.20230120/riscv/riscv64-unknown-elf/lib/rv32im/ilp32/libc.a(libc_a-mallocr.o)
 .debug_abbrev  0x000016d1      0x229 ../../../../lib/libtock-newlib-4.3.0.20230120/riscv/riscv64-unknown-elf/lib/rv32im/ilp32/libc.a(libc_a-freer.o)
 .debug_abbrev  0x000018fa      0x192 ../../../../lib/libtock-newlib-4.3.0.20230120/riscv/riscv64-unknown-elf/lib/rv32im/ilp32/libc.a(libc_a-fwalk.o)
 .debug_abbrev  0x00001a8c       0x28 ../../../../lib/libtock-newlib-4.3.0.20230120/riscv/riscv64-unknown-elf/lib/rv32im/ilp32/libc.a(libc_a-memset.o)
 .debug_abbrev  0x00001ab4       0x28 ../../../../lib/libtock-newlib-4.3.0.20230120/riscv/riscv64-unknown-elf/lib/rv32im/ilp32/libc.a(libc_a-memcpy-asm.o)
 .debug_abbrev  0x00001adc      0x149 ../../../../lib/libtock-newlib-4.3.0.20230120/riscv/riscv64-unknown-elf/lib/rv32im/ilp32/libc.a(libc_a-impure.o)
 .debug_abbrev  0x00001c25      0x192 ../../../../lib/libtock-newlib-4.3.0.20230120/riscv/riscv64-unknown-elf/lib/rv32im/ilp32/libc.a(libc_a-mlock.o)
 .debug_abbrev  0x00001db7       0xd5 ../../../../lib/libtock-newlib-4.3.0.20230120/riscv/riscv64-unknown-elf/lib/rv32im/ilp32/libc.a(libc_a-exit.o)
 .debug_abbrev  0x00001e8c      0x1ee ../../../../lib/libtock-newlib-4.3.0.20230120/riscv/riscv64-unknown-elf/lib/rv32im/ilp32/libc.a(libc_a-printf.o)
 .debug_abbrev  0x0000207a      0x2e4 ../../../../lib/libtock-newlib-4.3.0.20230120/riscv/riscv64-unknown-elf/lib/rv32im/ilp32/libc.a(libc_a-nano-vfprintf.o)
 .debug_abbrev  0x0000235e      0x224 ../../../../lib/libtock-newlib-4.3.0.20230120/riscv/riscv64-unknown-elf/lib/rv32im/ilp32/libc.a(libc_a-wbuf.o)
 .debug_abbrev  0x00002582      0x22a ../../../../lib/libtock-newlib-4.3.0.20230120/riscv/riscv64-unknown-elf/lib/rv32im/ilp32/libc.a(libc_a-stdio.o)
 .debug_abbrev  0x000027ac      0x1d1 ../../../../lib/libtock-newlib-4.3.0.20230120/riscv/riscv64-unknown-elf/lib/rv32im/ilp32/libc.a(libc_a-sbrkr.o)
 .debug_abbrev  0x0000297d      0x20f ../../../../lib/libtock-newlib-4.3.0.20230120/riscv/riscv64-unknown-elf/lib/rv32im/ilp32/libc.a(libc_a-fvwrite.o)
 .debug_abbrev  0x00002b8c      0x1dc ../../../../lib/libtock-newlib-4.3.0.20230120/riscv/riscv64-unknown-elf/lib/rv32im/ilp32/libc.a(libc_a-wsetup.o)
 .debug_abbrev  0x00002d68       0xb8 ../../../../lib/libtock-newlib-4.3.0.20230120/riscv/riscv64-unknown-elf/lib/rv32im/ilp32/libc.a(libc_a-memchr.o)
 .debug_abbrev  0x00002e20      0x1e7 ../../../../lib/libtock-newlib-4.3.0.20230120/riscv/riscv64-unknown-elf/lib/rv32im/ilp32/libc.a(libc_a-reent.o)
 .debug_abbrev  0x00003007      0x1aa ../../../../lib/libtock-newlib-4.3.0.20230120/riscv/riscv64-unknown-elf/lib/rv32im/ilp32/libc.a(libc_a-readr.o)
 .debug_abbrev  0x000031b1      0x1aa ../../../../lib/libtock-newlib-4.3.0.20230120/riscv/riscv64-unknown-elf/lib/rv32im/ilp32/libc.a(libc_a-closer.o)
 .debug_abbrev  0x0000335b      0x20b ../../../../lib/libtock-newlib-4.3.0.20230120/riscv/riscv64-unknown-elf/lib/rv32im/ilp32/libc.a(libc_a-reallocr.o)
 .debug_abbrev  0x00003566      0x266 ../../../../lib/libtock-newlib-4.3.0.20230120/riscv/riscv64-unknown-elf/lib/rv32im/ilp32/libc.a(libc_a-nano-vfprintf_i.o)
 .debug_abbrev  0x000037cc      0x284 ../../../../lib/libtock-newlib-4.3.0.20230120/riscv/riscv64-unknown-elf/lib/rv32im/ilp32/libc.a(libc_a-makebuf.o)
 .debug_abbrev  0x00003a50      0x1ba ../../../../lib/libtock-newlib-4.3.0.20230120/riscv/riscv64-unknown-elf/lib/rv32im/ilp32/libc.a(libc_a-fstatr.o)
 .debug_abbrev  0x00003c0a      0x1bb ../../../../lib/libtock-newlib-4.3.0.20230120/riscv/riscv64-unknown-elf/lib/rv32im/ilp32/libc.a(libc_a-lseekr.o)
 .debug_abbrev  0x00003dc5      0x1af ../../../../lib/libtock-newlib-4.3.0.20230120/riscv/riscv64-unknown-elf/lib/rv32im/ilp32/libc.a(libc_a-writer.o)
 .debug_abbrev  0x00003f74      0x18d ../../../../lib/libtock-newlib-4.3.0.20230120/riscv/riscv64-unknown-elf/lib/rv32im/ilp32/libc.a(libc_a-msizer.o)
 .debug_abbrev  0x00004101       0x28 ../../../../lib/libtock-newlib-4.3.0.20230120/riscv/riscv64-unknown-elf/lib/rv32im/ilp32/libc.a(libc_a-memmove.o)
 .debug_abbrev  0x00004129      0x1aa ../../../../lib/libtock-newlib-4.3.0.20230120/riscv/riscv64-unknown-elf/lib/rv32im/ilp32/libc.a(libc_a-isattyr.o)
 .debug_abbrev  0x000042d3      0x22b ../../../../libtock/build/rv32imc/libtock.a(sys.o)
 .debug_abbrev  0x000044fe      0x523 ../../../../libtock/build/rv32imc/libtock.a(alarm.o)
 .debug_abbrev  0x00004a21      0x173 ../../../../libtock/build/rv32imc/libtock.a(alarm_syscalls.o)
 .debug_abbrev  0x00004b94       0xf9 ../../../../libtock-sync/build/rv32imc/libtocksync.a(sys.o)
 .debug_abbrev  0x00004c8d      0x17d ../../../../libtock-sync/build/rv32imc/libtocksync.a(console.o)
 .debug_abbrev  0x00004e0a      0x1e7 ../../../../lib/libtock-newlib-4.3.0.20230120/riscv/riscv64-unknown-elf/lib/rv32im/ilp32/libc.a(libc_a-assert.o)
 .debug_abbrev  0x00004ff1      0x15e ../../../../lib/libtock-newlib-4.3.0.20230120/riscv/riscv64-unknown-elf/lib/rv32im/ilp32/libc.a(libc_a-errno.o)
 .debug_abbrev  0x0000514f       0x99 ../../../../lib/libtock-newlib-4.3.0.20230120/riscv/riscv64-unknown-elf/lib/rv32im/ilp32/libc.a(libc_a-abort.o)
 .debug_abbrev  0x000051e8      0x1dd ../../../../lib/libtock-newlib-4.3.0.20230120/riscv/riscv64-unknown-elf/lib/rv32im/ilp32/libc.a(libc_a-fprintf.o)
 .debug_abbrev  0x000053c5      0x24e ../../../../lib/libtock-newlib-4.3.0.20230120/riscv/riscv64-unknown-elf/lib/rv32im/ilp32/libc.a(libc_a-signal.o)
 .debug_abbrev  0x00005613      0x1f7 ../../../../lib/libtock-newlib-4.3.0.20230120/riscv/riscv64-unknown-elf/lib/rv32im/ilp32/libc.a(libc_a-signalr.o)
 .debug_abbrev  0x0000580a      0x1bf ../../../../lib/libtock-libc++-13.2.0/riscv/lib/gcc/riscv64-unknown-elf/13.2.0/rv32im/ilp32/libgcc.a(_divdi3.o)
 .debug_abbrev  0x000059c9      0x1a6 ../../../../lib/libtock-libc++-13.2.0/riscv/lib/gcc/riscv64-unknown-elf/13.2.0/rv32im/ilp32/libgcc.a(_udivdi3.o)
 .debug_abbrev  0x00005b6f       0x70 ../../../../lib/libtock-libc++-13.2.0/riscv/lib/gcc/riscv64-unknown-elf/13.2.0/rv32im/ilp32/libgcc.a(_clz.o)
 .debug_abbrev  0x00005bdf      0x17e ../../../../libtock/build/rv32imc/libtock.a(console.o)
 .debug_abbrev  0x00005d5d      0x199 ../../../../libtock/build/rv32imc/libtock.a(console_syscalls.o)

.debug_loc      0x00000000     0x3382
 .debug_loc     0x00000000       0x4a build/rv32imc/main.o
 .debug_loc     0x0000004a      0x2b6 ../../../../libtock/build/rv32imc/libtock.a(crt0.o)
 .debug_loc     0x00000300      0x4ca ../../../../libtock/build/rv32imc/libtock.a(ipc.o)
 .debug_loc     0x000007ca      0xd9a ../../../../libtock/build/rv32imc/libtock.a(tock.o)
 .debug_loc     0x00001564      0x11b ../../../../libtock-sync/build/rv32imc/libtocksync.a(alarm.o)
 .debug_loc     0x0000167f      0x215 ../../../../libtock/build/rv32imc/libtock.a(sys.o)
 .debug_loc     0x00001894      0xfb3 ../../../../libtock/build/rv32imc/libtock.a(alarm.o)
 .debug_loc     0x00002847      0x299 ../../../../libtock/build/rv32imc/libtock.a(alarm_syscalls.o)
 .debug_loc     0x00002ae0       0xb7 ../../../../libtock-sync/build/rv32imc/libtocksync.a(sys.o)
 .debug_loc     0x00002b97      0x17e ../../../../libtock-sync/build/rv32imc/libtocksync.a(console.o)
 .debug_loc     0x00002d15      0x345 ../../../../libtock/build/rv32imc/libtock.a(console.o)
 .debug_loc     0x0000305a      0x328 ../../../../libtock/build/rv32imc/libtock.a(console_syscalls.o)

.debug_aranges  0x00000000      0xa60
 .debug_aranges
                0x00000000       0x28 build/rv32imc/main.o
 .debug_aranges
                0x00000028       0x30 ../../../../libtock/build/rv32imc/libtock.a(crt0.o)
 .debug_aranges
                0x00000058       0x48 ../../../../libtock/build/rv32imc/libtock.a(ipc.o)
 .debug_aranges
                0x000000a0      0x128 ../../../../libtock/build/rv32imc/libtock.a(tock.o)
 .debug_aranges
                0x000001c8       0x38 ../../../../libtock-sync/build/rv32imc/libtocksync.a(alarm.o)
 .debug_aranges
                0x00000200       0x20 ../../../../lib/libtock-newlib-4.3.0.20230120/riscv/riscv64-unknown-elf/lib/rv32im/ilp32/libc.a(libc_a-strlen.o)
 .debug_aranges
                0x00000220       0x28 ../../../../lib/libtock-newlib-4.3.0.20230120/riscv/riscv64-unknown-elf/lib/rv32im/ilp32/libc.a(libc_a-puts.o)
 .debug_aranges
                0x00000248       0x78 ../../../../lib/libtock-newlib-4.3.0.20230120/riscv/riscv64-unknown-elf/lib/rv32im/ilp32/libc.a(libc_a-findfp.o)
 .debug_aranges
                0x000002c0       0x30 ../../../../lib/libtock-newlib-4.3.0.20230120/riscv/riscv64-unknown-elf/lib/rv32im/ilp32/libc.a(libc_a-fflush.o)
 .debug_aranges
                0x000002f0       0x28 ../../../../lib/libtock-newlib-4.3.0.20230120/riscv/riscv64-unknown-elf/lib/rv32im/ilp32/libc.a(libc_a-mallocr.o)
 .debug_aranges
                0x00000318       0x20 ../../../../lib/libtock-newlib-4.3.0.20230120/riscv/riscv64-unknown-elf/lib/rv32im/ilp32/libc.a(libc_a-freer.o)
 .debug_aranges
                0x00000338       0x20 ../../../../lib/libtock-newlib-4.3.0.20230120/riscv/riscv64-unknown-elf/lib/rv32im/ilp32/libc.a(libc_a-fwalk.o)
 .debug_aranges
                0x00000358       0x20 ../../../../lib/libtock-newlib-4.3.0.20230120/riscv/riscv64-unknown-elf/lib/rv32im/ilp32/libc.a(libc_a-memset.o)
 .debug_aranges
                0x00000378       0x20 ../../../../lib/libtock-newlib-4.3.0.20230120/riscv/riscv64-unknown-elf/lib/rv32im/ilp32/libc.a(libc_a-memcpy-asm.o)
 .debug_aranges
                0x00000398       0x18 ../../../../lib/libtock-newlib-4.3.0.20230120/riscv/riscv64-unknown-elf/lib/rv32im/ilp32/libc.a(libc_a-impure.o)
 .debug_aranges
                0x000003b0       0x28 ../../../../lib/libtock-newlib-4.3.0.20230120/riscv/riscv64-unknown-elf/lib/rv32im/ilp32/libc.a(libc_a-mlock.o)
 .debug_aranges
                0x000003d8       0x20 ../../../../lib/libtock-newlib-4.3.0.20230120/riscv/riscv64-unknown-elf/lib/rv32im/ilp32/libc.a(libc_a-exit.o)
 .debug_aranges
                0x000003f8       0x28 ../../../../lib/libtock-newlib-4.3.0.20230120/riscv/riscv64-unknown-elf/lib/rv32im/ilp32/libc.a(libc_a-printf.o)
 .debug_aranges
                0x00000420       0x40 ../../../../lib/libtock-newlib-4.3.0.20230120/riscv/riscv64-unknown-elf/lib/rv32im/ilp32/libc.a(libc_a-nano-vfprintf.o)
 .debug_aranges
                0x00000460       0x28 ../../../../lib/libtock-newlib-4.3.0.20230120/riscv/riscv64-unknown-elf/lib/rv32im/ilp32/libc.a(libc_a-wbuf.o)
 .debug_aranges
                0x00000488       0x40 ../../../../lib/libtock-newlib-4.3.0.20230120/riscv/riscv64-unknown-elf/lib/rv32im/ilp32/libc.a(libc_a-stdio.o)
 .debug_aranges
                0x000004c8       0x20 ../../../../lib/libtock-newlib-4.3.0.20230120/riscv/riscv64-unknown-elf/lib/rv32im/ilp32/libc.a(libc_a-sbrkr.o)
 .debug_aranges
                0x000004e8       0x20 ../../../../lib/libtock-newlib-4.3.0.20230120/riscv/riscv64-unknown-elf/lib/rv32im/ilp32/libc.a(libc_a-fvwrite.o)
 .debug_aranges
                0x00000508       0x20 ../../../../lib/libtock-newlib-4.3.0.20230120/riscv/riscv64-unknown-elf/lib/rv32im/ilp32/libc.a(libc_a-wsetup.o)
 .debug_aranges
                0x00000528       0x20 ../../../../lib/libtock-newlib-4.3.0.20230120/riscv/riscv64-unknown-elf/lib/rv32im/ilp32/libc.a(libc_a-memchr.o)
 .debug_aranges
                0x00000548       0x20 ../../../../lib/libtock-newlib-4.3.0.20230120/riscv/riscv64-unknown-elf/lib/rv32im/ilp32/libc.a(libc_a-reent.o)
 .debug_aranges
                0x00000568       0x20 ../../../../lib/libtock-newlib-4.3.0.20230120/riscv/riscv64-unknown-elf/lib/rv32im/ilp32/libc.a(libc_a-readr.o)
 .debug_aranges
                0x00000588       0x20 ../../../../lib/libtock-newlib-4.3.0.20230120/riscv/riscv64-unknown-elf/lib/rv32im/ilp32/libc.a(libc_a-closer.o)
 .debug_aranges
                0x000005a8       0x20 ../../../../lib/libtock-newlib-4.3.0.20230120/riscv/riscv64-unknown-elf/lib/rv32im/ilp32/libc.a(libc_a-reallocr.o)
 .debug_aranges
                0x000005c8       0x28 ../../../../lib/libtock-newlib-4.3.0.20230120/riscv/riscv64-unknown-elf/lib/rv32im/ilp32/libc.a(libc_a-nano-vfprintf_i.o)
 .debug_aranges
                0x000005f0       0x28 ../../../../lib/libtock-newlib-4.3.0.20230120/riscv/riscv64-unknown-elf/lib/rv32im/ilp32/libc.a(libc_a-makebuf.o)
 .debug_aranges
                0x00000618       0x20 ../../../../lib/libtock-newlib-4.3.0.20230120/riscv/riscv64-unknown-elf/lib/rv32im/ilp32/libc.a(libc_a-fstatr.o)
 .debug_aranges
                0x00000638       0x20 ../../../../lib/libtock-newlib-4.3.0.20230120/riscv/riscv64-unknown-elf/lib/rv32im/ilp32/libc.a(libc_a-lseekr.o)
 .debug_aranges
                0x00000658       0x20 ../../../../lib/libtock-newlib-4.3.0.20230120/riscv/riscv64-unknown-elf/lib/rv32im/ilp32/libc.a(libc_a-writer.o)
 .debug_aranges
                0x00000678       0x20 ../../../../lib/libtock-newlib-4.3.0.20230120/riscv/riscv64-unknown-elf/lib/rv32im/ilp32/libc.a(libc_a-msizer.o)
 .debug_aranges
                0x00000698       0x20 ../../../../lib/libtock-newlib-4.3.0.20230120/riscv/riscv64-unknown-elf/lib/rv32im/ilp32/libc.a(libc_a-memmove.o)
 .debug_aranges
                0x000006b8       0x20 ../../../../lib/libtock-newlib-4.3.0.20230120/riscv/riscv64-unknown-elf/lib/rv32im/ilp32/libc.a(libc_a-isattyr.o)
 .debug_aranges
                0x000006d8       0x70 ../../../../libtock/build/rv32imc/libtock.a(sys.o)
 .debug_aranges
                0x00000748       0x80 ../../../../libtock/build/rv32imc/libtock.a(alarm.o)
 .debug_aranges
                0x000007c8       0x50 ../../../../libtock/build/rv32imc/libtock.a(alarm_syscalls.o)
 .debug_aranges
                0x00000818       0x20 ../../../../libtock-sync/build/rv32imc/libtocksync.a(sys.o)
 .debug_aranges
                0x00000838       0x30 ../../../../libtock-sync/build/rv32imc/libtocksync.a(console.o)
 .debug_aranges
                0x00000868       0x28 ../../../../lib/libtock-newlib-4.3.0.20230120/riscv/riscv64-unknown-elf/lib/rv32im/ilp32/libc.a(libc_a-assert.o)
 .debug_aranges
                0x00000890       0x20 ../../../../lib/libtock-newlib-4.3.0.20230120/riscv/riscv64-unknown-elf/lib/rv32im/ilp32/libc.a(libc_a-errno.o)
 .debug_aranges
                0x000008b0       0x20 ../../../../lib/libtock-newlib-4.3.0.20230120/riscv/riscv64-unknown-elf/lib/rv32im/ilp32/libc.a(libc_a-abort.o)
 .debug_aranges
                0x000008d0       0x28 ../../../../lib/libtock-newlib-4.3.0.20230120/riscv/riscv64-unknown-elf/lib/rv32im/ilp32/libc.a(libc_a-fprintf.o)
 .debug_aranges
                0x000008f8       0x58 ../../../../lib/libtock-newlib-4.3.0.20230120/riscv/riscv64-unknown-elf/lib/rv32im/ilp32/libc.a(libc_a-signal.o)
 .debug_aranges
                0x00000950       0x28 ../../../../lib/libtock-newlib-4.3.0.20230120/riscv/riscv64-unknown-elf/lib/rv32im/ilp32/libc.a(libc_a-signalr.o)
 .debug_aranges
                0x00000978       0x20 ../../../../lib/libtock-libc++-13.2.0/riscv/lib/gcc/riscv64-unknown-elf/13.2.0/rv32im/ilp32/libgcc.a(_divdi3.o)
 .debug_aranges
                0x00000998       0x20 ../../../../lib/libtock-libc++-13.2.0/riscv/lib/gcc/riscv64-unknown-elf/13.2.0/rv32im/ilp32/libgcc.a(_udivdi3.o)
 .debug_aranges
                0x000009b8       0x18 ../../../../lib/libtock-libc++-13.2.0/riscv/lib/gcc/riscv64-unknown-elf/13.2.0/rv32im/ilp32/libgcc.a(_clz.o)
 .debug_aranges
                0x000009d0       0x38 ../../../../libtock/build/rv32imc/libtock.a(console.o)
 .debug_aranges
                0x00000a08       0x58 ../../../../libtock/build/rv32imc/libtock.a(console_syscalls.o)

.debug_ranges   0x00000000      0x530
 .debug_ranges  0x00000000       0x18 build/rv32imc/main.o
 .debug_ranges  0x00000018       0xf8 ../../../../libtock/build/rv32imc/libtock.a(crt0.o)
 .debug_ranges  0x00000110       0x38 ../../../../libtock/build/rv32imc/libtock.a(ipc.o)
 .debug_ranges  0x00000148      0x138 ../../../../libtock/build/rv32imc/libtock.a(tock.o)
 .debug_ranges  0x00000280       0x28 ../../../../libtock-sync/build/rv32imc/libtocksync.a(alarm.o)
 .debug_ranges  0x000002a8       0x60 ../../../../libtock/build/rv32imc/libtock.a(sys.o)
 .debug_ranges  0x00000308      0x148 ../../../../libtock/build/rv32imc/libtock.a(alarm.o)
 .debug_ranges  0x00000450       0x40 ../../../../libtock/build/rv32imc/libtock.a(alarm_syscalls.o)
 .debug_ranges  0x00000490       0x10 ../../../../libtock-sync/build/rv32imc/libtocksync.a(sys.o)
 .debug_ranges  0x000004a0       0x20 ../../../../libtock-sync/build/rv32imc/libtocksync.a(console.o)
 .debug_ranges  0x000004c0       0x28 ../../../../libtock/build/rv32imc/libtock.a(console.o)
 .debug_ranges  0x000004e8       0x48 ../../../../libtock/build/rv32imc/libtock.a(console_syscalls.o)

.debug_line     0x00000000     0xb692
 .debug_line    0x00000000      0x2fc build/rv32imc/main.o
 .debug_line    0x000002fc      0x59b ../../../../libtock/build/rv32imc/libtock.a(crt0.o)
 .debug_line    0x00000897      0x4a7 ../../../../libtock/build/rv32imc/libtock.a(ipc.o)
 .debug_line    0x00000d3e     0x1497 ../../../../libtock/build/rv32imc/libtock.a(tock.o)
 .debug_line    0x000021d5      0x311 ../../../../libtock-sync/build/rv32imc/libtocksync.a(alarm.o)
 .debug_line    0x000024e6       0xb5 ../../../../lib/libtock-newlib-4.3.0.20230120/riscv/riscv64-unknown-elf/lib/rv32im/ilp32/libc.a(libc_a-strlen.o)
 .debug_line    0x0000259b      0x2ce ../../../../lib/libtock-newlib-4.3.0.20230120/riscv/riscv64-unknown-elf/lib/rv32im/ilp32/libc.a(libc_a-puts.o)
 .debug_line    0x00002869      0x706 ../../../../lib/libtock-newlib-4.3.0.20230120/riscv/riscv64-unknown-elf/lib/rv32im/ilp32/libc.a(libc_a-findfp.o)
 .debug_line    0x00002f6f      0x5ae ../../../../lib/libtock-newlib-4.3.0.20230120/riscv/riscv64-unknown-elf/lib/rv32im/ilp32/libc.a(libc_a-fflush.o)
 .debug_line    0x0000351d      0x5e6 ../../../../lib/libtock-newlib-4.3.0.20230120/riscv/riscv64-unknown-elf/lib/rv32im/ilp32/libc.a(libc_a-mallocr.o)
 .debug_line    0x00003b03      0x31c ../../../../lib/libtock-newlib-4.3.0.20230120/riscv/riscv64-unknown-elf/lib/rv32im/ilp32/libc.a(libc_a-freer.o)
 .debug_line    0x00003e1f      0x143 ../../../../lib/libtock-newlib-4.3.0.20230120/riscv/riscv64-unknown-elf/lib/rv32im/ilp32/libc.a(libc_a-fwalk.o)
 .debug_line    0x00003f62       0x6e ../../../../lib/libtock-newlib-4.3.0.20230120/riscv/riscv64-unknown-elf/lib/rv32im/ilp32/libc.a(libc_a-memset.o)
 .debug_line    0x00003fd0       0x7a ../../../../lib/libtock-newlib-4.3.0.20230120/riscv/riscv64-unknown-elf/lib/rv32im/ilp32/libc.a(libc_a-memcpy-asm.o)
 .debug_line    0x0000404a       0x51 ../../../../lib/libtock-newlib-4.3.0.20230120/riscv/riscv64-unknown-elf/lib/rv32im/ilp32/libc.a(libc_a-impure.o)
 .debug_line    0x0000409b       0x97 ../../../../lib/libtock-newlib-4.3.0.20230120/riscv/riscv64-unknown-elf/lib/rv32im/ilp32/libc.a(libc_a-mlock.o)
 .debug_line    0x00004132       0xdf ../../../../lib/libtock-newlib-4.3.0.20230120/riscv/riscv64-unknown-elf/lib/rv32im/ilp32/libc.a(libc_a-exit.o)
 .debug_line    0x00004211      0x186 ../../../../lib/libtock-newlib-4.3.0.20230120/riscv/riscv64-unknown-elf/lib/rv32im/ilp32/libc.a(libc_a-printf.o)
 .debug_line    0x00004397      0x98d ../../../../lib/libtock-newlib-4.3.0.20230120/riscv/riscv64-unknown-elf/lib/rv32im/ilp32/libc.a(libc_a-nano-vfprintf.o)
 .debug_line    0x00004d24      0x22e ../../../../lib/libtock-newlib-4.3.0.20230120/riscv/riscv64-unknown-elf/lib/rv32im/ilp32/libc.a(libc_a-wbuf.o)
 .debug_line    0x00004f52      0x2a7 ../../../../lib/libtock-newlib-4.3.0.20230120/riscv/riscv64-unknown-elf/lib/rv32im/ilp32/libc.a(libc_a-stdio.o)
 .debug_line    0x000051f9      0x109 ../../../../lib/libtock-newlib-4.3.0.20230120/riscv/riscv64-unknown-elf/lib/rv32im/ilp32/libc.a(libc_a-sbrkr.o)
 .debug_line    0x00005302      0x8f1 ../../../../lib/libtock-newlib-4.3.0.20230120/riscv/riscv64-unknown-elf/lib/rv32im/ilp32/libc.a(libc_a-fvwrite.o)
 .debug_line    0x00005bf3      0x2ec ../../../../lib/libtock-newlib-4.3.0.20230120/riscv/riscv64-unknown-elf/lib/rv32im/ilp32/libc.a(libc_a-wsetup.o)
 .debug_line    0x00005edf       0xba ../../../../lib/libtock-newlib-4.3.0.20230120/riscv/riscv64-unknown-elf/lib/rv32im/ilp32/libc.a(libc_a-memchr.o)
 .debug_line    0x00005f99      0x2c0 ../../../../lib/libtock-newlib-4.3.0.20230120/riscv/riscv64-unknown-elf/lib/rv32im/ilp32/libc.a(libc_a-reent.o)
 .debug_line    0x00006259      0x10b ../../../../lib/libtock-newlib-4.3.0.20230120/riscv/riscv64-unknown-elf/lib/rv32im/ilp32/libc.a(libc_a-readr.o)
 .debug_line    0x00006364      0x103 ../../../../lib/libtock-newlib-4.3.0.20230120/riscv/riscv64-unknown-elf/lib/rv32im/ilp32/libc.a(libc_a-closer.o)
 .debug_line    0x00006467      0x18f ../../../../lib/libtock-newlib-4.3.0.20230120/riscv/riscv64-unknown-elf/lib/rv32im/ilp32/libc.a(libc_a-reallocr.o)
 .debug_line    0x000065f6      0x95f ../../../../lib/libtock-newlib-4.3.0.20230120/riscv/riscv64-unknown-elf/lib/rv32im/ilp32/libc.a(libc_a-nano-vfprintf_i.o)
 .debug_line    0x00006f55      0x2ed ../../../../lib/libtock-newlib-4.3.0.20230120/riscv/riscv64-unknown-elf/lib/rv32im/ilp32/libc.a(libc_a-makebuf.o)
 .debug_line    0x00007242      0x123 ../../../../lib/libtock-newlib-4.3.0.20230120/riscv/riscv64-unknown-elf/lib/rv32im/ilp32/libc.a(libc_a-fstatr.o)
 .debug_line    0x00007365      0x10b ../../../../lib/libtock-newlib-4.3.0.20230120/riscv/riscv64-unknown-elf/lib/rv32im/ilp32/libc.a(libc_a-lseekr.o)
 .debug_line    0x00007470      0x10b ../../../../lib/libtock-newlib-4.3.0.20230120/riscv/riscv64-unknown-elf/lib/rv32im/ilp32/libc.a(libc_a-writer.o)
 .debug_line    0x0000757b       0xc3 ../../../../lib/libtock-newlib-4.3.0.20230120/riscv/riscv64-unknown-elf/lib/rv32im/ilp32/libc.a(libc_a-msizer.o)
 .debug_line    0x0000763e       0x9e ../../../../lib/libtock-newlib-4.3.0.20230120/riscv/riscv64-unknown-elf/lib/rv32im/ilp32/libc.a(libc_a-memmove.o)
 .debug_line    0x000076dc      0x103 ../../../../lib/libtock-newlib-4.3.0.20230120/riscv/riscv64-unknown-elf/lib/rv32im/ilp32/libc.a(libc_a-isattyr.o)
 .debug_line    0x000077df      0x37b ../../../../libtock/build/rv32imc/libtock.a(sys.o)
 .debug_line    0x00007b5a      0xe7e ../../../../libtock/build/rv32imc/libtock.a(alarm.o)
 .debug_line    0x000089d8      0x396 ../../../../libtock/build/rv32imc/libtock.a(alarm_syscalls.o)
 .debug_line    0x00008d6e      0x197 ../../../../libtock-sync/build/rv32imc/libtocksync.a(sys.o)
 .debug_line    0x00008f05      0x33c ../../../../libtock-sync/build/rv32imc/libtocksync.a(console.o)
 .debug_line    0x00009241      0x10a ../../../../lib/libtock-newlib-4.3.0.20230120/riscv/riscv64-unknown-elf/lib/rv32im/ilp32/libc.a(libc_a-assert.o)
 .debug_line    0x0000934b       0x7e ../../../../lib/libtock-newlib-4.3.0.20230120/riscv/riscv64-unknown-elf/lib/rv32im/ilp32/libc.a(libc_a-errno.o)
 .debug_line    0x000093c9       0x9b ../../../../lib/libtock-newlib-4.3.0.20230120/riscv/riscv64-unknown-elf/lib/rv32im/ilp32/libc.a(libc_a-abort.o)
 .debug_line    0x00009464      0x16e ../../../../lib/libtock-newlib-4.3.0.20230120/riscv/riscv64-unknown-elf/lib/rv32im/ilp32/libc.a(libc_a-fprintf.o)
 .debug_line    0x000095d2      0x562 ../../../../lib/libtock-newlib-4.3.0.20230120/riscv/riscv64-unknown-elf/lib/rv32im/ilp32/libc.a(libc_a-signal.o)
 .debug_line    0x00009b34      0x13f ../../../../lib/libtock-newlib-4.3.0.20230120/riscv/riscv64-unknown-elf/lib/rv32im/ilp32/libc.a(libc_a-signalr.o)
 .debug_line    0x00009c73      0x9ae ../../../../lib/libtock-libc++-13.2.0/riscv/lib/gcc/riscv64-unknown-elf/13.2.0/rv32im/ilp32/libgcc.a(_divdi3.o)
 .debug_line    0x0000a621      0x905 ../../../../lib/libtock-libc++-13.2.0/riscv/lib/gcc/riscv64-unknown-elf/13.2.0/rv32im/ilp32/libgcc.a(_udivdi3.o)
 .debug_line    0x0000af26       0x3f ../../../../lib/libtock-libc++-13.2.0/riscv/lib/gcc/riscv64-unknown-elf/13.2.0/rv32im/ilp32/libgcc.a(_clz.o)
 .debug_line    0x0000af65      0x32e ../../../../libtock/build/rv32imc/libtock.a(console.o)
 .debug_line    0x0000b293      0x3ff ../../../../libtock/build/rv32imc/libtock.a(console_syscalls.o)

.debug_str      0x00000000     0x23e4
 .debug_str     0x00000000     0x23e4 build/rv32imc/main.o
                                0x3a7 (size before relaxing)
 .debug_str     0x000023e4      0x2e6 ../../../../libtock/build/rv32imc/libtock.a(crt0.o)
 .debug_str     0x000023e4      0x762 ../../../../libtock/build/rv32imc/libtock.a(ipc.o)
 .debug_str     0x000023e4      0xa49 ../../../../libtock/build/rv32imc/libtock.a(tock.o)
 .debug_str     0x000023e4      0x455 ../../../../libtock-sync/build/rv32imc/libtocksync.a(alarm.o)
 .debug_str     0x000023e4      0x11e ../../../../lib/libtock-newlib-4.3.0.20230120/riscv/riscv64-unknown-elf/lib/rv32im/ilp32/libc.a(libc_a-strlen.o)
 .debug_str     0x000023e4      0x48e ../../../../lib/libtock-newlib-4.3.0.20230120/riscv/riscv64-unknown-elf/lib/rv32im/ilp32/libc.a(libc_a-puts.o)
 .debug_str     0x000023e4      0x648 ../../../../lib/libtock-newlib-4.3.0.20230120/riscv/riscv64-unknown-elf/lib/rv32im/ilp32/libc.a(libc_a-findfp.o)
 .debug_str     0x000023e4      0x4cc ../../../../lib/libtock-newlib-4.3.0.20230120/riscv/riscv64-unknown-elf/lib/rv32im/ilp32/libc.a(libc_a-fflush.o)
 .debug_str     0x000023e4      0x524 ../../../../lib/libtock-newlib-4.3.0.20230120/riscv/riscv64-unknown-elf/lib/rv32im/ilp32/libc.a(libc_a-mallocr.o)
 .debug_str     0x000023e4      0x4c5 ../../../../lib/libtock-newlib-4.3.0.20230120/riscv/riscv64-unknown-elf/lib/rv32im/ilp32/libc.a(libc_a-freer.o)
 .debug_str     0x000023e4      0x456 ../../../../lib/libtock-newlib-4.3.0.20230120/riscv/riscv64-unknown-elf/lib/rv32im/ilp32/libc.a(libc_a-fwalk.o)
 .debug_str     0x000023e4       0xb5 ../../../../lib/libtock-newlib-4.3.0.20230120/riscv/riscv64-unknown-elf/lib/rv32im/ilp32/libc.a(libc_a-memset.o)
 .debug_str     0x000023e4       0xb9 ../../../../lib/libtock-newlib-4.3.0.20230120/riscv/riscv64-unknown-elf/lib/rv32im/ilp32/libc.a(libc_a-memcpy-asm.o)
 .debug_str     0x000023e4      0x445 ../../../../lib/libtock-newlib-4.3.0.20230120/riscv/riscv64-unknown-elf/lib/rv32im/ilp32/libc.a(libc_a-impure.o)
 .debug_str     0x000023e4      0x463 ../../../../lib/libtock-newlib-4.3.0.20230120/riscv/riscv64-unknown-elf/lib/rv32im/ilp32/libc.a(libc_a-mlock.o)
 .debug_str     0x000023e4      0x140 ../../../../lib/libtock-newlib-4.3.0.20230120/riscv/riscv64-unknown-elf/lib/rv32im/ilp32/libc.a(libc_a-exit.o)