Archive member included to satisfy reference by file (symbol)

../../../../libtock/build/cortex-m0/libtock.a(crt0.o)
                              (_start)
../../../../libtock/build/cortex-m0/libtock.a(ipc.o)
                              build/cortex-m0/main.o (ipc_discover)
../../../../libtock/build/cortex-m0/libtock.a(tock.o)
                              ../../../../libtock/build/cortex-m0/libtock.a(ipc.o) (tock_status_to_returncode)
../../../../libtock-sync/build/cortex-m0/libtocksync.a(alarm.o)
                              build/cortex-m0/main.o (libtocksync_alarm_delay_ms)
../../../../lib/libtock-newlib-4.3.0.20230120/arm/arm-none-eabi/lib/thumb/v6-m/nofp/libc.a(libc_a-puts.o)
                              build/cortex-m0/main.o (puts)
../../../../lib/libtock-newlib-4.3.0.20230120/arm/arm-none-eabi/lib/thumb/v6-m/nofp/libc.a(libc_a-findfp.o)
                              ../../../../lib/libtock-newlib-4.3.0.20230120/arm/arm-none-eabi/lib/thumb/v6-m/nofp/libc.a(libc_a-puts.o) (__sinit)
../../../../lib/libtock-newlib-4.3.0.20230120/arm/arm-none-eabi/lib/thumb/v6-m/nofp/libc.a(libc_a-fflush.o)
                              ../../../../lib/libtock-newlib-4.3.0.20230120/arm/arm-none-eabi/lib/thumb/v6-m/nofp/libc.a(libc_a-findfp.o) (_fflush_r)
../../../../lib/libtock-newlib-4.3.0.20230120/arm/arm-none-eabi/lib/thumb/v6-m/nofp/libc.a(libc_a-mallocr.o)
                              ../../../../lib/libtock-newlib-4.3.0.20230120/arm/arm-none-eabi/lib/thumb/v6-m/nofp/libc.a(libc_a-findfp.o) (_malloc_r)
../../../../lib/libtock-newlib-4.3.0.20230120/arm/arm-none-eabi/lib/thumb/v6-m/nofp/libc.a(libc_a-freer.o)
                              ../../../../lib/libtock-newlib-4.3.0.20230120/arm/arm-none-eabi/lib/thumb/v6-m/nofp/libc.a(libc_a-fflush.o) (_free_r)
../../../../lib/libtock-newlib-4.3.0.20230120/arm/arm-none-eabi/lib/thumb/v6-m/nofp/libc.a(libc_a-memset.o)
                              ../../../../libtock/build/cortex-m0/libtock.a(crt0.o) (memset)
../../../../lib/libtock-newlib-4.3.0.20230120/arm/arm-none-eabi/lib/thumb/v6-m/nofp/libc.a(libc_a-fwalk.o)
                              ../../../../lib/libtock-newlib-4.3.0.20230120/arm/arm-none-eabi/lib/thumb/v6-m/nofp/libc.a(libc_a-findfp.o) (_fwalk_sglue)
../../../../lib/libtock-newlib-4.3.0.20230120/arm/arm-none-eabi/lib/thumb/v6-m/nofp/libc.a(libc_a-strlen.o)
                              ../../../../libtock/build/cortex-m0/libtock.a(ipc.o) (strlen)
../../../../lib/libtock-newlib-4.3.0.20230120/arm/arm-none-eabi/lib/thumb/v6-m/nofp/libc.a(libc_a-impure.o)
                              ../../../../lib/libtock-newlib-4.3.0.20230120/arm/arm-none-eabi/lib/thumb/v6-m/nofp/libc.a(libc_a-puts.o) (_impure_ptr)
../../../../lib/libtock-newlib-4.3.0.20230120/arm/arm-none-eabi/lib/thumb/v6-m/nofp/libc.a(libc_a-mlock.o)
                              ../../../../lib/libtock-newlib-4.3.0.20230120/arm/arm-none-eabi/lib/thumb/v6-m/nofp/libc.a(libc_a-mallocr.o) (__malloc_lock)
../../../../lib/libtock-newlib-4.3.0.20230120/arm/arm-none-eabi/lib/thumb/v6-m/nofp/libc.a(libc_a-exit.o)
                              ../../../../libtock/build/cortex-m0/libtock.a(crt0.o) (exit)
../../../../lib/libtock-newlib-4.3.0.20230120/arm/arm-none-eabi/lib/thumb/v6-m/nofp/libc.a(libc_a-memcpy-stub.o)
                              ../../../../libtock/build/cortex-m0/libtock.a(crt0.o) (memcpy)
../../../../lib/libtock-newlib-4.3.0.20230120/arm/arm-none-eabi/lib/thumb/v6-m/nofp/libc.a(libc_a-printf.o)
                              build/cortex-m0/main.o (printf)
../../../../lib/libtock-newlib-4.3.0.20230120/arm/arm-none-eabi/lib/thumb/v6-m/nofp/libc.a(libc_a-nano-vfprintf.o)
                              ../../../../lib/libtock-newlib-4.3.0.20230120/arm/arm-none-eabi/lib/thumb/v6-m/nofp/libc.a(libc_a-printf.o) (_vfprintf_r)
../../../../lib/libtock-newlib-4.3.0.20230120/arm/arm-none-eabi/lib/thumb/v6-m/nofp/libc.a(libc_a-wbuf.o)
                              ../../../../lib/libtock-newlib-4.3.0.20230120/arm/arm-none-eabi/lib/thumb/v6-m/nofp/libc.a(libc_a-puts.o) (__swbuf_r)
../../../../lib/libtock-newlib-4.3.0.20230120/arm/arm-none-eabi/lib/thumb/v6-m/nofp/libc.a(libc_a-stdio.o)
                              ../../../../lib/libtock-newlib-4.3.0.20230120/arm/arm-none-eabi/lib/thumb/v6-m/nofp/libc.a(libc_a-findfp.o) (__sread)
../../../../lib/libtock-newlib-4.3.0.20230120/arm/arm-none-eabi/lib/thumb/v6-m/nofp/libc.a(libc_a-sbrkr.o)
                              ../../../../lib/libtock-newlib-4.3.0.20230120/arm/arm-none-eabi/lib/thumb/v6-m/nofp/libc.a(libc_a-mallocr.o) (_sbrk_r)
../../../../lib/libtock-newlib-4.3.0.20230120/arm/arm-none-eabi/lib/thumb/v6-m/nofp/libc.a(libc_a-fvwrite.o)
                              ../../../../lib/libtock-newlib-4.3.0.20230120/arm/arm-none-eabi/lib/thumb/v6-m/nofp/libc.a(libc_a-nano-vfprintf.o) (__sfvwrite_r)
../../../../lib/libtock-newlib-4.3.0.20230120/arm/arm-none-eabi/lib/thumb/v6-m/nofp/libc.a(libc_a-wsetup.o)
[...]
Memory Configuration

Name             Origin             Length             Attributes
FLASH            0x80000000         0x00070000         xr
SRAM             0x00000000         0x00010000         xrw
*default*        0x00000000         0xffffffff

Linker script and memory map

                0x00000800                        STACK_SIZE = 0x800
                0x00000400                        APP_HEAP_SIZE = 0x400
                0x00000400                        KERNEL_HEAP_SIZE = 0x400
START GROUP
LOAD build/cortex-m0/main.o
LOAD ../../../../libtock/build/cortex-m0/libtock.a
LOAD ../../../../libtock-sync/build/cortex-m0/libtocksync.a
LOAD ../../../../lib/libtock-newlib-4.3.0.20230120/arm/arm-none-eabi/lib/thumb/v6-m/nofp/libc.a
LOAD ../../../../lib/libtock-newlib-4.3.0.20230120/arm/arm-none-eabi/lib/thumb/v6-m/nofp/libm.a
LOAD ../../../../lib/libtock-libc++-13.2.0/arm/arm-none-eabi/lib/thumb/v6-m/nofp/libstdc++.a
LOAD ../../../../lib/libtock-libc++-13.2.0/arm/arm-none-eabi/lib/thumb/v6-m/nofp/libsupc++.a
LOAD ../../../../lib/libtock-libc++-13.2.0/arm/lib/gcc/arm-none-eabi/13.2.0/thumb/v6-m/nofp/libgcc.a
END GROUP
                0x00070000                        PROG_LENGTH = 0x70000
                0x00010000                        RAM_LENGTH = 0x10000

.crt0_header    0x80000000       0x28
                0x80000000        0x4 LONG 0x1ecc (LOADADDR (.got) - ORIGIN (FLASH))
                0x80000004        0x4 LONG 0x800 (_got - ORIGIN (SRAM))
                0x80000008        0x4 LONG 0xd0 SIZEOF (.got)
                0x8000000c        0x4 LONG 0x1f9c (LOADADDR (.data) - ORIGIN (FLASH))
                0x80000010        0x4 LONG 0x8d0 (_data - ORIGIN (SRAM))
                0x80000014        0x4 LONG 0x60 SIZEOF (.data)
                0x80000018        0x4 LONG 0x940 (_bss - ORIGIN (SRAM))
                0x8000001c        0x4 LONG 0x328 SIZEOF (.bss)
                0x80000020        0x4 LONG 0x1ffc (LOADADDR (.endflash) - ORIGIN (FLASH))
                0x80000024        0x4 LONG 0x800 STACK_SIZE

.wfr.app_state  0x80000028        0x0
 *(.app_state)
                0x80000028                        . = ALIGN (0x4)

.text           0x80000028     0x1ea4
                0x80000028                        . = ALIGN (0x4)
                0x80000028                        _text = .
 *(.start)
 .start         0x80000028       0x3e ../../../../libtock/build/cortex-m0/libtock.a(crt0.o)
                0x80000028                _start
 *(.text*)
 *fill*         0x80000066        0x2 ff
 .text.ipc_callback
                0x80000068       0x18 build/cortex-m0/main.o
 .text.startup.main
                0x80000080       0x74 build/cortex-m0/main.o
                0x80000080                main
 .text._c_start_pic
                0x800000f4       0x88 ../../../../libtock/build/cortex-m0/libtock.a(crt0.o)
                0x800000f4                _c_start_pic
 .text.ipc_discover
                0x8000017c       0x72 ../../../../libtock/build/cortex-m0/libtock.a(ipc.o)
                0x8000017c                ipc_discover
 .text.ipc_register_client_callback
                0x800001ee       0x26 ../../../../libtock/build/cortex-m0/libtock.a(ipc.o)
                0x800001ee                ipc_register_client_callback
 .text.ipc_share
                0x80000214       0x26 ../../../../libtock/build/cortex-m0/libtock.a(ipc.o)
                0x80000214                ipc_share
 .text.tock_status_to_returncode
                0x8000023a        0x4 ../../../../libtock/build/cortex-m0/libtock.a(tock.o)
                0x8000023a                tock_status_to_returncode
 *fill*         0x8000023e        0x2 ff
 .text.tock_command_return_novalue_to_returncode
                0x80000240       0x28 ../../../../libtock/build/cortex-m0/libtock.a(tock.o)
                0x80000240                tock_command_return_novalue_to_returncode
 .text.tock_command_return_u32_to_returncode
                0x80000268       0x28 ../../../../libtock/build/cortex-m0/libtock.a(tock.o)
                0x80000268                tock_command_return_u32_to_returncode
 .text.tock_subscribe_return_to_returncode
                0x80000290       0x1a ../../../../libtock/build/cortex-m0/libtock.a(tock.o)
                0x80000290                tock_subscribe_return_to_returncode
 .text.tock_allow_rw_return_to_returncode
                0x800002aa       0x1a ../../../../libtock/build/cortex-m0/libtock.a(tock.o)
                0x800002aa                tock_allow_rw_return_to_returncode
 .text.tock_allow_ro_return_to_returncode
                0x800002c4       0x1a ../../../../libtock/build/cortex-m0/libtock.a(tock.o)
                0x800002c4                tock_allow_ro_return_to_returncode
 *fill*         0x800002de        0x2 ff
 .text.yield_check_tasks
                0x800002e0       0x5c ../../../../libtock/build/cortex-m0/libtock.a(tock.o)
                0x800002e0                yield_check_tasks
 .text.yield    0x8000033c       0x10 ../../../../libtock/build/cortex-m0/libtock.a(tock.o)
                0x8000033c                yield
 .text.yield_for
                0x8000034c       0x12 ../../../../libtock/build/cortex-m0/libtock.a(tock.o)
                0x8000034c                yield_for
 .text.tock_exit
                0x8000035e        0x6 ../../../../libtock/build/cortex-m0/libtock.a(tock.o)
                0x8000035e                tock_exit
 .text.subscribe
                0x80000364       0x38 ../../../../libtock/build/cortex-m0/libtock.a(tock.o)
                0x80000364                subscribe
 .text.command  0x8000039c       0x1a ../../../../libtock/build/cortex-m0/libtock.a(tock.o)
                0x8000039c                command
 .text.allow_readonly
                0x800003b6       0x38 ../../../../libtock/build/cortex-m0/libtock.a(tock.o)
                0x800003b6                allow_readonly
 .text.allow_readwrite
                0x800003ee       0x38 ../../../../libtock/build/cortex-m0/libtock.a(tock.o)
                0x800003ee                allow_readwrite
 .text.memop    0x80000426       0x30 ../../../../libtock/build/cortex-m0/libtock.a(tock.o)
                0x80000426                memop
 *fill*         0x80000456        0x2 ff
 .text.delay_cb
                0x80000458       0x18 ../../../../libtock-sync/build/cortex-m0/libtocksync.a(alarm.o)
 .text.libtocksync_alarm_delay_ms
                0x80000470       0x38 ../../../../libtock-sync/build/cortex-m0/libtocksync.a(alarm.o)
                0x80000470                libtocksync_alarm_delay_ms
 .text._puts_r  0x800004a8       0x86 ../../../../lib/libtock-newlib-4.3.0.20230120/arm/arm-none-eabi/lib/thumb/v6-m/nofp/libc.a(libc_a-puts.o)
                0x800004a8                _puts_r
 *fill*         0x8000052e        0x2 ff
 .text.puts     0x80000530       0x1c ../../../../lib/libtock-newlib-4.3.0.20230120/arm/arm-none-eabi/lib/thumb/v6-m/nofp/libc.a(libc_a-puts.o)
                0x80000530                puts
 .text.std      0x8000054c       0x58 ../../../../lib/libtock-newlib-4.3.0.20230120/arm/arm-none-eabi/lib/thumb/v6-m/nofp/libc.a(libc_a-findfp.o)
 .text.stdio_exit_handler
                0x800005a4       0x28 ../../../../lib/libtock-newlib-4.3.0.20230120/arm/arm-none-eabi/lib/thumb/v6-m/nofp/libc.a(libc_a-findfp.o)
 .text.cleanup_stdio
                0x800005cc       0x40 ../../../../lib/libtock-newlib-4.3.0.20230120/arm/arm-none-eabi/lib/thumb/v6-m/nofp/libc.a(libc_a-findfp.o)
 .text.global_stdio_init.part.0
                0x8000060c       0x4c ../../../../lib/libtock-newlib-4.3.0.20230120/arm/arm-none-eabi/lib/thumb/v6-m/nofp/libc.a(libc_a-findfp.o)
 .text.__sfp_lock_acquire
                0x80000658        0x2 ../../../../lib/libtock-newlib-4.3.0.20230120/arm/arm-none-eabi/lib/thumb/v6-m/nofp/libc.a(libc_a-findfp.o)
                0x80000658                __sfp_lock_acquire
 .text.__sfp_lock_release
                0x8000065a        0x2 ../../../../lib/libtock-newlib-4.3.0.20230120/arm/arm-none-eabi/lib/thumb/v6-m/nofp/libc.a(libc_a-findfp.o)
                0x8000065a                __sfp_lock_release
 .text.__sinit  0x8000065c       0x3c ../../../../lib/libtock-newlib-4.3.0.20230120/arm/arm-none-eabi/lib/thumb/v6-m/nofp/libc.a(libc_a-findfp.o)
                0x8000065c                __sinit
 .text.__sflush_r
                0x80000698      0x124 ../../../../lib/libtock-newlib-4.3.0.20230120/arm/arm-none-eabi/lib/thumb/v6-m/nofp/libc.a(libc_a-fflush.o)
                0x80000698                __sflush_r
 .text._fflush_r
                0x800007bc       0x30 ../../../../lib/libtock-newlib-4.3.0.20230120/arm/arm-none-eabi/lib/thumb/v6-m/nofp/libc.a(libc_a-fflush.o)
                0x800007bc                _fflush_r
 .text.sbrk_aligned
                0x800007ec       0x50 ../../../../lib/libtock-newlib-4.3.0.20230120/arm/arm-none-eabi/lib/thumb/v6-m/nofp/libc.a(libc_a-mallocr.o)
 .text._malloc_r
                0x8000083c      0x104 ../../../../lib/libtock-newlib-4.3.0.20230120/arm/arm-none-eabi/lib/thumb/v6-m/nofp/libc.a(libc_a-mallocr.o)
                0x8000083c                _malloc_r
 .text._free_r  0x80000940       0xa0 ../../../../lib/libtock-newlib-4.3.0.20230120/arm/arm-none-eabi/lib/thumb/v6-m/nofp/libc.a(libc_a-freer.o)
                0x80000940                _free_r
 .text.memset   0x800009e0       0x10 ../../../../lib/libtock-newlib-4.3.0.20230120/arm/arm-none-eabi/lib/thumb/v6-m/nofp/libc.a(libc_a-memset.o)
                0x800009e0                memset
 .text._fwalk_sglue
                0x800009f0       0x3a ../../../../lib/libtock-newlib-4.3.0.20230120/arm/arm-none-eabi/lib/thumb/v6-m/nofp/libc.a(libc_a-fwalk.o)
                0x800009f0                _fwalk_sglue
 .text          0x80000a2a        0xe ../../../../lib/libtock-newlib-4.3.0.20230120/arm/arm-none-eabi/lib/thumb/v6-m/nofp/libc.a(libc_a-strlen.o)
                0x80000a2a                strlen
 .text.__malloc_lock
                0x80000a38        0x2 ../../../../lib/libtock-newlib-4.3.0.20230120/arm/arm-none-eabi/lib/thumb/v6-m/nofp/libc.a(libc_a-mlock.o)
                0x80000a38                __malloc_lock
 .text.__malloc_unlock
                0x80000a3a        0x2 ../../../../lib/libtock-newlib-4.3.0.20230120/arm/arm-none-eabi/lib/thumb/v6-m/nofp/libc.a(libc_a-mlock.o)
                0x80000a3a                __malloc_unlock
 .text.exit     0x80000a3c       0x34 ../../../../lib/libtock-newlib-4.3.0.20230120/arm/arm-none-eabi/lib/thumb/v6-m/nofp/libc.a(libc_a-exit.o)
                0x80000a3c                exit
 .text.memcpy   0x80000a70       0x12 ../../../../lib/libtock-newlib-4.3.0.20230120/arm/arm-none-eabi/lib/thumb/v6-m/nofp/libc.a(libc_a-memcpy-stub.o)
                0x80000a70                memcpy
 *fill*         0x80000a82        0x2 ff
 .text.printf   0x80000a84       0x2c ../../../../lib/libtock-newlib-4.3.0.20230120/arm/arm-none-eabi/lib/thumb/v6-m/nofp/libc.a(libc_a-printf.o)
                0x80000a84                printf
                0x80000a84                iprintf
 .text.__sfputc_r
                0x80000ab0       0x2a ../../../../lib/libtock-newlib-4.3.0.20230120/arm/arm-none-eabi/lib/thumb/v6-m/nofp/libc.a(libc_a-nano-vfprintf.o)
 .text.__sfputs_r
                0x80000ada       0x24 ../../../../lib/libtock-newlib-4.3.0.20230120/arm/arm-none-eabi/lib/thumb/v6-m/nofp/libc.a(libc_a-nano-vfprintf.o)
                0x80000ada                __sfputs_r
 *fill*         0x80000afe        0x2 ff
 .text._vfprintf_r
                0x80000b00      0x228 ../../../../lib/libtock-newlib-4.3.0.20230120/arm/arm-none-eabi/lib/thumb/v6-m/nofp/libc.a(libc_a-nano-vfprintf.o)
                0x80000b00                _vfiprintf_r
                0x80000b00                _vfprintf_r
 .text.__swbuf_r
                0x80000d28       0x84 ../../../../lib/libtock-newlib-4.3.0.20230120/arm/arm-none-eabi/lib/thumb/v6-m/nofp/libc.a(libc_a-wbuf.o)
                0x80000d28                __swbuf_r
 .text.__sread  0x80000dac       0x28 ../../../../lib/libtock-newlib-4.3.0.20230120/arm/arm-none-eabi/lib/thumb/v6-m/nofp/libc.a(libc_a-stdio.o)
                0x80000dac                __sread
 .text.__swrite
                0x80000dd4       0x38 ../../../../lib/libtock-newlib-4.3.0.20230120/arm/arm-none-eabi/lib/thumb/v6-m/nofp/libc.a(libc_a-stdio.o)
                0x80000dd4                __swrite
 .text.__sseek  0x80000e0c       0x2c ../../../../lib/libtock-newlib-4.3.0.20230120/arm/arm-none-eabi/lib/thumb/v6-m/nofp/libc.a(libc_a-stdio.o)
                0x80000e0c                __sseek
 .text.__sclose
                0x80000e38        0xc ../../../../lib/libtock-newlib-4.3.0.20230120/arm/arm-none-eabi/lib/thumb/v6-m/nofp/libc.a(libc_a-stdio.o)
                0x80000e38                __sclose
 .text._sbrk_r  0x80000e44       0x30 ../../../../lib/libtock-newlib-4.3.0.20230120/arm/arm-none-eabi/lib/thumb/v6-m/nofp/libc.a(libc_a-sbrkr.o)
                0x80000e44                _sbrk_r
 .text.__swsetup_r
                0x80000e74       0xc8 ../../../../lib/libtock-newlib-4.3.0.20230120/arm/arm-none-eabi/lib/thumb/v6-m/nofp/libc.a(libc_a-wsetup.o)
                0x80000e74                __swsetup_r
 .text.memchr   0x80000f3c       0x16 ../../../../lib/libtock-newlib-4.3.0.20230120/arm/arm-none-eabi/lib/thumb/v6-m/nofp/libc.a(libc_a-memchr-stub.o)
                0x80000f3c                memchr
 *fill*         0x80000f52        0x2 ff
 .text._read_r  0x80000f54       0x34 ../../../../lib/libtock-newlib-4.3.0.20230120/arm/arm-none-eabi/lib/thumb/v6-m/nofp/libc.a(libc_a-readr.o)
                0x80000f54                _read_r
 .text._close_r
                0x80000f88       0x30 ../../../../lib/libtock-newlib-4.3.0.20230120/arm/arm-none-eabi/lib/thumb/v6-m/nofp/libc.a(libc_a-closer.o)
                0x80000f88                _close_r
 .text._printf_common
                0x80000fb8       0xe0 ../../../../lib/libtock-newlib-4.3.0.20230120/arm/arm-none-eabi/lib/thumb/v6-m/nofp/libc.a(libc_a-nano-vfprintf_i.o)
                0x80000fb8                _printf_common
 .text._printf_i
                0x80001098      0x244 ../../../../lib/libtock-newlib-4.3.0.20230120/arm/arm-none-eabi/lib/thumb/v6-m/nofp/libc.a(libc_a-nano-vfprintf_i.o)
                0x80001098                _printf_i
 .text.__swhatbuf_r
                0x800012dc       0x54 ../../../../lib/libtock-newlib-4.3.0.20230120/arm/arm-none-eabi/lib/thumb/v6-m/nofp/libc.a(libc_a-makebuf.o)
                0x800012dc                __swhatbuf_r
 .text.__smakebuf_r
                0x80001330       0x7e ../../../../lib/libtock-newlib-4.3.0.20230120/arm/arm-none-eabi/lib/thumb/v6-m/nofp/libc.a(libc_a-makebuf.o)
                0x80001330                __smakebuf_r
 *fill*         0x800013ae        0x2 ff
 .text._fstat_r
                0x800013b0       0x30 ../../../../lib/libtock-newlib-4.3.0.20230120/arm/arm-none-eabi/lib/thumb/v6-m/nofp/libc.a(libc_a-fstatr.o)
                0x800013b0                _fstat_r
 .text._lseek_r
                0x800013e0       0x34 ../../../../lib/libtock-newlib-4.3.0.20230120/arm/arm-none-eabi/lib/thumb/v6-m/nofp/libc.a(libc_a-lseekr.o)
                0x800013e0                _lseek_r
 .text._write_r
                0x80001414       0x34 ../../../../lib/libtock-newlib-4.3.0.20230120/arm/arm-none-eabi/lib/thumb/v6-m/nofp/libc.a(libc_a-writer.o)
                0x80001414                _write_r
 .text._isatty_r
                0x80001448       0x30 ../../../../lib/libtock-newlib-4.3.0.20230120/arm/arm-none-eabi/lib/thumb/v6-m/nofp/libc.a(libc_a-isattyr.o)
                0x80001448                _isatty_r
 .text          0x80001478       0x14 ../../../../lib/libtock-libc++-13.2.0/arm/lib/gcc/arm-none-eabi/13.2.0/thumb/v6-m/nofp/libgcc.a(_thumb1_case_shi.o)
                0x80001478                __gnu_thumb1_case_shi
 .text          0x8000148c       0x8c ../../../../lib/libtock-libc++-13.2.0/arm/lib/gcc/arm-none-eabi/13.2.0/thumb/v6-m/nofp/libgcc.a(_udivsi3.o)
                0x8000148c                __udivsi3
                0x8000148c                __aeabi_uidiv
                0x80001504                __aeabi_uidivmod
 .text          0x80001518        0x4 ../../../../lib/libtock-libc++-13.2.0/arm/lib/gcc/arm-none-eabi/13.2.0/thumb/v6-m/nofp/libgcc.a(_dvmd_tls.o)
                0x80001518                __aeabi_ldiv0
                0x80001518                __aeabi_idiv0
 .text._isatty  0x8000151c        0x6 ../../../../libtock/build/cortex-m0/libtock.a(sys.o)
                0x8000151c                _isatty
 .text._close   0x80001522        0x6 ../../../../libtock/build/cortex-m0/libtock.a(sys.o)
                0x80001522                _close
 .text._fstat   0x80001528        0xa ../../../../libtock/build/cortex-m0/libtock.a(sys.o)
                0x80001528                _fstat
 .text._lseek   0x80001532        0x4 ../../../../libtock/build/cortex-m0/libtock.a(sys.o)
                0x80001532                _lseek
 .text._read    0x80001536        0x4 ../../../../libtock/build/cortex-m0/libtock.a(sys.o)
                0x80001536                _read
 .text._exit    0x8000153a        0x6 ../../../../libtock/build/cortex-m0/libtock.a(sys.o)
                0x8000153a                _exit
 .text._getpid  0x80001540        0x4 ../../../../libtock/build/cortex-m0/libtock.a(sys.o)
                0x80001540                _getpid
 .text._kill    0x80001544        0x6 ../../../../libtock/build/cortex-m0/libtock.a(sys.o)
                0x80001544                _kill
 .text._sbrk    0x8000154a       0x28 ../../../../libtock/build/cortex-m0/libtock.a(sys.o)
                0x8000154a                _sbrk
 *fill*         0x80001572        0x2 ff
 .text.root_pop
                0x80001574       0x28 ../../../../libtock/build/cortex-m0/libtock.a(alarm.o)
 .text.alarm_upcall
                0x8000159c       0xb0 ../../../../libtock/build/cortex-m0/libtock.a(alarm.o)
 .text.ms_to_ticks
                0x8000164c       0x7c ../../../../libtock/build/cortex-m0/libtock.a(alarm.o)
 .text.libtock_alarm_ticks_to_ms
                0x800016c8       0x48 ../../../../libtock/build/cortex-m0/libtock.a(alarm.o)
                0x800016c8                libtock_alarm_ticks_to_ms
 .text.libtock_alarm_at
                0x80001710       0xb8 ../../../../libtock/build/cortex-m0/libtock.a(alarm.o)
                0x80001710                libtock_alarm_at
 .text.overflow_callback
                0x800017c8       0x4c ../../../../libtock/build/cortex-m0/libtock.a(alarm.o)
 .text.libtock_alarm_in_ms
                0x80001814       0x80 ../../../../libtock/build/cortex-m0/libtock.a(alarm.o)
                0x80001814                libtock_alarm_in_ms
 .text.libtock_alarm_set_upcall
                0x80001894       0x24 ../../../../libtock/build/cortex-m0/libtock.a(alarm_syscalls.o)
                0x80001894                libtock_alarm_set_upcall
 .text.libtock_alarm_command_get_frequency
                0x800018b8       0x28 ../../../../libtock/build/cortex-m0/libtock.a(alarm_syscalls.o)
                0x800018b8                libtock_alarm_command_get_frequency
 .text.libtock_alarm_command_read
                0x800018e0       0x28 ../../../../libtock/build/cortex-m0/libtock.a(alarm_syscalls.o)
                0x800018e0                libtock_alarm_command_read
 .text.libtock_alarm_command_set_absolute
                0x80001908       0x28 ../../../../libtock/build/cortex-m0/libtock.a(alarm_syscalls.o)
                0x80001908                libtock_alarm_command_set_absolute
 .text._write   0x80001930       0x12 ../../../../libtock-sync/build/cortex-m0/libtocksync.a(sys.o)
                0x80001930                _write
 *fill*         0x80001942        0x2 ff
 .text.generic_cb
                0x80001944       0x1c ../../../../libtock-sync/build/cortex-m0/libtocksync.a(console.o)
 .text.libtocksync_console_write
                0x80001960       0x40 ../../../../libtock-sync/build/cortex-m0/libtocksync.a(console.o)
                0x80001960                libtocksync_console_write
 .text.__assert_func
                0x800019a0       0x50 ../../../../lib/libtock-newlib-4.3.0.20230120/arm/arm-none-eabi/lib/thumb/v6-m/nofp/libc.a(libc_a-assert.o)
                0x800019a0                __assert_func
 .text.__errno  0x800019f0       0x18 ../../../../lib/libtock-newlib-4.3.0.20230120/arm/arm-none-eabi/lib/thumb/v6-m/nofp/libc.a(libc_a-errno.o)
                0x800019f0                __errno
 .text.abort    0x80001a08        0xe ../../../../lib/libtock-newlib-4.3.0.20230120/arm/arm-none-eabi/lib/thumb/v6-m/nofp/libc.a(libc_a-abort.o)
                0x80001a08                abort
 *fill*         0x80001a16        0x2 ff
 .text.fprintf  0x80001a18       0x30 ../../../../lib/libtock-newlib-4.3.0.20230120/arm/arm-none-eabi/lib/thumb/v6-m/nofp/libc.a(libc_a-fprintf.o)
                0x80001a18                fprintf
                0x80001a18                fiprintf
 .text._raise_r
                0x80001a48       0x52 ../../../../lib/libtock-newlib-4.3.0.20230120/arm/arm-none-eabi/lib/thumb/v6-m/nofp/libc.a(libc_a-signal.o)
                0x80001a48                _raise_r
 *fill*         0x80001a9a        0x2 ff
 .text.raise    0x80001a9c       0x1c ../../../../lib/libtock-newlib-4.3.0.20230120/arm/arm-none-eabi/lib/thumb/v6-m/nofp/libc.a(libc_a-signal.o)
                0x80001a9c                raise
 .text._kill_r  0x80001ab8       0x30 ../../../../lib/libtock-newlib-4.3.0.20230120/arm/arm-none-eabi/lib/thumb/v6-m/nofp/libc.a(libc_a-signalr.o)
                0x80001ab8                _kill_r
 .text._getpid_r
                0x80001ae8        0x8 ../../../../lib/libtock-newlib-4.3.0.20230120/arm/arm-none-eabi/lib/thumb/v6-m/nofp/libc.a(libc_a-signalr.o)
                0x80001ae8                _getpid_r
 .text          0x80001af0       0x40 ../../../../lib/libtock-libc++-13.2.0/arm/lib/gcc/arm-none-eabi/13.2.0/thumb/v6-m/nofp/libgcc.a(_aeabi_uldivmod.o)
                0x80001af0                __aeabi_uldivmod
 .text.__muldi3
                0x80001b30       0x46 ../../../../lib/libtock-libc++-13.2.0/arm/lib/gcc/arm-none-eabi/13.2.0/thumb/v6-m/nofp/libgcc.a(_muldi3.o)
                0x80001b30                __aeabi_lmul
                0x80001b30                __muldi3
 .text.__udivmoddi4
                0x80001b76       0xde ../../../../lib/libtock-libc++-13.2.0/arm/lib/gcc/arm-none-eabi/13.2.0/thumb/v6-m/nofp/libgcc.a(_udivmoddi4.o)
                0x80001b76                __udivmoddi4
 .text          0x80001c54       0x18 ../../../../lib/libtock-libc++-13.2.0/arm/lib/gcc/arm-none-eabi/13.2.0/thumb/v6-m/nofp/libgcc.a(_lshrdi3.o)
                0x80001c54                __aeabi_llsr
                0x80001c54                __lshrdi3
 .text          0x80001c6c       0x18 ../../../../lib/libtock-libc++-13.2.0/arm/lib/gcc/arm-none-eabi/13.2.0/thumb/v6-m/nofp/libgcc.a(_ashldi3.o)
                0x80001c6c                __ashldi3
                0x80001c6c                __aeabi_llsl
 .text          0x80001c84       0x18 ../../../../lib/libtock-libc++-13.2.0/arm/lib/gcc/arm-none-eabi/13.2.0/thumb/v6-m/nofp/libgcc.a(_clzdi2.o)
                0x80001c84                __clzdi2
 .text          0x80001c9c       0x3c ../../../../lib/libtock-libc++-13.2.0/arm/lib/gcc/arm-none-eabi/13.2.0/thumb/v6-m/nofp/libgcc.a(_clzsi2.o)
                0x80001c9c                __clzsi2
 .text.generic_upcall
                0x80001cd8        0x8 ../../../../libtock/build/cortex-m0/libtock.a(console.o)
 .text.libtock_console_write
                0x80001ce0       0x38 ../../../../libtock/build/cortex-m0/libtock.a(console.o)
                0x80001ce0                libtock_console_write
 .text.libtock_console_write_done_set_upcall
                0x80001d18       0x26 ../../../../libtock/build/cortex-m0/libtock.a(console_syscalls.o)
                0x80001d18                libtock_console_write_done_set_upcall
 .text.libtock_console_set_read_allow
                0x80001d3e       0x26 ../../../../libtock/build/cortex-m0/libtock.a(console_syscalls.o)
                0x80001d3e                libtock_console_set_read_allow
 .text.libtock_console_command_write
                0x80001d64       0x28 ../../../../libtock/build/cortex-m0/libtock.a(console_syscalls.o)
                0x80001d64                libtock_console_command_write
 *(.rodata*)
 .rodata.main.str1.1
                0x80001d8c      0x124 build/cortex-m0/main.o
                                 0x41 (size before relaxing)
 .rodata._vfprintf_r.str1.1
                0x80001eb0       0x11 ../../../../lib/libtock-newlib-4.3.0.20230120/arm/arm-none-eabi/lib/thumb/v6-m/nofp/libc.a(libc_a-nano-vfprintf.o)
 .rodata._printf_i.str1.1
                0x80001eb0       0x22 ../../../../lib/libtock-newlib-4.3.0.20230120/arm/arm-none-eabi/lib/thumb/v6-m/nofp/libc.a(libc_a-nano-vfprintf_i.o)
 .rodata.alarm_upcall.str1.1
                0x80001eb0       0x60 ../../../../libtock/build/cortex-m0/libtock.a(alarm.o)
 .rodata.ms_to_ticks.str1.1
                0x80001eb0       0x14 ../../../../libtock/build/cortex-m0/libtock.a(alarm.o)
 .rodata.__func__.1
                0x80001eb0        0xc ../../../../libtock/build/cortex-m0/libtock.a(alarm.o)
 .rodata.__func__.2
                0x80001ebc        0xd ../../../../libtock/build/cortex-m0/libtock.a(alarm.o)
 .rodata.__assert_func.str1.1
                0x80001ec9       0x3d ../../../../lib/libtock-newlib-4.3.0.20230120/arm/arm-none-eabi/lib/thumb/v6-m/nofp/libc.a(libc_a-assert.o)
 *(.srodata*)
 *(.syscalls)
                0x80001ec9                        _etext = .
 *(.ARM.extab*)
                0x80001f10                        . = ALIGN (0x4)
 *fill*         0x80001ec9        0x3 ff

.glue_7         0x80001ecc        0x0
 .glue_7        0x80001ecc        0x0 linker stubs

.glue_7t        0x80001ecc        0x0
 .glue_7t       0x80001ecc        0x0 linker stubs

.vfp11_veneer   0x80001ecc        0x0
 .vfp11_veneer  0x80001ecc        0x0 linker stubs

.v4_bx          0x80001ecc        0x0
 .v4_bx         0x80001ecc        0x0 linker stubs

.iplt           0x80001ecc        0x0
 .iplt          0x80001ecc        0x0 build/cortex-m0/main.o

.stack          0x00000000      0x800
                0x00000000                        _sram_origin = .
                0x00000000                        . = ALIGN (0x10)
                0x00000000                        _stack = .
                0x00000800                        . = (_stack + STACK_SIZE)
 *fill*         0x00000000      0x800 
                0x00000800                        . = ALIGN (0x10)

.got            0x00000800       0xd0 load address 0x80001ecc
                0x00000800                        . = ALIGN (0x4)
                0x00000800                        _got = .
 *(.got*)
 .got           0x00000800       0xc4 build/cortex-m0/main.o
 .got.plt       0x000008c4        0xc build/cortex-m0/main.o
                0x000008c4                _GLOBAL_OFFSET_TABLE_
 *(.got.plt*)
                0x000008d0                        . = ALIGN (0x4)

.data           0x000008d0       0x60 load address 0x80001f9c
                0x000008d0                        . = ALIGN (0x4)
                0x000008d0                        _data = .
 *(.data*)
 .data          0x000008d0        0x0 build/cortex-m0/main.o
 .data._rng_service
                0x000008d0        0x4 build/cortex-m0/main.o
                0x000008d0                _rng_service
 .data          0x000008d4        0x0 ../../../../libtock/build/cortex-m0/libtock.a(crt0.o)
 .data          0x000008d4        0x0 ../../../../libtock/build/cortex-m0/libtock.a(ipc.o)
 .data          0x000008d4        0x0 ../../../../libtock/build/cortex-m0/libtock.a(tock.o)
 .data          0x000008d4        0x0 ../../../../libtock-sync/build/cortex-m0/libtocksync.a(alarm.o)
 .data          0x000008d4        0x0 ../../../../lib/libtock-newlib-4.3.0.20230120/arm/arm-none-eabi/lib/thumb/v6-m/nofp/libc.a(libc_a-puts.o)
 .data          0x000008d4        0x0 ../../../../lib/libtock-newlib-4.3.0.20230120/arm/arm-none-eabi/lib/thumb/v6-m/nofp/libc.a(libc_a-findfp.o)
 .data.rel.__sglue
                0x000008d4        0xc ../../../../lib/libtock-newlib-4.3.0.20230120/arm/arm-none-eabi/lib/thumb/v6-m/nofp/libc.a(libc_a-findfp.o)
                0x000008d4                __sglue
 .data          0x000008e0        0x0 ../../../../lib/libtock-newlib-4.3.0.20230120/arm/arm-none-eabi/lib/thumb/v6-m/nofp/libc.a(libc_a-fflush.o)
 .data          0x000008e0        0x0 ../../../../lib/libtock-newlib-4.3.0.20230120/arm/arm-none-eabi/lib/thumb/v6-m/nofp/libc.a(libc_a-mallocr.o)
 .data          0x000008e0        0x0 ../../../../lib/libtock-newlib-4.3.0.20230120/arm/arm-none-eabi/lib/thumb/v6-m/nofp/libc.a(libc_a-freer.o)
 .data          0x000008e0        0x0 ../../../../lib/libtock-newlib-4.3.0.20230120/arm/arm-none-eabi/lib/thumb/v6-m/nofp/libc.a(libc_a-memset.o)
 .data          0x000008e0        0x0 ../../../../lib/libtock-newlib-4.3.0.20230120/arm/arm-none-eabi/lib/thumb/v6-m/nofp/libc.a(libc_a-fwalk.o)
 .data          0x000008e0        0x0 ../../../../lib/libtock-newlib-4.3.0.20230120/arm/arm-none-eabi/lib/thumb/v6-m/nofp/libc.a(libc_a-strlen.o)
 .data          0x000008e0        0x0 ../../../../lib/libtock-newlib-4.3.0.20230120/arm/arm-none-eabi/lib/thumb/v6-m/nofp/libc.a(libc_a-impure.o)
 .data.rel._impure_ptr
                0x000008e0        0x4 ../../../../lib/libtock-newlib-4.3.0.20230120/arm/arm-none-eabi/lib/thumb/v6-m/nofp/libc.a(libc_a-impure.o)
                0x000008e0                _impure_ptr
 .data.rel._impure_data
                0x000008e4       0x4c ../../../../lib/libtock-newlib-4.3.0.20230120/arm/arm-none-eabi/lib/thumb/v6-m/nofp/libc.a(libc_a-impure.o)
                0x000008e4                _impure_data
 .data          0x00000930        0x0 ../../../../lib/libtock-newlib-4.3.0.20230120/arm/arm-none-eabi/lib/thumb/v6-m/nofp/libc.a(libc_a-mlock.o)
 .data          0x00000930        0x0 ../../../../lib/libtock-newlib-4.3.0.20230120/arm/arm-none-eabi/lib/thumb/v6-m/nofp/libc.a(libc_a-exit.o)
 .data          0x00000930        0x0 ../../../../lib/libtock-newlib-4.3.0.20230120/arm/arm-none-eabi/lib/thumb/v6-m/nofp/libc.a(libc_a-memcpy-stub.o)
 .data          0x00000930        0x0 ../../../../lib/libtock-newlib-4.3.0.20230120/arm/arm-none-eabi/lib/thumb/v6-m/nofp/libc.a(libc_a-printf.o)
 .data          0x00000930        0x0 ../../../../lib/libtock-newlib-4.3.0.20230120/arm/arm-none-eabi/lib/thumb/v6-m/nofp/libc.a(libc_a-nano-vfprintf.o)
 .data          0x00000930        0x0 ../../../../lib/libtock-newlib-4.3.0.20230120/arm/arm-none-eabi/lib/thumb/v6-m/nofp/libc.a(libc_a-wbuf.o)
 .data          0x00000930        0x0 ../../../../lib/libtock-newlib-4.3.0.20230120/arm/arm-none-eabi/lib/thumb/v6-m/nofp/libc.a(libc_a-stdio.o)
 .data          0x00000930        0x0 ../../../../lib/libtock-newlib-4.3.0.20230120/arm/arm-none-eabi/lib/thumb/v6-m/nofp/libc.a(libc_a-sbrkr.o)
 .data          0x00000930        0x0 ../../../../lib/libtock-newlib-4.3.0.20230120/arm/arm-none-eabi/lib/thumb/v6-m/nofp/libc.a(libc_a-fvwrite.o)
 .data          0x00000930        0x0 ../../../../lib/libtock-newlib-4.3.0.20230120/arm/arm-none-eabi/lib/thumb/v6-m/nofp/libc.a(libc_a-wsetup.o)
 .data          0x00000930        0x0 ../../../../lib/libtock-newlib-4.3.0.20230120/arm/arm-none-eabi/lib/thumb/v6-m/nofp/libc.a(libc_a-reent.o)
 .data          0x00000930        0x0 ../../../../lib/libtock-newlib-4.3.0.20230120/arm/arm-none-eabi/lib/thumb/v6-m/nofp/libc.a(libc_a-memchr-stub.o)
 .data          0x00000930        0x0 ../../../../lib/libtock-newlib-4.3.0.20230120/arm/arm-none-eabi/lib/thumb/v6-m/nofp/libc.a(libc_a-readr.o)
 .data          0x00000930        0x0 ../../../../lib/libtock-newlib-4.3.0.20230120/arm/arm-none-eabi/lib/thumb/v6-m/nofp/libc.a(libc_a-closer.o)
 .data          0x00000930        0x0 ../../../../lib/libtock-newlib-4.3.0.20230120/arm/arm-none-eabi/lib/thumb/v6-m/nofp/libc.a(libc_a-reallocr.o)
 .data          0x00000930        0x0 ../../../../lib/libtock-newlib-4.3.0.20230120/arm/arm-none-eabi/lib/thumb/v6-m/nofp/libc.a(libc_a-nano-vfprintf_i.o)
 .data          0x00000930        0x0 ../../../../lib/libtock-newlib-4.3.0.20230120/arm/arm-none-eabi/lib/thumb/v6-m/nofp/libc.a(libc_a-makebuf.o)
 .data          0x00000930        0x0 ../../../../lib/libtock-newlib-4.3.0.20230120/arm/arm-none-eabi/lib/thumb/v6-m/nofp/libc.a(libc_a-memmove.o)
 .data          0x00000930        0x0 ../../../../lib/libtock-newlib-4.3.0.20230120/arm/arm-none-eabi/lib/thumb/v6-m/nofp/libc.a(libc_a-fstatr.o)
 .data          0x00000930        0x0 ../../../../lib/libtock-newlib-4.3.0.20230120/arm/arm-none-eabi/lib/thumb/v6-m/nofp/libc.a(libc_a-lseekr.o)
 .data          0x00000930        0x0 ../../../../lib/libtock-newlib-4.3.0.20230120/arm/arm-none-eabi/lib/thumb/v6-m/nofp/libc.a(libc_a-writer.o)
 .data          0x00000930        0x0 ../../../../lib/libtock-newlib-4.3.0.20230120/arm/arm-none-eabi/lib/thumb/v6-m/nofp/libc.a(libc_a-msizer.o)
 .data          0x00000930        0x0 ../../../../lib/libtock-newlib-4.3.0.20230120/arm/arm-none-eabi/lib/thumb/v6-m/nofp/libc.a(libc_a-isattyr.o)
 .data          0x00000930        0x0 ../../../../lib/libtock-libc++-13.2.0/arm/lib/gcc/arm-none-eabi/13.2.0/thumb/v6-m/nofp/libgcc.a(_thumb1_case_uqi.o)
 .data          0x00000930        0x0 ../../../../lib/libtock-libc++-13.2.0/arm/lib/gcc/arm-none-eabi/13.2.0/thumb/v6-m/nofp/libgcc.a(_thumb1_case_shi.o)
 .data          0x00000930        0x0 ../../../../lib/libtock-libc++-13.2.0/arm/lib/gcc/arm-none-eabi/13.2.0/thumb/v6-m/nofp/libgcc.a(_udivsi3.o)
 .data          0x00000930        0x0 ../../../../lib/libtock-libc++-13.2.0/arm/lib/gcc/arm-none-eabi/13.2.0/thumb/v6-m/nofp/libgcc.a(_divsi3.o)
 .data          0x00000930        0x0 ../../../../lib/libtock-libc++-13.2.0/arm/lib/gcc/arm-none-eabi/13.2.0/thumb/v6-m/nofp/libgcc.a(_dvmd_tls.o)
 .data          0x00000930        0x0 ../../../../libtock/build/cortex-m0/libtock.a(sys.o)
 .data          0x00000930        0x0 ../../../../libtock/build/cortex-m0/libtock.a(alarm.o)
 .data          0x00000930        0x0 ../../../../libtock/build/cortex-m0/libtock.a(alarm_syscalls.o)
 .data          0x00000930        0x0 ../../../../libtock-sync/build/cortex-m0/libtocksync.a(sys.o)
 .data          0x00000930        0x0 ../../../../libtock-sync/build/cortex-m0/libtocksync.a(console.o)
 .data          0x00000930        0x0 ../../../../lib/libtock-newlib-4.3.0.20230120/arm/arm-none-eabi/lib/thumb/v6-m/nofp/libc.a(libc_a-assert.o)
 .data          0x00000930        0x0 ../../../../lib/libtock-newlib-4.3.0.20230120/arm/arm-none-eabi/lib/thumb/v6-m/nofp/libc.a(libc_a-errno.o)
 .data          0x00000930        0x0 ../../../../lib/libtock-newlib-4.3.0.20230120/arm/arm-none-eabi/lib/thumb/v6-m/nofp/libc.a(libc_a-abort.o)
 .data          0x00000930        0x0 ../../../../lib/libtock-newlib-4.3.0.20230120/arm/arm-none-eabi/lib/thumb/v6-m/nofp/libc.a(libc_a-fprintf.o)
 .data          0x00000930        0x0 ../../../../lib/libtock-newlib-4.3.0.20230120/arm/arm-none-eabi/lib/thumb/v6-m/nofp/libc.a(libc_a-signal.o)
 .data          0x00000930        0x0 ../../../../lib/libtock-newlib-4.3.0.20230120/arm/arm-none-eabi/lib/thumb/v6-m/nofp/libc.a(libc_a-signalr.o)
 .data          0x00000930        0x0 ../../../../lib/libtock-libc++-13.2.0/arm/lib/gcc/arm-none-eabi/13.2.0/thumb/v6-m/nofp/libgcc.a(_aeabi_ldivmod.o)
 .data          0x00000930        0x0 ../../../../lib/libtock-libc++-13.2.0/arm/lib/gcc/arm-none-eabi/13.2.0/thumb/v6-m/nofp/libgcc.a(_aeabi_uldivmod.o)
 .data          0x00000930        0x0 ../../../../lib/libtock-libc++-13.2.0/arm/lib/gcc/arm-none-eabi/13.2.0/thumb/v6-m/nofp/libgcc.a(_muldi3.o)
 .data          0x00000930        0x0 ../../../../lib/libtock-libc++-13.2.0/arm/lib/gcc/arm-none-eabi/13.2.0/thumb/v6-m/nofp/libgcc.a(_udivmoddi4.o)
 .data          0x00000930        0x0 ../../../../lib/libtock-libc++-13.2.0/arm/lib/gcc/arm-none-eabi/13.2.0/thumb/v6-m/nofp/libgcc.a(bpabi.o)
 .data          0x00000930        0x0 ../../../../lib/libtock-libc++-13.2.0/arm/lib/gcc/arm-none-eabi/13.2.0/thumb/v6-m/nofp/libgcc.a(_lshrdi3.o)
 .data          0x00000930        0x0 ../../../../lib/libtock-libc++-13.2.0/arm/lib/gcc/arm-none-eabi/13.2.0/thumb/v6-m/nofp/libgcc.a(_ashldi3.o)
 .data          0x00000930        0x0 ../../../../lib/libtock-libc++-13.2.0/arm/lib/gcc/arm-none-eabi/13.2.0/thumb/v6-m/nofp/libgcc.a(_clzdi2.o)
 .data          0x00000930        0x0 ../../../../lib/libtock-libc++-13.2.0/arm/lib/gcc/arm-none-eabi/13.2.0/thumb/v6-m/nofp/libgcc.a(_divdi3.o)
 .data          0x00000930        0x0 ../../../../lib/libtock-libc++-13.2.0/arm/lib/gcc/arm-none-eabi/13.2.0/thumb/v6-m/nofp/libgcc.a(_clzsi2.o)
 .data          0x00000930        0x0 ../../../../libtock/build/cortex-m0/libtock.a(console.o)
 .data          0x00000930        0x0 ../../../../libtock/build/cortex-m0/libtock.a(console_syscalls.o)
 *(.sdata*)
                0x00000930                        . = ALIGN (0x4)

.igot.plt       0x00000930        0x0 load address 0x80001ffc
 .igot.plt      0x00000930        0x0 build/cortex-m0/main.o

.bss            0x00000940      0x328 load address 0x80001ffc
                0x00000940                        . = ALIGN (0x4)
                0x00000940                        _bss = .
 *(.bss*)
 .bss           0x00000940        0x0 build/cortex-m0/main.o
 .bss._done     0x00000940        0x1 build/cortex-m0/main.o
                0x00000940                _done
 .bss._number_of_leds
                0x00000941        0x1 build/cortex-m0/main.o
                0x00000941                _number_of_leds
 *fill*         0x00000942       0x3e 
 .bss._rng_buf  0x00000980       0x40 build/cortex-m0/main.o
                0x00000980                _rng_buf
 .bss           0x000009c0        0x0 ../../../../libtock/build/cortex-m0/libtock.a(crt0.o)
 .bss           0x000009c0        0x0 ../../../../libtock/build/cortex-m0/libtock.a(ipc.o)
 .bss           0x000009c0        0x0 ../../../../libtock/build/cortex-m0/libtock.a(tock.o)
 .bss.task_last
                0x000009c0        0x4 ../../../../libtock/build/cortex-m0/libtock.a(tock.o)
 .bss.task_cur  0x000009c4        0x4 ../../../../libtock/build/cortex-m0/libtock.a(tock.o)
 .bss.task_queue
                0x000009c8      0x140 ../../../../libtock/build/cortex-m0/libtock.a(tock.o)
 .bss           0x00000b08        0x0 ../../../../libtock-sync/build/cortex-m0/libtocksync.a(alarm.o)
 .bss.yf_timeout_data
                0x00000b08        0x1 ../../../../libtock-sync/build/cortex-m0/libtocksync.a(alarm.o)
 .bss.delay_data
                0x00000b09        0x1 ../../../../libtock-sync/build/cortex-m0/libtocksync.a(alarm.o)
 .bss           0x00000b0a        0x0 ../../../../lib/libtock-newlib-4.3.0.20230120/arm/arm-none-eabi/lib/thumb/v6-m/nofp/libc.a(libc_a-puts.o)
 .bss           0x00000b0a        0x0 ../../../../lib/libtock-newlib-4.3.0.20230120/arm/arm-none-eabi/lib/thumb/v6-m/nofp/libc.a(libc_a-findfp.o)
 *fill*         0x00000b0a        0x2 
 .bss.__sf      0x00000b0c      0x138 ../../../../lib/libtock-newlib-4.3.0.20230120/arm/arm-none-eabi/lib/thumb/v6-m/nofp/libc.a(libc_a-findfp.o)
                0x00000b0c                __sf
 .bss.__stdio_exit_handler
                0x00000c44        0x4 ../../../../lib/libtock-newlib-4.3.0.20230120/arm/arm-none-eabi/lib/thumb/v6-m/nofp/libc.a(libc_a-findfp.o)
                0x00000c44                __stdio_exit_handler
 .bss           0x00000c48        0x0 ../../../../lib/libtock-newlib-4.3.0.20230120/arm/arm-none-eabi/lib/thumb/v6-m/nofp/libc.a(libc_a-fflush.o)
 .bss           0x00000c48        0x0 ../../../../lib/libtock-newlib-4.3.0.20230120/arm/arm-none-eabi/lib/thumb/v6-m/nofp/libc.a(libc_a-mallocr.o)
 .bss.__malloc_sbrk_start
                0x00000c48        0x4 ../../../../lib/libtock-newlib-4.3.0.20230120/arm/arm-none-eabi/lib/thumb/v6-m/nofp/libc.a(libc_a-mallocr.o)
                0x00000c48                __malloc_sbrk_start
 .bss.__malloc_free_list
                0x00000c4c        0x4 ../../../../lib/libtock-newlib-4.3.0.20230120/arm/arm-none-eabi/lib/thumb/v6-m/nofp/libc.a(libc_a-mallocr.o)
                0x00000c4c                __malloc_free_list
 .bss           0x00000c50        0x0 ../../../../lib/libtock-newlib-4.3.0.20230120/arm/arm-none-eabi/lib/thumb/v6-m/nofp/libc.a(libc_a-freer.o)
 .bss           0x00000c50        0x0 ../../../../lib/libtock-newlib-4.3.0.20230120/arm/arm-none-eabi/lib/thumb/v6-m/nofp/libc.a(libc_a-memset.o)
 .bss           0x00000c50        0x0 ../../../../lib/libtock-newlib-4.3.0.20230120/arm/arm-none-eabi/lib/thumb/v6-m/nofp/libc.a(libc_a-fwalk.o)
 .bss           0x00000c50        0x0 ../../../../lib/libtock-newlib-4.3.0.20230120/arm/arm-none-eabi/lib/thumb/v6-m/nofp/libc.a(libc_a-strlen.o)
 .bss           0x00000c50        0x0 ../../../../lib/libtock-newlib-4.3.0.20230120/arm/arm-none-eabi/lib/thumb/v6-m/nofp/libc.a(libc_a-impure.o)
 .bss           0x00000c50        0x0 ../../../../lib/libtock-newlib-4.3.0.20230120/arm/arm-none-eabi/lib/thumb/v6-m/nofp/libc.a(libc_a-mlock.o)
 .bss           0x00000c50        0x0 ../../../../lib/libtock-newlib-4.3.0.20230120/arm/arm-none-eabi/lib/thumb/v6-m/nofp/libc.a(libc_a-exit.o)
 .bss           0x00000c50        0x0 ../../../../lib/libtock-newlib-4.3.0.20230120/arm/arm-none-eabi/lib/thumb/v6-m/nofp/libc.a(libc_a-memcpy-stub.o)
 .bss           0x00000c50        0x0 ../../../../lib/libtock-newlib-4.3.0.20230120/arm/arm-none-eabi/lib/thumb/v6-m/nofp/libc.a(libc_a-printf.o)
 .bss           0x00000c50        0x0 ../../../../lib/libtock-newlib-4.3.0.20230120/arm/arm-none-eabi/lib/thumb/v6-m/nofp/libc.a(libc_a-nano-vfprintf.o)
 .bss           0x00000c50        0x0 ../../../../lib/libtock-newlib-4.3.0.20230120/arm/arm-none-eabi/lib/thumb/v6-m/nofp/libc.a(libc_a-wbuf.o)
 .bss           0x00000c50        0x0 ../../../../lib/libtock-newlib-4.3.0.20230120/arm/arm-none-eabi/lib/thumb/v6-m/nofp/libc.a(libc_a-stdio.o)
 .bss           0x00000c50        0x0 ../../../../lib/libtock-newlib-4.3.0.20230120/arm/arm-none-eabi/lib/thumb/v6-m/nofp/libc.a(libc_a-sbrkr.o)
 .bss           0x00000c50        0x0 ../../../../lib/libtock-newlib-4.3.0.20230120/arm/arm-none-eabi/lib/thumb/v6-m/nofp/libc.a(libc_a-fvwrite.o)
 .bss           0x00000c50        0x0 ../../../../lib/libtock-newlib-4.3.0.20230120/arm/arm-none-eabi/lib/thumb/v6-m/nofp/libc.a(libc_a-wsetup.o)
 .bss           0x00000c50        0x0 ../../../../lib/libtock-newlib-4.3.0.20230120/arm/arm-none-eabi/lib/thumb/v6-m/nofp/libc.a(libc_a-reent.o)
 .bss.errno     0x00000c50        0x4 ../../../../lib/libtock-newlib-4.3.0.20230120/arm/arm-none-eabi/lib/thumb/v6-m/nofp/libc.a(libc_a-reent.o)
                0x00000c50                errno
 .bss           0x00000c54        0x0 ../../../../lib/libtock-newlib-4.3.0.20230120/arm/arm-none-eabi/lib/thumb/v6-m/nofp/libc.a(libc_a-memchr-stub.o)
 .bss           0x00000c54        0x0 ../../../../lib/libtock-newlib-4.3.0.20230120/arm/arm-none-eabi/lib/thumb/v6-m/nofp/libc.a(libc_a-readr.o)
 .bss           0x00000c54        0x0 ../../../../lib/libtock-newlib-4.3.0.20230120/arm/arm-none-eabi/lib/thumb/v6-m/nofp/libc.a(libc_a-closer.o)
 .bss           0x00000c54        0x0 ../../../../lib/libtock-newlib-4.3.0.20230120/arm/arm-none-eabi/lib/thumb/v6-m/nofp/libc.a(libc_a-reallocr.o)
 .bss           0x00000c54        0x0 ../../../../lib/libtock-newlib-4.3.0.20230120/arm/arm-none-eabi/lib/thumb/v6-m/nofp/libc.a(libc_a-nano-vfprintf_i.o)
 .bss           0x00000c54        0x0 ../../../../lib/libtock-newlib-4.3.0.20230120/arm/arm-none-eabi/lib/thumb/v6-m/nofp/libc.a(libc_a-makebuf.o)
 .bss           0x00000c54        0x0 ../../../../lib/libtock-newlib-4.3.0.20230120/arm/arm-none-eabi/lib/thumb/v6-m/nofp/libc.a(libc_a-memmove.o)
 .bss           0x00000c54        0x0 ../../../../lib/libtock-newlib-4.3.0.20230120/arm/arm-none-eabi/lib/thumb/v6-m/nofp/libc.a(libc_a-fstatr.o)
 .bss           0x00000c54        0x0 ../../../../lib/libtock-newlib-4.3.0.20230120/arm/arm-none-eabi/lib/thumb/v6-m/nofp/libc.a(libc_a-lseekr.o)
 .bss           0x00000c54        0x0 ../../../../lib/libtock-newlib-4.3.0.20230120/arm/arm-none-eabi/lib/thumb/v6-m/nofp/libc.a(libc_a-writer.o)
 .bss           0x00000c54        0x0 ../../../../lib/libtock-newlib-4.3.0.20230120/arm/arm-none-eabi/lib/thumb/v6-m/nofp/libc.a(libc_a-msizer.o)
 .bss           0x00000c54        0x0 ../../../../lib/libtock-newlib-4.3.0.20230120/arm/arm-none-eabi/lib/thumb/v6-m/nofp/libc.a(libc_a-isattyr.o)
 .bss           0x00000c54        0x0 ../../../../lib/libtock-libc++-13.2.0/arm/lib/gcc/arm-none-eabi/13.2.0/thumb/v6-m/nofp/libgcc.a(_thumb1_case_uqi.o)
 .bss           0x00000c54        0x0 ../../../../lib/libtock-libc++-13.2.0/arm/lib/gcc/arm-none-eabi/13.2.0/thumb/v6-m/nofp/libgcc.a(_thumb1_case_shi.o)
 .bss           0x00000c54        0x0 ../../../../lib/libtock-libc++-13.2.0/arm/lib/gcc/arm-none-eabi/13.2.0/thumb/v6-m/nofp/libgcc.a(_udivsi3.o)
 .bss           0x00000c54        0x0 ../../../../lib/libtock-libc++-13.2.0/arm/lib/gcc/arm-none-eabi/13.2.0/thumb/v6-m/nofp/libgcc.a(_divsi3.o)
 .bss           0x00000c54        0x0 ../../../../lib/libtock-libc++-13.2.0/arm/lib/gcc/arm-none-eabi/13.2.0/thumb/v6-m/nofp/libgcc.a(_dvmd_tls.o)
 .bss           0x00000c54        0x0 ../../../../libtock/build/cortex-m0/libtock.a(sys.o)
 .bss.__dso_handle
                0x00000c54        0x4 ../../../../libtock/build/cortex-m0/libtock.a(sys.o)
                0x00000c54                __dso_handle
 .bss           0x00000c58        0x0 ../../../../libtock/build/cortex-m0/libtock.a(alarm.o)
 .bss.root      0x00000c58        0x4 ../../../../libtock/build/cortex-m0/libtock.a(alarm.o)
 .bss           0x00000c5c        0x0 ../../../../libtock/build/cortex-m0/libtock.a(alarm_syscalls.o)
 .bss           0x00000c5c        0x0 ../../../../libtock-sync/build/cortex-m0/libtocksync.a(sys.o)
 .bss           0x00000c5c        0x0 ../../../../libtock-sync/build/cortex-m0/libtocksync.a(console.o)
 .bss.result    0x00000c5c        0xc ../../../../libtock-sync/build/cortex-m0/libtocksync.a(console.o)
 .bss           0x00000c68        0x0 ../../../../lib/libtock-newlib-4.3.0.20230120/arm/arm-none-eabi/lib/thumb/v6-m/nofp/libc.a(libc_a-assert.o)
 .bss           0x00000c68        0x0 ../../../../lib/libtock-newlib-4.3.0.20230120/arm/arm-none-eabi/lib/thumb/v6-m/nofp/libc.a(libc_a-errno.o)
 .bss           0x00000c68        0x0 ../../../../lib/libtock-newlib-4.3.0.20230120/arm/arm-none-eabi/lib/thumb/v6-m/nofp/libc.a(libc_a-abort.o)
 .bss           0x00000c68        0x0 ../../../../lib/libtock-newlib-4.3.0.20230120/arm/arm-none-eabi/lib/thumb/v6-m/nofp/libc.a(libc_a-fprintf.o)
 .bss           0x00000c68        0x0 ../../../../lib/libtock-newlib-4.3.0.20230120/arm/arm-none-eabi/lib/thumb/v6-m/nofp/libc.a(libc_a-signal.o)
 .bss           0x00000c68        0x0 ../../../../lib/libtock-newlib-4.3.0.20230120/arm/arm-none-eabi/lib/thumb/v6-m/nofp/libc.a(libc_a-signalr.o)
 .bss           0x00000c68        0x0 ../../../../lib/libtock-libc++-13.2.0/arm/lib/gcc/arm-none-eabi/13.2.0/thumb/v6-m/nofp/libgcc.a(_aeabi_ldivmod.o)
 .bss           0x00000c68        0x0 ../../../../lib/libtock-libc++-13.2.0/arm/lib/gcc/arm-none-eabi/13.2.0/thumb/v6-m/nofp/libgcc.a(_aeabi_uldivmod.o)
 .bss           0x00000c68        0x0 ../../../../lib/libtock-libc++-13.2.0/arm/lib/gcc/arm-none-eabi/13.2.0/thumb/v6-m/nofp/libgcc.a(_muldi3.o)
 .bss           0x00000c68        0x0 ../../../../lib/libtock-libc++-13.2.0/arm/lib/gcc/arm-none-eabi/13.2.0/thumb/v6-m/nofp/libgcc.a(_udivmoddi4.o)
 .bss           0x00000c68        0x0 ../../../../lib/libtock-libc++-13.2.0/arm/lib/gcc/arm-none-eabi/13.2.0/thumb/v6-m/nofp/libgcc.a(bpabi.o)
 .bss           0x00000c68        0x0 ../../../../lib/libtock-libc++-13.2.0/arm/lib/gcc/arm-none-eabi/13.2.0/thumb/v6-m/nofp/libgcc.a(_lshrdi3.o)
 .bss           0x00000c68        0x0 ../../../../lib/libtock-libc++-13.2.0/arm/lib/gcc/arm-none-eabi/13.2.0/thumb/v6-m/nofp/libgcc.a(_ashldi3.o)
 .bss           0x00000c68        0x0 ../../../../lib/libtock-libc++-13.2.0/arm/lib/gcc/arm-none-eabi/13.2.0/thumb/v6-m/nofp/libgcc.a(_clzdi2.o)
 .bss           0x00000c68        0x0 ../../../../lib/libtock-libc++-13.2.0/arm/lib/gcc/arm-none-eabi/13.2.0/thumb/v6-m/nofp/libgcc.a(_divdi3.o)
 .bss           0x00000c68        0x0 ../../../../lib/libtock-libc++-13.2.0/arm/lib/gcc/arm-none-eabi/13.2.0/thumb/v6-m/nofp/libgcc.a(_clzsi2.o)
 .bss           0x00000c68        0x0 ../../../../libtock/build/cortex-m0/libtock.a(console.o)
 .bss           0x00000c68        0x0 ../../../../libtock/build/cortex-m0/libtock.a(console_syscalls.o)
 *(.sbss*)
 *(COMMON)
                0x00000c68                        . = ALIGN (0x4)

.endflash       0x80001ffc        0x0
                [!provide]                        PROVIDE (__exidx_start = .)

.ARM.exidx      0x80001ffc        0x8
 *(.ARM.exidx* .gnu.linkonce.armexidx.*)
 .ARM.exidx.text.__udivmoddi4
                0x80001ffc        0x8 ../../../../lib/libtock-libc++-13.2.0/arm/lib/gcc/arm-none-eabi/13.2.0/thumb/v6-m/nofp/libgcc.a(_udivmoddi4.o)
                [!provide]                        PROVIDE (__exidx_end = .)
                0x00000001                        ASSERT ((_got <= _bss), 
The GOT section must be before the BSS section for crt0 setup to be correct.)
                0x00000001                        ASSERT ((_data <= _bss), 
The data section must be before the BSS section for crt0 setup to be correct.)
OUTPUT(build/cortex-m0/cortex-m0.elf elf32-littlearm)
LOAD linker stubs

.rel.dyn        0x80002004        0x0
 .rel.iplt      0x80002004        0x0 build/cortex-m0/main.o
 .rel.got       0x80002004        0x0 build/cortex-m0/main.o

.GCC.command.line
                0x00000000       0xe5
 .GCC.command.line
                0x00000000       0xe5 build/cortex-m0/main.o
 .GCC.command.line
                0x000000e5       0xe5 ../../../../libtock/build/cortex-m0/libtock.a(crt0.o)
 .GCC.command.line
                0x000000e5       0xe5 ../../../../libtock/build/cortex-m0/libtock.a(ipc.o)
 .GCC.command.line
                0x000000e5       0xe5 ../../../../libtock/build/cortex-m0/libtock.a(tock.o)
 .GCC.command.line
                0x000000e5       0xe5 ../../../../libtock-sync/build/cortex-m0/libtocksync.a(alarm.o)
 .GCC.command.line
                0x000000e5       0xe5 ../../../../libtock/build/cortex-m0/libtock.a(sys.o)
 .GCC.command.line
                0x000000e5       0xe5 ../../../../libtock/build/cortex-m0/libtock.a(alarm.o)
 .GCC.command.line
                0x000000e5       0xe5 ../../../../libtock/build/cortex-m0/libtock.a(alarm_syscalls.o)
 .GCC.command.line
                0x000000e5       0xe5 ../../../../libtock-sync/build/cortex-m0/libtocksync.a(sys.o)
 .GCC.command.line
                0x000000e5       0xe5 ../../../../libtock-sync/build/cortex-m0/libtocksync.a(console.o)
 .GCC.command.line
                0x000000e5       0xe5 ../../../../libtock/build/cortex-m0/libtock.a(console.o)
 .GCC.command.line
                0x000000e5       0xe5 ../../../../libtock/build/cortex-m0/libtock.a(console_syscalls.o)

.comment        0x00000000       0x5e
 .comment       0x00000000       0x5e build/cortex-m0/main.o
                                 0x27 (size before relaxing)
 .comment       0x0000005e       0x27 ../../../../libtock/build/cortex-m0/libtock.a(crt0.o)
 .comment       0x0000005e       0x27 ../../../../libtock/build/cortex-m0/libtock.a(ipc.o)
 .comment       0x0000005e       0x27 ../../../../libtock/build/cortex-m0/libtock.a(tock.o)
 .comment       0x0000005e       0x27 ../../../../libtock-sync/build/cortex-m0/libtocksync.a(alarm.o)
 .comment       0x0000005e       0x27 ../../../../lib/libtock-newlib-4.3.0.20230120/arm/arm-none-eabi/lib/thumb/v6-m/nofp/libc.a(libc_a-puts.o)
 .comment       0x0000005e       0x27 ../../../../lib/libtock-newlib-4.3.0.20230120/arm/arm-none-eabi/lib/thumb/v6-m/nofp/libc.a(libc_a-findfp.o)
 .comment       0x0000005e       0x27 ../../../../lib/libtock-newlib-4.3.0.20230120/arm/arm-none-eabi/lib/thumb/v6-m/nofp/libc.a(libc_a-fflush.o)
 .comment       0x0000005e       0x27 ../../../../lib/libtock-newlib-4.3.0.20230120/arm/arm-none-eabi/lib/thumb/v6-m/nofp/libc.a(libc_a-mallocr.o)
 .comment       0x0000005e       0x27 ../../../../lib/libtock-newlib-4.3.0.20230120/arm/arm-none-eabi/lib/thumb/v6-m/nofp/libc.a(libc_a-freer.o)
 .comment       0x0000005e       0x27 ../../../../lib/libtock-newlib-4.3.0.20230120/arm/arm-none-eabi/lib/thumb/v6-m/nofp/libc.a(libc_a-memset.o)
 .comment       0x0000005e       0x27 ../../../../lib/libtock-newlib-4.3.0.20230120/arm/arm-none-eabi/lib/thumb/v6-m/nofp/libc.a(libc_a-fwalk.o)
 .comment       0x0000005e       0x27 ../../../../lib/libtock-newlib-4.3.0.20230120/arm/arm-none-eabi/lib/thumb/v6-m/nofp/libc.a(libc_a-impure.o)
 .comment       0x0000005e       0x27 ../../../../lib/libtock-newlib-4.3.0.20230120/arm/arm-none-eabi/lib/thumb/v6-m/nofp/libc.a(libc_a-mlock.o)
 .comment       0x0000005e       0x27 ../../../../lib/libtock-newlib-4.3.0.20230120/arm/arm-none-eabi/lib/thumb/v6-m/nofp/libc.a(libc_a-exit.o)
 .comment       0x0000005e       0x27 ../../../../lib/libtock-newlib-4.3.0.20230120/arm/arm-none-eabi/lib/thumb/v6-m/nofp/libc.a(libc_a-memcpy-stub.o)
 .comment       0x0000005e       0x27 ../../../../lib/libtock-newlib-4.3.0.20230120/arm/arm-none-eabi/lib/thumb/v6-m/nofp/libc.a(libc_a-printf.o)
 .comment       0x0000005e       0x27 ../../../../lib/libtock-newlib-4.3.0.20230120/arm/arm-none-eabi/lib/thumb/v6-m/nofp/libc.a(libc_a-nano-vfprintf.o)
 .comment       0x0000005e       0x27 ../../../../lib/libtock-newlib-4.3.0.20230120/arm/arm-none-eabi/lib/thumb/v6-m/nofp/libc.a(libc_a-wbuf.o)
 .comment       0x0000005e       0x27 ../../../../lib/libtock-newlib-4.3.0.20230120/arm/arm-none-eabi/lib/thumb/v6-m/nofp/libc.a(libc_a-stdio.o)
 .comment       0x0000005e       0x27 ../../../../lib/libtock-newlib-4.3.0.20230120/arm/arm-none-eabi/lib/thumb/v6-m/nofp/libc.a(libc_a-sbrkr.o)
 .comment       0x0000005e       0x27 ../../../../lib/libtock-newlib-4.3.0.20230120/arm/arm-none-eabi/lib/thumb/v6-m/nofp/libc.a(libc_a-fvwrite.o)
 .comment       0x0000005e       0x27 ../../../../lib/libtock-newlib-4.3.0.20230120/arm/arm-none-eabi/lib/thumb/v6-m/nofp/libc.a(libc_a-wsetup.o)
 .comment       0x0000005e       0x27 ../../../../lib/libtock-newlib-4.3.0.20230120/arm/arm-none-eabi/lib/thumb/v6-m/nofp/libc.a(libc_a-reent.o)
 .comment       0x0000005e       0x27 ../../../../lib/libtock-newlib-4.3.0.20230120/arm/arm-none-eabi/lib/thumb/v6-m/nofp/libc.a(libc_a-memchr-stub.o)
 .comment       0x0000005e       0x27 ../../../../lib/libtock-newlib-4.3.0.20230120/arm/arm-none-eabi/lib/thumb/v6-m/nofp/libc.a(libc_a-readr.o)
 .comment       0x0000005e       0x27 ../../../../lib/libtock-newlib-4.3.0.20230120/arm/arm-none-eabi/lib/thumb/v6-m/nofp/libc.a(libc_a-closer.o)
 .comment       0x0000005e       0x27 ../../../../lib/libtock-newlib-4.3.0.20230120/arm/arm-none-eabi/lib/thumb/v6-m/nofp/libc.a(libc_a-reallocr.o)
 .comment       0x0000005e       0x27 ../../../../lib/libtock-newlib-4.3.0.20230120/arm/arm-none-eabi/lib/thumb/v6-m/nofp/libc.a(libc_a-nano-vfprintf_i.o)
 .comment       0x0000005e       0x27 ../../../../lib/libtock-newlib-4.3.0.20230120/arm/arm-none-eabi/lib/thumb/v6-m/nofp/libc.a(libc_a-makebuf.o)
 .comment       0x0000005e       0x27 ../../../../lib/libtock-newlib-4.3.0.20230120/arm/arm-none-eabi/lib/thumb/v6-m/nofp/libc.a(libc_a-memmove.o)
 .comment       0x0000005e       0x27 ../../../../lib/libtock-newlib-4.3.0.20230120/arm/arm-none-eabi/lib/thumb/v6-m/nofp/libc.a(libc_a-fstatr.o)
 .comment       0x0000005e       0x27 ../../../../lib/libtock-newlib-4.3.0.20230120/arm/arm-none-eabi/lib/thumb/v6-m/nofp/libc.a(libc_a-lseekr.o)
 .comment       0x0000005e       0x27 ../../../../lib/libtock-newlib-4.3.0.20230120/arm/arm-none-eabi/lib/thumb/v6-m/nofp/libc.a(libc_a-writer.o)
 .comment       0x0000005e       0x27 ../../../../lib/libtock-newlib-4.3.0.20230120/arm/arm-none-eabi/lib/thumb/v6-m/nofp/libc.a(libc_a-msizer.o)
 .comment       0x0000005e       0x27 ../../../../lib/libtock-newlib-4.3.0.20230120/arm/arm-none-eabi/lib/thumb/v6-m/nofp/libc.a(libc_a-isattyr.o)
 .comment       0x0000005e       0x27 ../../../../libtock/build/cortex-m0/libtock.a(sys.o)
 .comment       0x0000005e       0x27 ../../../../libtock/build/cortex-m0/libtock.a(alarm.o)
 .comment       0x0000005e       0x27 ../../../../libtock/build/cortex-m0/libtock.a(alarm_syscalls.o)
 .comment       0x0000005e       0x27 ../../../../libtock-sync/build/cortex-m0/libtocksync.a(sys.o)
 .comment       0x0000005e       0x27 ../../../../libtock-sync/build/cortex-m0/libtocksync.a(console.o)
 .comment       0x0000005e       0x27 ../../../../lib/libtock-newlib-4.3.0.20230120/arm/arm-none-eabi/lib/thumb/v6-m/nofp/libc.a(libc_a-assert.o)
 .comment       0x0000005e       0x27 ../../../../lib/libtock-newlib-4.3.0.20230120/arm/arm-none-eabi/lib/thumb/v6-m/nofp/libc.a(libc_a-errno.o)
 .comment       0x0000005e       0x27 ../../../../lib/libtock-newlib-4.3.0.20230120/arm/arm-none-eabi/lib/thumb/v6-m/nofp/libc.a(libc_a-abort.o)
 .comment       0x0000005e       0x27 ../../../../lib/libtock-newlib-4.3.0.20230120/arm/arm-none-eabi/lib/thumb/v6-m/nofp/libc.a(libc_a-fprintf.o)
 .comment       0x0000005e       0x27 ../../../../lib/libtock-newlib-4.3.0.20230120/arm/arm-none-eabi/lib/thumb/v6-m/nofp/libc.a(libc_a-signal.o)
 .comment       0x0000005e       0x27 ../../../../lib/libtock-newlib-4.3.0.20230120/arm/arm-none-eabi/lib/thumb/v6-m/nofp/libc.a(libc_a-signalr.o)
 .comment       0x0000005e       0x13 ../../../../lib/libtock-libc++-13.2.0/arm/lib/gcc/arm-none-eabi/13.2.0/thumb/v6-m/nofp/libgcc.a(_muldi3.o)
 .comment       0x0000005e       0x13 ../../../../lib/libtock-libc++-13.2.0/arm/lib/gcc/arm-none-eabi/13.2.0/thumb/v6-m/nofp/libgcc.a(_udivmoddi4.o)
 .comment       0x0000005e       0x13 ../../../../lib/libtock-libc++-13.2.0/arm/lib/gcc/arm-none-eabi/13.2.0/thumb/v6-m/nofp/libgcc.a(bpabi.o)
 .comment       0x0000005e       0x13 ../../../../lib/libtock-libc++-13.2.0/arm/lib/gcc/arm-none-eabi/13.2.0/thumb/v6-m/nofp/libgcc.a(_divdi3.o)
 .comment       0x0000005e       0x27 ../../../../libtock/build/cortex-m0/libtock.a(console.o)
 .comment       0x0000005e       0x27 ../../../../libtock/build/cortex-m0/libtock.a(console_syscalls.o)

.ARM.attributes
                0x00000000       0x2a
 .ARM.attributes
                0x00000000       0x2c build/cortex-m0/main.o
 .ARM.attributes
                0x0000002c       0x2c ../../../../libtock/build/cortex-m0/libtock.a(crt0.o)
 .ARM.attributes
                0x00000058       0x2c ../../../../libtock/build/cortex-m0/libtock.a(ipc.o)
 .ARM.attributes
                0x00000084       0x2c ../../../../libtock/build/cortex-m0/libtock.a(tock.o)
 .ARM.attributes
                0x000000b0       0x2c ../../../../libtock-sync/build/cortex-m0/libtocksync.a(alarm.o)
 .ARM.attributes
                0x000000dc       0x2c ../../../../lib/libtock-newlib-4.3.0.20230120/arm/arm-none-eabi/lib/thumb/v6-m/nofp/libc.a(libc_a-puts.o)
 .ARM.attributes
                0x00000108       0x2c ../../../../lib/libtock-newlib-4.3.0.20230120/arm/arm-none-eabi/lib/thumb/v6-m/nofp/libc.a(libc_a-findfp.o)
 .ARM.attributes
                0x00000134       0x2c ../../../../lib/libtock-newlib-4.3.0.20230120/arm/arm-none-eabi/lib/thumb/v6-m/nofp/libc.a(libc_a-fflush.o)
 .ARM.attributes
                0x00000160       0x2c ../../../../lib/libtock-newlib-4.3.0.20230120/arm/arm-none-eabi/lib/thumb/v6-m/nofp/libc.a(libc_a-mallocr.o)
 .ARM.attributes
                0x0000018c       0x2c ../../../../lib/libtock-newlib-4.3.0.20230120/arm/arm-none-eabi/lib/thumb/v6-m/nofp/libc.a(libc_a-freer.o)
 .ARM.attributes
                0x000001b8       0x2c ../../../../lib/libtock-newlib-4.3.0.20230120/arm/arm-none-eabi/lib/thumb/v6-m/nofp/libc.a(libc_a-memset.o)
 .ARM.attributes
                0x000001e4       0x2c ../../../../lib/libtock-newlib-4.3.0.20230120/arm/arm-none-eabi/lib/thumb/v6-m/nofp/libc.a(libc_a-fwalk.o)
 .ARM.attributes
                0x00000210       0x1c ../../../../lib/libtock-newlib-4.3.0.20230120/arm/arm-none-eabi/lib/thumb/v6-m/nofp/libc.a(libc_a-strlen.o)
 .ARM.attributes
                0x0000022c       0x2c ../../../../lib/libtock-newlib-4.3.0.20230120/arm/arm-none-eabi/lib/thumb/v6-m/nofp/libc.a(libc_a-impure.o)
 .ARM.attributes
                0x00000258       0x2c ../../../../lib/libtock-newlib-4.3.0.20230120/arm/arm-none-eabi/lib/thumb/v6-m/nofp/libc.a(libc_a-mlock.o)
 .ARM.attributes
                0x00000284       0x2c ../../../../lib/libtock-newlib-4.3.0.20230120/arm/arm-none-eabi/lib/thumb/v6-m/nofp/libc.a(libc_a-exit.o)
 .ARM.attributes
                0x000002b0       0x2c ../../../../lib/libtock-newlib-4.3.0.20230120/arm/arm-none-eabi/lib/thumb/v6-m/nofp/libc.a(libc_a-memcpy-stub.o)
 .ARM.attributes
                0x000002dc       0x2c ../../../../lib/libtock-newlib-4.3.0.20230120/arm/arm-none-eabi/lib/thumb/v6-m/nofp/libc.a(libc_a-printf.o)
 .ARM.attributes
                0x00000308       0x2c ../../../../lib/libtock-newlib-4.3.0.20230120/arm/arm-none-eabi/lib/thumb/v6-m/nofp/libc.a(libc_a-nano-vfprintf.o)
 .ARM.attributes
                0x00000334       0x2c ../../../../lib/libtock-newlib-4.3.0.20230120/arm/arm-none-eabi/lib/thumb/v6-m/nofp/libc.a(libc_a-wbuf.o)
 .ARM.attributes
                0x00000360       0x2c ../../../../lib/libtock-newlib-4.3.0.20230120/arm/arm-none-eabi/lib/thumb/v6-m/nofp/libc.a(libc_a-stdio.o)
 .ARM.attributes
                0x0000038c       0x2c ../../../../lib/libtock-newlib-4.3.0.20230120/arm/arm-none-eabi/lib/thumb/v6-m/nofp/libc.a(libc_a-sbrkr.o)
 .ARM.attributes
                0x000003b8       0x2c ../../../../lib/libtock-newlib-4.3.0.20230120/arm/arm-none-eabi/lib/thumb/v6-m/nofp/libc.a(libc_a-fvwrite.o)
 .ARM.attributes
                0x000003e4       0x2c ../../../../lib/libtock-newlib-4.3.0.20230120/arm/arm-none-eabi/lib/thumb/v6-m/nofp/libc.a(libc_a-wsetup.o)
 .ARM.attributes
                0x00000410       0x2c ../../../../lib/libtock-newlib-4.3.0.20230120/arm/arm-none-eabi/lib/thumb/v6-m/nofp/libc.a(libc_a-reent.o)
 .ARM.attributes
                0x0000043c       0x2c ../../../../lib/libtock-newlib-4.3.0.20230120/arm/arm-none-eabi/lib/thumb/v6-m/nofp/libc.a(libc_a-memchr-stub.o)
 .ARM.attributes
                0x00000468       0x2c ../../../../lib/libtock-newlib-4.3.0.20230120/arm/arm-none-eabi/lib/thumb/v6-m/nofp/libc.a(libc_a-readr.o)
 .ARM.attributes
                0x00000494       0x2c ../../../../lib/libtock-newlib-4.3.0.20230120/arm/arm-none-eabi/lib/thumb/v6-m/nofp/libc.a(libc_a-closer.o)
 .ARM.attributes
                0x000004c0       0x2c ../../../../lib/libtock-newlib-4.3.0.20230120/arm/arm-none-eabi/lib/thumb/v6-m/nofp/libc.a(libc_a-reallocr.o)
 .ARM.attributes
                0x000004ec       0x2c ../../../../lib/libtock-newlib-4.3.0.20230120/arm/arm-none-eabi/lib/thumb/v6-m/nofp/libc.a(libc_a-nano-vfprintf_i.o)
 .ARM.attributes
                0x00000518       0x2c ../../../../lib/libtock-newlib-4.3.0.20230120/arm/arm-none-eabi/lib/thumb/v6-m/nofp/libc.a(libc_a-makebuf.o)
 .ARM.attributes
                0x00000544       0x2c ../../../../lib/libtock-newlib-4.3.0.20230120/arm/arm-none-eabi/lib/thumb/v6-m/nofp/libc.a(libc_a-memmove.o)
 .ARM.attributes
                0x00000570       0x2c ../../../../lib/libtock-newlib-4.3.0.20230120/arm/arm-none-eabi/lib/thumb/v6-m/nofp/libc.a(libc_a-fstatr.o)
 .ARM.attributes
                0x0000059c       0x2c ../../../../lib/libtock-newlib-4.3.0.20230120/arm/arm-none-eabi/lib/thumb/v6-m/nofp/libc.a(libc_a-lseekr.o)
 .ARM.attributes
                0x000005c8       0x2c ../../../../lib/libtock-newlib-4.3.0.20230120/arm/arm-none-eabi/lib/thumb/v6-m/nofp/libc.a(libc_a-writer.o)
 .ARM.attributes
                0x000005f4       0x2c ../../../../lib/libtock-newlib-4.3.0.20230120/arm/arm-none-eabi/lib/thumb/v6-m/nofp/libc.a(libc_a-msizer.o)
 .ARM.attributes
                0x00000620       0x2c ../../../../lib/libtock-newlib-4.3.0.20230120/arm/arm-none-eabi/lib/thumb/v6-m/nofp/libc.a(libc_a-isattyr.o)
 .ARM.attributes
                0x0000064c       0x1e ../../../../lib/libtock-libc++-13.2.0/arm/lib/gcc/arm-none-eabi/13.2.0/thumb/v6-m/nofp/libgcc.a(_thumb1_case_uqi.o)
 .ARM.attributes
                0x0000066a       0x1e ../../../../lib/libtock-libc++-13.2.0/arm/lib/gcc/arm-none-eabi/13.2.0/thumb/v6-m/nofp/libgcc.a(_thumb1_case_shi.o)
 .ARM.attributes
                0x00000688       0x1e ../../../../lib/libtock-libc++-13.2.0/arm/lib/gcc/arm-none-eabi/13.2.0/thumb/v6-m/nofp/libgcc.a(_udivsi3.o)
 .ARM.attributes
                0x000006a6       0x1e ../../../../lib/libtock-libc++-13.2.0/arm/lib/gcc/arm-none-eabi/13.2.0/thumb/v6-m/nofp/libgcc.a(_divsi3.o)
 .ARM.attributes
                0x000006c4       0x1e ../../../../lib/libtock-libc++-13.2.0/arm/lib/gcc/arm-none-eabi/13.2.0/thumb/v6-m/nofp/libgcc.a(_dvmd_tls.o)
 .ARM.attributes
                0x000006e2       0x2c ../../../../libtock/build/cortex-m0/libtock.a(sys.o)
 .ARM.attributes
                0x0000070e       0x2c ../../../../libtock/build/cortex-m0/libtock.a(alarm.o)
 .ARM.attributes
                0x0000073a       0x2c ../../../../libtock/build/cortex-m0/libtock.a(alarm_syscalls.o)
 .ARM.attributes
                0x00000766       0x2c ../../../../libtock-sync/build/cortex-m0/libtocksync.a(sys.o)
 .ARM.attributes
                0x00000792       0x2c ../../../../libtock-sync/build/cortex-m0/libtocksync.a(console.o)
 .ARM.attributes
                0x000007be       0x2c ../../../../lib/libtock-newlib-4.3.0.20230120/arm/arm-none-eabi/lib/thumb/v6-m/nofp/libc.a(libc_a-assert.o)
 .ARM.attributes
                0x000007ea       0x2c ../../../../lib/libtock-newlib-4.3.0.20230120/arm/arm-none-eabi/lib/thumb/v6-m/nofp/libc.a(libc_a-errno.o)
 .ARM.attributes
                0x00000816       0x2c ../../../../lib/libtock-newlib-4.3.0.20230120/arm/arm-none-eabi/lib/thumb/v6-m/nofp/libc.a(libc_a-abort.o)
 .ARM.attributes
                0x00000842       0x2c ../../../../lib/libtock-newlib-4.3.0.20230120/arm/arm-none-eabi/lib/thumb/v6-m/nofp/libc.a(libc_a-fprintf.o)
 .ARM.attributes
                0x0000086e       0x2c ../../../../lib/libtock-newlib-4.3.0.20230120/arm/arm-none-eabi/lib/thumb/v6-m/nofp/libc.a(libc_a-signal.o)
 .ARM.attributes
                0x0000089a       0x2c ../../../../lib/libtock-newlib-4.3.0.20230120/arm/arm-none-eabi/lib/thumb/v6-m/nofp/libc.a(libc_a-signalr.o)
 .ARM.attributes
                0x000008c6       0x1e ../../../../lib/libtock-libc++-13.2.0/arm/lib/gcc/arm-none-eabi/13.2.0/thumb/v6-m/nofp/libgcc.a(_aeabi_ldivmod.o)
 .ARM.attributes
                0x000008e4       0x1e ../../../../lib/libtock-libc++-13.2.0/arm/lib/gcc/arm-none-eabi/13.2.0/thumb/v6-m/nofp/libgcc.a(_aeabi_uldivmod.o)
 .ARM.attributes
                0x00000902       0x2c ../../../../lib/libtock-libc++-13.2.0/arm/lib/gcc/arm-none-eabi/13.2.0/thumb/v6-m/nofp/libgcc.a(_muldi3.o)
 .ARM.attributes
                0x0000092e       0x2c ../../../../lib/libtock-libc++-13.2.0/arm/lib/gcc/arm-none-eabi/13.2.0/thumb/v6-m/nofp/libgcc.a(_udivmoddi4.o)
 .ARM.attributes
                0x0000095a       0x2c ../../../../lib/libtock-libc++-13.2.0/arm/lib/gcc/arm-none-eabi/13.2.0/thumb/v6-m/nofp/libgcc.a(bpabi.o)
 .ARM.attributes
                0x00000986       0x1e ../../../../lib/libtock-libc++-13.2.0/arm/lib/gcc/arm-none-eabi/13.2.0/thumb/v6-m/nofp/libgcc.a(_lshrdi3.o)
 .ARM.attributes
                0x000009a4       0x1e ../../../../lib/libtock-libc++-13.2.0/arm/lib/gcc/arm-none-eabi/13.2.0/thumb/v6-m/nofp/libgcc.a(_ashldi3.o)
 .ARM.attributes
                0x000009c2       0x1e ../../../../lib/libtock-libc++-13.2.0/arm/lib/gcc/arm-none-eabi/13.2.0/thumb/v6-m/nofp/libgcc.a(_clzdi2.o)
 .ARM.attributes
                0x000009e0       0x2c ../../../../lib/libtock-libc++-13.2.0/arm/lib/gcc/arm-none-eabi/13.2.0/thumb/v6-m/nofp/libgcc.a(_divdi3.o)
 .ARM.attributes
                0x00000a0c       0x1e ../../../../lib/libtock-libc++-13.2.0/arm/lib/gcc/arm-none-eabi/13.2.0/thumb/v6-m/nofp/libgcc.a(_clzsi2.o)
 .ARM.attributes
                0x00000a2a       0x2c ../../../../libtock/build/cortex-m0/libtock.a(console.o)
 .ARM.attributes
                0x00000a56       0x2c ../../../../libtock/build/cortex-m0/libtock.a(console_syscalls.o)

.debug_info     0x00000000    0x18ab2
 .debug_info    0x00000000      0x35b build/cortex-m0/main.o
 .debug_info    0x0000035b      0x667 ../../../../libtock/build/cortex-m0/libtock.a(crt0.o)
 .debug_info    0x000009c2      0x930 ../../../../libtock/build/cortex-m0/libtock.a(ipc.o)
 .debug_info    0x000012f2     0x1507 ../../../../libtock/build/cortex-m0/libtock.a(tock.o)
 .debug_info    0x000027f9      0x47e ../../../../libtock-sync/build/cortex-m0/libtocksync.a(alarm.o)
 .debug_info    0x00002c77      0x909 ../../../../lib/libtock-newlib-4.3.0.20230120/arm/arm-none-eabi/lib/thumb/v6-m/nofp/libc.a(libc_a-puts.o)
 .debug_info    0x00003580      0xe50 ../../../../lib/libtock-newlib-4.3.0.20230120/arm/arm-none-eabi/lib/thumb/v6-m/nofp/libc.a(libc_a-findfp.o)
 .debug_info    0x000043d0      0x9a1 ../../../../lib/libtock-newlib-4.3.0.20230120/arm/arm-none-eabi/lib/thumb/v6-m/nofp/libc.a(libc_a-fflush.o)
 .debug_info    0x00004d71      0x9b7 ../../../../lib/libtock-newlib-4.3.0.20230120/arm/arm-none-eabi/lib/thumb/v6-m/nofp/libc.a(libc_a-mallocr.o)
 .debug_info    0x00005728      0x840 ../../../../lib/libtock-newlib-4.3.0.20230120/arm/arm-none-eabi/lib/thumb/v6-m/nofp/libc.a(libc_a-freer.o)
 .debug_info    0x00005f68       0xe0 ../../../../lib/libtock-newlib-4.3.0.20230120/arm/arm-none-eabi/lib/thumb/v6-m/nofp/libc.a(libc_a-memset.o)
 .debug_info    0x00006048      0x7cd ../../../../lib/libtock-newlib-4.3.0.20230120/arm/arm-none-eabi/lib/thumb/v6-m/nofp/libc.a(libc_a-fwalk.o)
 .debug_info    0x00006815       0x31 ../../../../lib/libtock-newlib-4.3.0.20230120/arm/arm-none-eabi/lib/thumb/v6-m/nofp/libc.a(libc_a-strlen.o)
 .debug_info    0x00006846      0x70b ../../../../lib/libtock-newlib-4.3.0.20230120/arm/arm-none-eabi/lib/thumb/v6-m/nofp/libc.a(libc_a-impure.o)
 .debug_info    0x00006f51      0x71c ../../../../lib/libtock-newlib-4.3.0.20230120/arm/arm-none-eabi/lib/thumb/v6-m/nofp/libc.a(libc_a-mlock.o)
 .debug_info    0x0000766d      0x11b ../../../../lib/libtock-newlib-4.3.0.20230120/arm/arm-none-eabi/lib/thumb/v6-m/nofp/libc.a(libc_a-exit.o)
 .debug_info    0x00007788      0x11b ../../../../lib/libtock-newlib-4.3.0.20230120/arm/arm-none-eabi/lib/thumb/v6-m/nofp/libc.a(libc_a-memcpy-stub.o)
 .debug_info    0x000078a3      0x831 ../../../../lib/libtock-newlib-4.3.0.20230120/arm/arm-none-eabi/lib/thumb/v6-m/nofp/libc.a(libc_a-printf.o)
 .debug_info    0x000080d4     0x102b ../../../../lib/libtock-newlib-4.3.0.20230120/arm/arm-none-eabi/lib/thumb/v6-m/nofp/libc.a(libc_a-nano-vfprintf.o)
 .debug_info    0x000090ff      0x85e ../../../../lib/libtock-newlib-4.3.0.20230120/arm/arm-none-eabi/lib/thumb/v6-m/nofp/libc.a(libc_a-wbuf.o)
 .debug_info    0x0000995d      0xa4e ../../../../lib/libtock-newlib-4.3.0.20230120/arm/arm-none-eabi/lib/thumb/v6-m/nofp/libc.a(libc_a-stdio.o)
 .debug_info    0x0000a3ab      0x772 ../../../../lib/libtock-newlib-4.3.0.20230120/arm/arm-none-eabi/lib/thumb/v6-m/nofp/libc.a(libc_a-sbrkr.o)
 .debug_info    0x0000ab1d      0xb2f ../../../../lib/libtock-newlib-4.3.0.20230120/arm/arm-none-eabi/lib/thumb/v6-m/nofp/libc.a(libc_a-fvwrite.o)
 .debug_info    0x0000b64c      0x7b1 ../../../../lib/libtock-newlib-4.3.0.20230120/arm/arm-none-eabi/lib/thumb/v6-m/nofp/libc.a(libc_a-wsetup.o)
 .debug_info    0x0000bdfd      0x84a ../../../../lib/libtock-newlib-4.3.0.20230120/arm/arm-none-eabi/lib/thumb/v6-m/nofp/libc.a(libc_a-reent.o)
 .debug_info    0x0000c647      0x110 ../../../../lib/libtock-newlib-4.3.0.20230120/arm/arm-none-eabi/lib/thumb/v6-m/nofp/libc.a(libc_a-memchr-stub.o)
 .debug_info    0x0000c757      0x7a3 ../../../../lib/libtock-newlib-4.3.0.20230120/arm/arm-none-eabi/lib/thumb/v6-m/nofp/libc.a(libc_a-readr.o)
 .debug_info    0x0000cefa      0x74c ../../../../lib/libtock-newlib-4.3.0.20230120/arm/arm-none-eabi/lib/thumb/v6-m/nofp/libc.a(libc_a-closer.o)
 .debug_info    0x0000d646      0x8a2 ../../../../lib/libtock-newlib-4.3.0.20230120/arm/arm-none-eabi/lib/thumb/v6-m/nofp/libc.a(libc_a-reallocr.o)
 .debug_info    0x0000dee8      0xe00 ../../../../lib/libtock-newlib-4.3.0.20230120/arm/arm-none-eabi/lib/thumb/v6-m/nofp/libc.a(libc_a-nano-vfprintf_i.o)
 .debug_info    0x0000ece8      0xb0c ../../../../lib/libtock-newlib-4.3.0.20230120/arm/arm-none-eabi/lib/thumb/v6-m/nofp/libc.a(libc_a-makebuf.o)
 .debug_info    0x0000f7f4      0x109 ../../../../lib/libtock-newlib-4.3.0.20230120/arm/arm-none-eabi/lib/thumb/v6-m/nofp/libc.a(libc_a-memmove.o)
 .debug_info    0x0000f8fd      0x96b ../../../../lib/libtock-newlib-4.3.0.20230120/arm/arm-none-eabi/lib/thumb/v6-m/nofp/libc.a(libc_a-fstatr.o)
 .debug_info    0x00010268      0x78c ../../../../lib/libtock-newlib-4.3.0.20230120/arm/arm-none-eabi/lib/thumb/v6-m/nofp/libc.a(libc_a-lseekr.o)
 .debug_info    0x000109f4      0x7a9 ../../../../lib/libtock-newlib-4.3.0.20230120/arm/arm-none-eabi/lib/thumb/v6-m/nofp/libc.a(libc_a-writer.o)
 .debug_info    0x0001119d      0x78a ../../../../lib/libtock-newlib-4.3.0.20230120/arm/arm-none-eabi/lib/thumb/v6-m/nofp/libc.a(libc_a-msizer.o)
 .debug_info    0x00011927      0x74c ../../../../lib/libtock-newlib-4.3.0.20230120/arm/arm-none-eabi/lib/thumb/v6-m/nofp/libc.a(libc_a-isattyr.o)
 .debug_info    0x00012073       0x31 ../../../../lib/libtock-libc++-13.2.0/arm/lib/gcc/arm-none-eabi/13.2.0/thumb/v6-m/nofp/libgcc.a(_thumb1_case_uqi.o)
 .debug_info    0x000120a4       0x31 ../../../../lib/libtock-libc++-13.2.0/arm/lib/gcc/arm-none-eabi/13.2.0/thumb/v6-m/nofp/libgcc.a(_thumb1_case_shi.o)
 .debug_info    0x000120d5       0x3d ../../../../lib/libtock-libc++-13.2.0/arm/lib/gcc/arm-none-eabi/13.2.0/thumb/v6-m/nofp/libgcc.a(_udivsi3.o)
 .debug_info    0x00012112       0x3e ../../../../lib/libtock-libc++-13.2.0/arm/lib/gcc/arm-none-eabi/13.2.0/thumb/v6-m/nofp/libgcc.a(_divsi3.o)
 .debug_info    0x00012150       0x3c ../../../../lib/libtock-libc++-13.2.0/arm/lib/gcc/arm-none-eabi/13.2.0/thumb/v6-m/nofp/libgcc.a(_dvmd_tls.o)
 .debug_info    0x0001218c      0x6b8 ../../../../libtock/build/cortex-m0/libtock.a(sys.o)
 .debug_info    0x00012844     0x1077 ../../../../libtock/build/cortex-m0/libtock.a(alarm.o)
 .debug_info    0x000138bb      0x646 ../../../../libtock/build/cortex-m0/libtock.a(alarm_syscalls.o)
 .debug_info    0x00013f01      0x1ef ../../../../libtock-sync/build/cortex-m0/libtocksync.a(sys.o)
 .debug_info    0x000140f0      0x39b ../../../../libtock-sync/build/cortex-m0/libtocksync.a(console.o)
 .debug_info    0x0001448b      0x80a ../../../../lib/libtock-newlib-4.3.0.20230120/arm/arm-none-eabi/lib/thumb/v6-m/nofp/libc.a(libc_a-assert.o)
 .debug_info    0x00014c95      0x6f1 ../../../../lib/libtock-newlib-4.3.0.20230120/arm/arm-none-eabi/lib/thumb/v6-m/nofp/libc.a(libc_a-errno.o)
 .debug_info    0x00015386       0xd8 ../../../../lib/libtock-newlib-4.3.0.20230120/arm/arm-none-eabi/lib/thumb/v6-m/nofp/libc.a(libc_a-abort.o)
 .debug_info    0x0001545e      0x84b ../../../../lib/libtock-newlib-4.3.0.20230120/arm/arm-none-eabi/lib/thumb/v6-m/nofp/libc.a(libc_a-fprintf.o)
 .debug_info    0x00015ca9      0x9e7 ../../../../lib/libtock-newlib-4.3.0.20230120/arm/arm-none-eabi/lib/thumb/v6-m/nofp/libc.a(libc_a-signal.o)
 .debug_info    0x00016690      0x7d7 ../../../../lib/libtock-newlib-4.3.0.20230120/arm/arm-none-eabi/lib/thumb/v6-m/nofp/libc.a(libc_a-signalr.o)
 .debug_info    0x00016e67       0x31 ../../../../lib/libtock-libc++-13.2.0/arm/lib/gcc/arm-none-eabi/13.2.0/thumb/v6-m/nofp/libgcc.a(_aeabi_ldivmod.o)
 .debug_info    0x00016e98       0x31 ../../../../lib/libtock-libc++-13.2.0/arm/lib/gcc/arm-none-eabi/13.2.0/thumb/v6-m/nofp/libgcc.a(_aeabi_uldivmod.o)
 .debug_info    0x00016ec9      0x42c ../../../../lib/libtock-libc++-13.2.0/arm/lib/gcc/arm-none-eabi/13.2.0/thumb/v6-m/nofp/libgcc.a(_muldi3.o)
 .debug_info    0x000172f5      0x3e7 ../../../../lib/libtock-libc++-13.2.0/arm/lib/gcc/arm-none-eabi/13.2.0/thumb/v6-m/nofp/libgcc.a(_udivmoddi4.o)
 .debug_info    0x000176dc       0xf0 ../../../../lib/libtock-libc++-13.2.0/arm/lib/gcc/arm-none-eabi/13.2.0/thumb/v6-m/nofp/libgcc.a(bpabi.o)
 .debug_info    0x000177cc       0x3c ../../../../lib/libtock-libc++-13.2.0/arm/lib/gcc/arm-none-eabi/13.2.0/thumb/v6-m/nofp/libgcc.a(_lshrdi3.o)
 .debug_info    0x00017808       0x3c ../../../../lib/libtock-libc++-13.2.0/arm/lib/gcc/arm-none-eabi/13.2.0/thumb/v6-m/nofp/libgcc.a(_ashldi3.o)
 .debug_info    0x00017844       0x24 ../../../../lib/libtock-libc++-13.2.0/arm/lib/gcc/arm-none-eabi/13.2.0/thumb/v6-m/nofp/libgcc.a(_clzdi2.o)
 .debug_info    0x00017868      0x515 ../../../../lib/libtock-libc++-13.2.0/arm/lib/gcc/arm-none-eabi/13.2.0/thumb/v6-m/nofp/libgcc.a(_divdi3.o)
 .debug_info    0x00017d7d       0x31 ../../../../lib/libtock-libc++-13.2.0/arm/lib/gcc/arm-none-eabi/13.2.0/thumb/v6-m/nofp/libgcc.a(_clzsi2.o)
 .debug_info    0x00017dae      0x486 ../../../../libtock/build/cortex-m0/libtock.a(console.o)
 .debug_info    0x00018234      0x87e ../../../../libtock/build/cortex-m0/libtock.a(console_syscalls.o)

.debug_abbrev   0x00000000     0x6396
 .debug_abbrev  0x00000000      0x199 build/cortex-m0/main.o
 .debug_abbrev  0x00000199      0x1fe ../../../../libtock/build/cortex-m0/libtock.a(crt0.o)
 .debug_abbrev  0x00000397      0x1a5 ../../../../libtock/build/cortex-m0/libtock.a(ipc.o)
 .debug_abbrev  0x0000053c      0x3b8 ../../../../libtock/build/cortex-m0/libtock.a(tock.o)
 .debug_abbrev  0x000008f4      0x1e0 ../../../../libtock-sync/build/cortex-m0/libtocksync.a(alarm.o)
 .debug_abbrev  0x00000ad4      0x280 ../../../../lib/libtock-newlib-4.3.0.20230120/arm/arm-none-eabi/lib/thumb/v6-m/nofp/libc.a(libc_a-puts.o)
 .debug_abbrev  0x00000d54      0x415 ../../../../lib/libtock-newlib-4.3.0.20230120/arm/arm-none-eabi/lib/thumb/v6-m/nofp/libc.a(libc_a-findfp.o)
 .debug_abbrev  0x00001169      0x298 ../../../../lib/libtock-newlib-4.3.0.20230120/arm/arm-none-eabi/lib/thumb/v6-m/nofp/libc.a(libc_a-fflush.o)
 .debug_abbrev  0x00001401      0x241 ../../../../lib/libtock-newlib-4.3.0.20230120/arm/arm-none-eabi/lib/thumb/v6-m/nofp/libc.a(libc_a-mallocr.o)
 .debug_abbrev  0x00001642      0x233 ../../../../lib/libtock-newlib-4.3.0.20230120/arm/arm-none-eabi/lib/thumb/v6-m/nofp/libc.a(libc_a-freer.o)
 .debug_abbrev  0x00001875       0x9e ../../../../lib/libtock-newlib-4.3.0.20230120/arm/arm-none-eabi/lib/thumb/v6-m/nofp/libc.a(libc_a-memset.o)
 .debug_abbrev  0x00001913      0x19e ../../../../lib/libtock-newlib-4.3.0.20230120/arm/arm-none-eabi/lib/thumb/v6-m/nofp/libc.a(libc_a-fwalk.o)
 .debug_abbrev  0x00001ab1       0x28 ../../../../lib/libtock-newlib-4.3.0.20230120/arm/arm-none-eabi/lib/thumb/v6-m/nofp/libc.a(libc_a-strlen.o)
 .debug_abbrev  0x00001ad9      0x149 ../../../../lib/libtock-newlib-4.3.0.20230120/arm/arm-none-eabi/lib/thumb/v6-m/nofp/libc.a(libc_a-impure.o)
 .debug_abbrev  0x00001c22      0x192 ../../../../lib/libtock-newlib-4.3.0.20230120/arm/arm-none-eabi/lib/thumb/v6-m/nofp/libc.a(libc_a-mlock.o)
 .debug_abbrev  0x00001db4       0xd8 ../../../../lib/libtock-newlib-4.3.0.20230120/arm/arm-none-eabi/lib/thumb/v6-m/nofp/libc.a(libc_a-exit.o)
 .debug_abbrev  0x00001e8c       0xc1 ../../../../lib/libtock-newlib-4.3.0.20230120/arm/arm-none-eabi/lib/thumb/v6-m/nofp/libc.a(libc_a-memcpy-stub.o)
 .debug_abbrev  0x00001f4d      0x21a ../../../../lib/libtock-newlib-4.3.0.20230120/arm/arm-none-eabi/lib/thumb/v6-m/nofp/libc.a(libc_a-printf.o)
 .debug_abbrev  0x00002167      0x2f4 ../../../../lib/libtock-newlib-4.3.0.20230120/arm/arm-none-eabi/lib/thumb/v6-m/nofp/libc.a(libc_a-nano-vfprintf.o)
 .debug_abbrev  0x0000245b      0x221 ../../../../lib/libtock-newlib-4.3.0.20230120/arm/arm-none-eabi/lib/thumb/v6-m/nofp/libc.a(libc_a-wbuf.o)
 .debug_abbrev  0x0000267c      0x206 ../../../../lib/libtock-newlib-4.3.0.20230120/arm/arm-none-eabi/lib/thumb/v6-m/nofp/libc.a(libc_a-stdio.o)
 .debug_abbrev  0x00002882      0x1da ../../../../lib/libtock-newlib-4.3.0.20230120/arm/arm-none-eabi/lib/thumb/v6-m/nofp/libc.a(libc_a-sbrkr.o)
 .debug_abbrev  0x00002a5c      0x23a ../../../../lib/libtock-newlib-4.3.0.20230120/arm/arm-none-eabi/lib/thumb/v6-m/nofp/libc.a(libc_a-fvwrite.o)
 .debug_abbrev  0x00002c96      0x1e2 ../../../../lib/libtock-newlib-4.3.0.20230120/arm/arm-none-eabi/lib/thumb/v6-m/nofp/libc.a(libc_a-wsetup.o)
 .debug_abbrev  0x00002e78      0x1ea ../../../../lib/libtock-newlib-4.3.0.20230120/arm/arm-none-eabi/lib/thumb/v6-m/nofp/libc.a(libc_a-reent.o)
 .debug_abbrev  0x00003062       0xb1 ../../../../lib/libtock-newlib-4.3.0.20230120/arm/arm-none-eabi/lib/thumb/v6-m/nofp/libc.a(libc_a-memchr-stub.o)
 .debug_abbrev  0x00003113      0x1b0 ../../../../lib/libtock-newlib-4.3.0.20230120/arm/arm-none-eabi/lib/thumb/v6-m/nofp/libc.a(libc_a-readr.o)
 .debug_abbrev  0x000032c3      0x1b0 ../../../../lib/libtock-newlib-4.3.0.20230120/arm/arm-none-eabi/lib/thumb/v6-m/nofp/libc.a(libc_a-closer.o)
 .debug_abbrev  0x00003473      0x209 ../../../../lib/libtock-newlib-4.3.0.20230120/arm/arm-none-eabi/lib/thumb/v6-m/nofp/libc.a(libc_a-reallocr.o)
 .debug_abbrev  0x0000367c      0x296 ../../../../lib/libtock-newlib-4.3.0.20230120/arm/arm-none-eabi/lib/thumb/v6-m/nofp/libc.a(libc_a-nano-vfprintf_i.o)
 .debug_abbrev  0x00003912      0x293 ../../../../lib/libtock-newlib-4.3.0.20230120/arm/arm-none-eabi/lib/thumb/v6-m/nofp/libc.a(libc_a-makebuf.o)
 .debug_abbrev  0x00003ba5       0xac ../../../../lib/libtock-newlib-4.3.0.20230120/arm/arm-none-eabi/lib/thumb/v6-m/nofp/libc.a(libc_a-memmove.o)
 .debug_abbrev  0x00003c51      0x1c3 ../../../../lib/libtock-newlib-4.3.0.20230120/arm/arm-none-eabi/lib/thumb/v6-m/nofp/libc.a(libc_a-fstatr.o)
 .debug_abbrev  0x00003e14      0x1c4 ../../../../lib/libtock-newlib-4.3.0.20230120/arm/arm-none-eabi/lib/thumb/v6-m/nofp/libc.a(libc_a-lseekr.o)
 .debug_abbrev  0x00003fd8      0x1b5 ../../../../lib/libtock-newlib-4.3.0.20230120/arm/arm-none-eabi/lib/thumb/v6-m/nofp/libc.a(libc_a-writer.o)
 .debug_abbrev  0x0000418d      0x196 ../../../../lib/libtock-newlib-4.3.0.20230120/arm/arm-none-eabi/lib/thumb/v6-m/nofp/libc.a(libc_a-msizer.o)
 .debug_abbrev  0x00004323      0x1b0 ../../../../lib/libtock-newlib-4.3.0.20230120/arm/arm-none-eabi/lib/thumb/v6-m/nofp/libc.a(libc_a-isattyr.o)
 .debug_abbrev  0x000044d3       0x28 ../../../../lib/libtock-libc++-13.2.0/arm/lib/gcc/arm-none-eabi/13.2.0/thumb/v6-m/nofp/libgcc.a(_thumb1_case_uqi.o)
 .debug_abbrev  0x000044fb       0x28 ../../../../lib/libtock-libc++-13.2.0/arm/lib/gcc/arm-none-eabi/13.2.0/thumb/v6-m/nofp/libgcc.a(_thumb1_case_shi.o)
 .debug_abbrev  0x00004523       0x28 ../../../../lib/libtock-libc++-13.2.0/arm/lib/gcc/arm-none-eabi/13.2.0/thumb/v6-m/nofp/libgcc.a(_udivsi3.o)
 .debug_abbrev  0x0000454b       0x28 ../../../../lib/libtock-libc++-13.2.0/arm/lib/gcc/arm-none-eabi/13.2.0/thumb/v6-m/nofp/libgcc.a(_divsi3.o)
 .debug_abbrev  0x00004573       0x26 ../../../../lib/libtock-libc++-13.2.0/arm/lib/gcc/arm-none-eabi/13.2.0/thumb/v6-m/nofp/libgcc.a(_dvmd_tls.o)
 .debug_abbrev  0x00004599      0x231 ../../../../libtock/build/cortex-m0/libtock.a(sys.o)
 .debug_abbrev  0x000047ca      0x501 ../../../../libtock/build/cortex-m0/libtock.a(alarm.o)
 .debug_abbrev  0x00004ccb      0x162 ../../../../libtock/build/cortex-m0/libtock.a(alarm_syscalls.o)
 .debug_abbrev  0x00004e2d       0xff ../../../../libtock-sync/build/cortex-m0/libtocksync.a(sys.o)
 .debug_abbrev  0x00004f2c      0x183 ../../../../libtock-sync/build/cortex-m0/libtocksync.a(console.o)
 .debug_abbrev  0x000050af      0x1ea ../../../../lib/libtock-newlib-4.3.0.20230120/arm/arm-none-eabi/lib/thumb/v6-m/nofp/libc.a(libc_a-assert.o)
 .debug_abbrev  0x00005299      0x15e ../../../../lib/libtock-newlib-4.3.0.20230120/arm/arm-none-eabi/lib/thumb/v6-m/nofp/libc.a(libc_a-errno.o)
 .debug_abbrev  0x000053f7       0x99 ../../../../lib/libtock-newlib-4.3.0.20230120/arm/arm-none-eabi/lib/thumb/v6-m/nofp/libc.a(libc_a-abort.o)
 .debug_abbrev  0x00005490      0x21d ../../../../lib/libtock-newlib-4.3.0.20230120/arm/arm-none-eabi/lib/thumb/v6-m/nofp/libc.a(libc_a-fprintf.o)
 .debug_abbrev  0x000056ad      0x231 ../../../../lib/libtock-newlib-4.3.0.20230120/arm/arm-none-eabi/lib/thumb/v6-m/nofp/libc.a(libc_a-signal.o)
 .debug_abbrev  0x000058de      0x1ed ../../../../lib/libtock-newlib-4.3.0.20230120/arm/arm-none-eabi/lib/thumb/v6-m/nofp/libc.a(libc_a-signalr.o)
 .debug_abbrev  0x00005acb       0x28 ../../../../lib/libtock-libc++-13.2.0/arm/lib/gcc/arm-none-eabi/13.2.0/thumb/v6-m/nofp/libgcc.a(_aeabi_ldivmod.o)
 .debug_abbrev  0x00005af3       0x28 ../../../../lib/libtock-libc++-13.2.0/arm/lib/gcc/arm-none-eabi/13.2.0/thumb/v6-m/nofp/libgcc.a(_aeabi_uldivmod.o)
 .debug_abbrev  0x00005b1b      0x163 ../../../../lib/libtock-libc++-13.2.0/arm/lib/gcc/arm-none-eabi/13.2.0/thumb/v6-m/nofp/libgcc.a(_muldi3.o)
 .debug_abbrev  0x00005c7e      0x120 ../../../../lib/libtock-libc++-13.2.0/arm/lib/gcc/arm-none-eabi/13.2.0/thumb/v6-m/nofp/libgcc.a(_udivmoddi4.o)
 .debug_abbrev  0x00005d9e       0xc8 ../../../../lib/libtock-libc++-13.2.0/arm/lib/gcc/arm-none-eabi/13.2.0/thumb/v6-m/nofp/libgcc.a(bpabi.o)
 .debug_abbrev  0x00005e66       0x28 ../../../../lib/libtock-libc++-13.2.0/arm/lib/gcc/arm-none-eabi/13.2.0/thumb/v6-m/nofp/libgcc.a(_lshrdi3.o)
 .debug_abbrev  0x00005e8e       0x28 ../../../../lib/libtock-libc++-13.2.0/arm/lib/gcc/arm-none-eabi/13.2.0/thumb/v6-m/nofp/libgcc.a(_ashldi3.o)
 .debug_abbrev  0x00005eb6       0x14 ../../../../lib/libtock-libc++-13.2.0/arm/lib/gcc/arm-none-eabi/13.2.0/thumb/v6-m/nofp/libgcc.a(_clzdi2.o)
 .debug_abbrev  0x00005eca      0x1bc ../../../../lib/libtock-libc++-13.2.0/arm/lib/gcc/arm-none-eabi/13.2.0/thumb/v6-m/nofp/libgcc.a(_divdi3.o)
 .debug_abbrev  0x00006086       0x28 ../../../../lib/libtock-libc++-13.2.0/arm/lib/gcc/arm-none-eabi/13.2.0/thumb/v6-m/nofp/libgcc.a(_clzsi2.o)
 .debug_abbrev  0x000060ae      0x160 ../../../../libtock/build/cortex-m0/libtock.a(console.o)
 .debug_abbrev  0x0000620e      0x188 ../../../../libtock/build/cortex-m0/libtock.a(console_syscalls.o)

.debug_loc      0x00000000     0x3ec3
 .debug_loc     0x00000000       0xde build/cortex-m0/main.o
 .debug_loc     0x000000de      0x54e ../../../../libtock/build/cortex-m0/libtock.a(crt0.o)
 .debug_loc     0x0000062c      0x4fc ../../../../libtock/build/cortex-m0/libtock.a(ipc.o)
 .debug_loc     0x00000b28     0x10b1 ../../../../libtock/build/cortex-m0/libtock.a(tock.o)
 .debug_loc     0x00001bd9      0x1df ../../../../libtock-sync/build/cortex-m0/libtocksync.a(alarm.o)
 .debug_loc     0x00001db8      0x227 ../../../../libtock/build/cortex-m0/libtock.a(sys.o)
 .debug_loc     0x00001fdf     0x12c4 ../../../../libtock/build/cortex-m0/libtock.a(alarm.o)
 .debug_loc     0x000032a3      0x2ea ../../../../libtock/build/cortex-m0/libtock.a(alarm_syscalls.o)
 .debug_loc     0x0000358d       0xc7 ../../../../libtock-sync/build/cortex-m0/libtocksync.a(sys.o)
 .debug_loc     0x00003654      0x1ca ../../../../libtock-sync/build/cortex-m0/libtocksync.a(console.o)
 .debug_loc     0x0000381e      0x31d ../../../../libtock/build/cortex-m0/libtock.a(console.o)
 .debug_loc     0x00003b3b      0x388 ../../../../libtock/build/cortex-m0/libtock.a(console_syscalls.o)

.debug_aranges  0x00000000      0xbe0
 .debug_aranges
                0x00000000       0x28 build/cortex-m0/main.o
 .debug_aranges
                0x00000028       0x30 ../../../../libtock/build/cortex-m0/libtock.a(crt0.o)
 .debug_aranges
                0x00000058       0x48 ../../../../libtock/build/cortex-m0/libtock.a(ipc.o)
 .debug_aranges
                0x000000a0      0x128 ../../../../libtock/build/cortex-m0/libtock.a(tock.o)
 .debug_aranges
                0x000001c8       0x38 ../../../../libtock-sync/build/cortex-m0/libtocksync.a(alarm.o)
 .debug_aranges
                0x00000200       0x28 ../../../../lib/libtock-newlib-4.3.0.20230120/arm/arm-none-eabi/lib/thumb/v6-m/nofp/libc.a(libc_a-puts.o)
 .debug_aranges
                0x00000228       0x78 ../../../../lib/libtock-newlib-4.3.0.20230120/arm/arm-none-eabi/lib/thumb/v6-m/nofp/libc.a(libc_a-findfp.o)
 .debug_aranges
                0x000002a0       0x30 ../../../../lib/libtock-newlib-4.3.0.20230120/arm/arm-none-eabi/lib/thumb/v6-m/nofp/libc.a(libc_a-fflush.o)
 .debug_aranges
                0x000002d0       0x28 ../../../../lib/libtock-newlib-4.3.0.20230120/arm/arm-none-eabi/lib/thumb/v6-m/nofp/libc.a(libc_a-mallocr.o)
 .debug_aranges
                0x000002f8       0x20 ../../../../lib/libtock-newlib-4.3.0.20230120/arm/arm-none-eabi/lib/thumb/v6-m/nofp/libc.a(libc_a-freer.o)
 .debug_aranges
                0x00000318       0x20 ../../../../lib/libtock-newlib-4.3.0.20230120/arm/arm-none-eabi/lib/thumb/v6-m/nofp/libc.a(libc_a-memset.o)
 .debug_aranges
                0x00000338       0x20 ../../../../lib/libtock-newlib-4.3.0.20230120/arm/arm-none-eabi/lib/thumb/v6-m/nofp/libc.a(libc_a-fwalk.o)
 .debug_aranges
                0x00000358       0x20 ../../../../lib/libtock-newlib-4.3.0.20230120/arm/arm-none-eabi/lib/thumb/v6-m/nofp/libc.a(libc_a-strlen.o)
 .debug_aranges
                0x00000378       0x18 ../../../../lib/libtock-newlib-4.3.0.20230120/arm/arm-none-eabi/lib/thumb/v6-m/nofp/libc.a(libc_a-impure.o)
 .debug_aranges
                0x00000390       0x28 ../../../../lib/libtock-newlib-4.3.0.20230120/arm/arm-none-eabi/lib/thumb/v6-m/nofp/libc.a(libc_a-mlock.o)
 .debug_aranges
                0x000003b8       0x20 ../../../../lib/libtock-newlib-4.3.0.20230120/arm/arm-none-eabi/lib/thumb/v6-m/nofp/libc.a(libc_a-exit.o)
 .debug_aranges
                0x000003d8       0x20 ../../../../lib/libtock-newlib-4.3.0.20230120/arm/arm-none-eabi/lib/thumb/v6-m/nofp/libc.a(libc_a-memcpy-stub.o)
 .debug_aranges
                0x000003f8       0x28 ../../../../lib/libtock-newlib-4.3.0.20230120/arm/arm-none-eabi/lib/thumb/v6-m/nofp/libc.a(libc_a-printf.o)
 .debug_aranges
                0x00000420       0x40 ../../../../lib/libtock-newlib-4.3.0.20230120/arm/arm-none-eabi/lib/thumb/v6-m/nofp/libc.a(libc_a-nano-vfprintf.o)
 .debug_aranges
                0x00000460       0x28 ../../../../lib/libtock-newlib-4.3.0.20230120/arm/arm-none-eabi/lib/thumb/v6-m/nofp/libc.a(libc_a-wbuf.o)
 .debug_aranges
                0x00000488       0x40 ../../../../lib/libtock-newlib-4.3.0.20230120/arm/arm-none-eabi/lib/thumb/v6-m/nofp/libc.a(libc_a-stdio.o)
 .debug_aranges
                0x000004c8       0x20 ../../../../lib/libtock-newlib-4.3.0.20230120/arm/arm-none-eabi/lib/thumb/v6-m/nofp/libc.a(libc_a-sbrkr.o)
 .debug_aranges
                0x000004e8       0x20 ../../../../lib/libtock-newlib-4.3.0.20230120/arm/arm-none-eabi/lib/thumb/v6-m/nofp/libc.a(libc_a-fvwrite.o)
 .debug_aranges
                0x00000508       0x20 ../../../../lib/libtock-newlib-4.3.0.20230120/arm/arm-none-eabi/lib/thumb/v6-m/nofp/libc.a(libc_a-wsetup.o)
 .debug_aranges
                0x00000528       0x20 ../../../../lib/libtock-newlib-4.3.0.20230120/arm/arm-none-eabi/lib/thumb/v6-m/nofp/libc.a(libc_a-reent.o)
 .debug_aranges
                0x00000548       0x20 ../../../../lib/libtock-newlib-4.3.0.20230120/arm/arm-none-eabi/lib/thumb/v6-m/nofp/libc.a(libc_a-memchr-stub.o)
 .debug_aranges
                0x00000568       0x20 ../../../../lib/libtock-newlib-4.3.0.20230120/arm/arm-none-eabi/lib/thumb/v6-m/nofp/libc.a(libc_a-readr.o)
 .debug_aranges
                0x00000588       0x20 ../../../../lib/libtock-newlib-4.3.0.20230120/arm/arm-none-eabi/lib/thumb/v6-m/nofp/libc.a(libc_a-closer.o)
 .debug_aranges
                0x000005a8       0x20 ../../../../lib/libtock-newlib-4.3.0.20230120/arm/arm-none-eabi/lib/thumb/v6-m/nofp/libc.a(libc_a-reallocr.o)
 .debug_aranges
                0x000005c8       0x28 ../../../../lib/libtock-newlib-4.3.0.20230120/arm/arm-none-eabi/lib/thumb/v6-m/nofp/libc.a(libc_a-nano-vfprintf_i.o)
 .debug_aranges
                0x000005f0       0x28 ../../../../lib/libtock-newlib-4.3.0.20230120/arm/arm-none-eabi/lib/thumb/v6-m/nofp/libc.a(libc_a-makebuf.o)
 .debug_aranges
                0x00000618       0x20 ../../../../lib/libtock-newlib-4.3.0.20230120/arm/arm-none-eabi/lib/thumb/v6-m/nofp/libc.a(libc_a-memmove.o)
 .debug_aranges
                0x00000638       0x20 ../../../../lib/libtock-newlib-4.3.0.20230120/arm/arm-none-eabi/lib/thumb/v6-m/nofp/libc.a(libc_a-fstatr.o)
 .debug_aranges
                0x00000658       0x20 ../../../../lib/libtock-newlib-4.3.0.20230120/arm/arm-none-eabi/lib/thumb/v6-m/nofp/libc.a(libc_a-lseekr.o)
 .debug_aranges
                0x00000678       0x20 ../../../../lib/libtock-newlib-4.3.0.20230120/arm/arm-none-eabi/lib/thumb/v6-m/nofp/libc.a(libc_a-writer.o)
 .debug_aranges
                0x00000698       0x20 ../../../../lib/libtock-newlib-4.3.0.20230120/arm/arm-none-eabi/lib/thumb/v6-m/nofp/libc.a(libc_a-msizer.o)
 .debug_aranges
                0x000006b8       0x20 ../../../../lib/libtock-newlib-4.3.0.20230120/arm/arm-none-eabi/lib/thumb/v6-m/nofp/libc.a(libc_a-isattyr.o)
 .debug_aranges
                0x000006d8       0x20 ../../../../lib/libtock-libc++-13.2.0/arm/lib/gcc/arm-none-eabi/13.2.0/thumb/v6-m/nofp/libgcc.a(_thumb1_case_uqi.o)
 .debug_aranges
                0x000006f8       0x20 ../../../../lib/libtock-libc++-13.2.0/arm/lib/gcc/arm-none-eabi/13.2.0/thumb/v6-m/nofp/libgcc.a(_thumb1_case_shi.o)
 .debug_aranges
                0x00000718       0x20 ../../../../lib/libtock-libc++-13.2.0/arm/lib/gcc/arm-none-eabi/13.2.0/thumb/v6-m/nofp/libgcc.a(_udivsi3.o)
 .debug_aranges
                0x00000738       0x20 ../../../../lib/libtock-libc++-13.2.0/arm/lib/gcc/arm-none-eabi/13.2.0/thumb/v6-m/nofp/libgcc.a(_divsi3.o)
 .debug_aranges
                0x00000758       0x20 ../../../../lib/libtock-libc++-13.2.0/arm/lib/gcc/arm-none-eabi/13.2.0/thumb/v6-m/nofp/libgcc.a(_dvmd_tls.o)
 .debug_aranges
                0x00000778       0x70 ../../../../libtock/build/cortex-m0/libtock.a(sys.o)
 .debug_aranges
                0x000007e8       0x78 ../../../../libtock/build/cortex-m0/libtock.a(alarm.o)
 .debug_aranges
                0x00000860       0x50 ../../../../libtock/build/cortex-m0/libtock.a(alarm_syscalls.o)
 .debug_aranges
                0x000008b0       0x20 ../../../../libtock-sync/build/cortex-m0/libtocksync.a(sys.o)
 .debug_aranges
                0x000008d0       0x30 ../../../../libtock-sync/build/cortex-m0/libtocksync.a(console.o)
 .debug_aranges